******************************************************************************
             TMS320C2000 Linker PC v18.1.4                     
******************************************************************************
>> Linked Mon Jan 21 12:02:28 2019

OUTPUT FILE NAME:   <Project.out>
ENTRY POINT SYMBOL: "_c_int00"  address: 0001608d


MEMORY CONFIGURATION

         name            origin    length      used     unused   attr    fill
----------------------  --------  ---------  --------  --------  ----  --------
PAGE 0:
  BEGIN                 00000000   00000002  00000002  00000000  RWIX
  RAMM0                 00000122   000002de  0000028d  00000051  RWIX
  RAMD0                 0000b000   00000800  00000000  00000800  RWIX
  RAMGS2                0000f000   0000c000  000075c0  00004a40  RWIX
  RESET                 003fffc0   00000002  00000000  00000002  RWIX

PAGE 1:
  BOOT_RSVD             00000002   00000120  00000000  00000120  RWIX
  RAMM1                 00000400   00000400  00000200  00000200  RWIX
  ADCA_RESULT           00000b00   00000020  00000018  00000008  RWIX
  ADCB_RESULT           00000b20   00000020  00000018  00000008  RWIX
  ADCC_RESULT           00000b40   00000020  00000018  00000008  RWIX
  ADCD_RESULT           00000b60   00000020  00000018  00000008  RWIX
  CPU_TIMER0            00000c00   00000008  00000008  00000000  RWIX
  CPU_TIMER1            00000c08   00000008  00000008  00000000  RWIX
  CPU_TIMER2            00000c10   00000008  00000008  00000000  RWIX
  PIE_CTRL              00000ce0   00000020  0000001a  00000006  RWIX
  PIE_VECT              00000d00   00000200  000001c0  00000040  RWIX
  DMA                   00001000   00000200  000000e0  00000120  RWIX
  CLA1                  00001400   00000040  0000003e  00000002  RWIX
  EPWM1                 00004000   00000100  00000100  00000000  RWIX
  EPWM2                 00004100   00000100  00000100  00000000  RWIX
  EPWM3                 00004200   00000100  00000100  00000000  RWIX
  EPWM4                 00004300   00000100  00000100  00000000  RWIX
  EPWM5                 00004400   00000100  00000100  00000000  RWIX
  EPWM6                 00004500   00000100  00000100  00000000  RWIX
  EPWM7                 00004600   00000100  00000100  00000000  RWIX
  EPWM8                 00004700   00000100  00000100  00000000  RWIX
  EPWM9                 00004800   00000100  00000100  00000000  RWIX
  EPWM10                00004900   00000100  00000100  00000000  RWIX
  EPWM11                00004a00   00000100  00000100  00000000  RWIX
  EPWM12                00004b00   00000100  00000100  00000000  RWIX
  ECAP1                 00005000   00000020  00000020  00000000  RWIX
  ECAP2                 00005020   00000020  00000020  00000000  RWIX
  ECAP3                 00005040   00000020  00000020  00000000  RWIX
  ECAP4                 00005060   00000020  00000020  00000000  RWIX
  ECAP5                 00005080   00000020  00000020  00000000  RWIX
  ECAP6                 000050a0   00000020  00000020  00000000  RWIX
  EQEP1                 00005100   00000040  00000022  0000001e  RWIX
  EQEP2                 00005140   00000040  00000022  0000001e  RWIX
  EQEP3                 00005180   00000040  00000022  0000001e  RWIX
  DACA                  00005c00   00000010  00000008  00000008  RWIX
  DACB                  00005c10   00000010  00000008  00000008  RWIX
  DACC                  00005c20   00000010  00000008  00000008  RWIX
  CMPSS1                00005c80   00000020  00000020  00000000  RWIX
  CMPSS2                00005ca0   00000020  00000020  00000000  RWIX
  CMPSS3                00005cc0   00000020  00000020  00000000  RWIX
  CMPSS4                00005ce0   00000020  00000020  00000000  RWIX
  CMPSS5                00005d00   00000020  00000020  00000000  RWIX
  CMPSS6                00005d20   00000020  00000020  00000000  RWIX
  CMPSS7                00005d40   00000020  00000020  00000000  RWIX
  CMPSS8                00005d60   00000020  00000020  00000000  RWIX
  SDFM1                 00005e00   00000080  00000080  00000000  RWIX
  SDFM2                 00005e80   00000080  00000080  00000000  RWIX
  MCBSPA                00006000   00000040  00000024  0000001c  RWIX
  MCBSPB                00006040   00000040  00000024  0000001c  RWIX
  SPIA                  00006100   00000010  00000010  00000000  RWIX
  SPIB                  00006110   00000010  00000010  00000000  RWIX
  SPIC                  00006120   00000010  00000010  00000000  RWIX
  SPID                  00006130   00000010  00000000  00000010  RWIX
  UPP                   00006200   00000100  00000048  000000b8  RWIX
  WD                    00007000   00000040  0000002b  00000015  RWIX
  NMIINTRUPT            00007060   00000010  00000007  00000009  RWIX
  XINT                  00007070   00000010  0000000b  00000005  RWIX
  SCIA                  00007200   00000010  00000010  00000000  RWIX
  SCIB                  00007210   00000010  00000010  00000000  RWIX
  SCIC                  00007220   00000010  00000010  00000000  RWIX
  SCID                  00007230   00000010  00000010  00000000  RWIX
  I2CA                  00007300   00000040  00000022  0000001e  RWIX
  I2CB                  00007340   00000040  00000022  0000001e  RWIX
  ADCA                  00007400   00000080  00000080  00000000  RWIX
  ADCB                  00007480   00000080  00000080  00000000  RWIX
  ADCC                  00007500   00000080  00000080  00000000  RWIX
  ADCD                  00007580   00000080  00000080  00000000  RWIX
  INPUT_XBAR            00007900   00000020  00000020  00000000  RWIX
  XBAR                  00007920   00000020  00000020  00000000  RWIX
  SYNC_SOC              00007940   00000010  00000006  0000000a  RWIX
  DMACLASRCSEL          00007980   00000040  0000001a  00000026  RWIX
  EPWM_XBAR             00007a00   00000040  00000040  00000000  RWIX
  CLB_XBAR              00007a40   00000040  00000000  00000040  RWIX
  OUTPUT_XBAR           00007a80   00000040  00000040  00000000  RWIX
  GPIOCTRL              00007c00   00000180  00000180  00000000  RWIX
  GPIODAT               00007f00   00000030  00000030  00000000  RWIX
  RAMLS0_4              00008000   00002800  00000a6e  00001d92  RWIX
  RAMLS5                0000a800   00000800  00000000  00000800  RWIX
  RAMD1                 0000b800   00000800  00000000  00000800  RWIX
  RAMGS0                0000c000   00001000  00000000  00001000  RWIX
  RAMGS1                0000d000   00002000  00001efe  00000102  RWIX
  CPU2TOCPU1RAM         0003f800   00000400  00000000  00000400  RWIX
  CPU1TOCPU2RAM         0003fc00   00000400  00000088  00000378  RWIX
  EMIF1                 00047000   00000800  00000070  00000790  RWIX
  EMIF2                 00047800   00000800  00000070  00000790  RWIX
  CANA                  00048000   00000800  00000164  0000069c  RWIX
  CANA_MSG_RAM          00049000   00000800  00000000  00000800  RWIX
  CANB                  0004a000   00000800  00000164  0000069c  RWIX
  CANB_MSG_RAM          0004b000   00000800  00000000  00000800  RWIX
  IPC                   00050000   00000024  00000024  00000000  RWIX
  FLASHPUMPSEMAPHORE    00050024   00000002  00000002  00000000  RWIX
  DEV_CFG               0005d000   00000180  0000012e  00000052  RWIX
  ANALOG_SUBSYS         0005d180   00000080  00000048  00000038  RWIX
  CLK_CFG               0005d200   00000100  00000032  000000ce  RWIX
  CPU_SYS               0005d300   00000100  00000082  0000007e  RWIX
  ROMPREFETCH           0005e608   00000002  00000002  00000000  RWIX
  DCSM_Z1               0005f000   00000030  00000024  0000000c  RWIX
  DCSM_Z2               0005f040   00000030  00000024  0000000c  RWIX
  DCSM_COMMON           0005f070   00000010  00000008  00000008  RWIX
  MEMCFG                0005f400   00000080  00000080  00000000  RWIX
  EMIF1CONFIG           0005f480   00000020  00000020  00000000  RWIX
  EMIF2CONFIG           0005f4a0   00000020  00000020  00000000  RWIX
  ACCESSPROTECTION      0005f4c0   00000040  00000040  00000000  RWIX
  MEMORYERROR           0005f500   00000040  00000040  00000000  RWIX
  ROMWAITSTATE          0005f540   00000002  00000002  00000000  RWIX
  FLASH0_CTRL           0005f800   00000300  00000182  0000017e  RWIX
  FLASH0_ECC            0005fb00   00000040  00000028  00000018  RWIX
  DCSM_Z1_OTP           00078000   00000020  00000020  00000000  RWIX
  DCSM_Z2_OTP           00078200   00000020  00000020  00000000  RWIX


SECTION ALLOCATION MAP

 output                                  attributes/
section   page    origin      length       input sections
--------  ----  ----------  ----------   ----------------
codestart 
*          0    00000000    00000002     
                  00000000    00000002     F2837xD_CodeStartBranch.obj (codestart)

.cinit     0    00000122    00000285     
                  00000122    00000094     Bsp_Usart.obj (.cinit)
                  000001b6    00000090     F2837xD_struct.obj (.cinit)
                  00000246    00000046     usblib.lib : usbhostenum.obj (.cinit)
                  0000028c    00000041     Mod_StdbusMaster.obj (.cinit)
                  000002cd    00000041     Mod_StdbusSlave.obj (.cinit)
                  0000030e    00000014     Mod_Usb4000.obj (.cinit)
                  00000322    0000000f     Bsp_Dma.obj (.cinit)
                  00000331    0000000e     rts2800_fpu32.lib : exit.c.obj (.cinit)
                  0000033f    0000000e     usblib.lib : usbtick.obj (.cinit)
                  0000034d    0000000d                : usbmode.obj (.cinit)
                  0000035a    0000000b     Mod_UsbHost.obj (.cinit)
                  00000365    0000000a     Bsp_Timer.obj (.cinit)
                  0000036f    00000009     uartstdio.obj (.cinit)
                  00000378    00000008     Mod_StdbusCode.obj (.cinit)
                  00000380    00000007     Bsp_SoftTimer.obj (.cinit)
                  00000387    00000007     usbhspe.obj (.cinit)
                  0000038e    00000005     rts2800_fpu32.lib : _lock.c.obj (.cinit:__lock)
                  00000393    00000005                       : _lock.c.obj (.cinit:__unlock)
                  00000398    00000005     usblib.lib : usbdenum.obj (.cinit)
                  0000039d    00000004     F2837xD_sci_io.obj (.cinit)
                  000003a1    00000004     rts2800_fpu32.lib : errno.c.obj (.cinit)
                  000003a5    00000002     --HOLE-- [fill = 0]

.pinit     0    00000122    00000000     UNINITIALIZED

.reset     0    003fffc0    00000002     DSECT
                  003fffc0    00000002     rts2800_fpu32.lib : boot28.asm.obj (.reset)

.stack     1    00000400    00000200     UNINITIALIZED
                  00000400    00000200     --HOLE--

AdcaResultFile 
*          1    00000b00    00000018     UNINITIALIZED
                  00000b00    00000018     F2837xD_GlobalVariableDefs.obj (AdcaResultFile)

AdcbResultFile 
*          1    00000b20    00000018     UNINITIALIZED
                  00000b20    00000018     F2837xD_GlobalVariableDefs.obj (AdcbResultFile)

AdccResultFile 
*          1    00000b40    00000018     UNINITIALIZED
                  00000b40    00000018     F2837xD_GlobalVariableDefs.obj (AdccResultFile)

AdcdResultFile 
*          1    00000b60    00000018     UNINITIALIZED
                  00000b60    00000018     F2837xD_GlobalVariableDefs.obj (AdcdResultFile)

CpuTimer0RegsFile 
*          1    00000c00    00000008     UNINITIALIZED
                  00000c00    00000008     F2837xD_GlobalVariableDefs.obj (CpuTimer0RegsFile)

CpuTimer1RegsFile 
*          1    00000c08    00000008     UNINITIALIZED
                  00000c08    00000008     F2837xD_GlobalVariableDefs.obj (CpuTimer1RegsFile)

CpuTimer2RegsFile 
*          1    00000c10    00000008     UNINITIALIZED
                  00000c10    00000008     F2837xD_GlobalVariableDefs.obj (CpuTimer2RegsFile)

PieCtrlRegsFile 
*          1    00000ce0    0000001a     UNINITIALIZED
                  00000ce0    0000001a     F2837xD_GlobalVariableDefs.obj (PieCtrlRegsFile)

DmaRegsFile 
*          1    00001000    000000e0     UNINITIALIZED
                  00001000    000000e0     F2837xD_GlobalVariableDefs.obj (DmaRegsFile)

Cla1RegsFile 
*          1    00001400    0000003e     UNINITIALIZED
                  00001400    0000003e     F2837xD_GlobalVariableDefs.obj (Cla1RegsFile)

EPwm1RegsFile 
*          1    00004000    00000100     UNINITIALIZED
                  00004000    00000100     F2837xD_GlobalVariableDefs.obj (EPwm1RegsFile)

EPwm2RegsFile 
*          1    00004100    00000100     UNINITIALIZED
                  00004100    00000100     F2837xD_GlobalVariableDefs.obj (EPwm2RegsFile)

EPwm3RegsFile 
*          1    00004200    00000100     UNINITIALIZED
                  00004200    00000100     F2837xD_GlobalVariableDefs.obj (EPwm3RegsFile)

EPwm4RegsFile 
*          1    00004300    00000100     UNINITIALIZED
                  00004300    00000100     F2837xD_GlobalVariableDefs.obj (EPwm4RegsFile)

EPwm5RegsFile 
*          1    00004400    00000100     UNINITIALIZED
                  00004400    00000100     F2837xD_GlobalVariableDefs.obj (EPwm5RegsFile)

EPwm6RegsFile 
*          1    00004500    00000100     UNINITIALIZED
                  00004500    00000100     F2837xD_GlobalVariableDefs.obj (EPwm6RegsFile)

EPwm7RegsFile 
*          1    00004600    00000100     UNINITIALIZED
                  00004600    00000100     F2837xD_GlobalVariableDefs.obj (EPwm7RegsFile)

EPwm8RegsFile 
*          1    00004700    00000100     UNINITIALIZED
                  00004700    00000100     F2837xD_GlobalVariableDefs.obj (EPwm8RegsFile)

EPwm9RegsFile 
*          1    00004800    00000100     UNINITIALIZED
                  00004800    00000100     F2837xD_GlobalVariableDefs.obj (EPwm9RegsFile)

EPwm10RegsFile 
*          1    00004900    00000100     UNINITIALIZED
                  00004900    00000100     F2837xD_GlobalVariableDefs.obj (EPwm10RegsFile)

EPwm11RegsFile 
*          1    00004a00    00000100     UNINITIALIZED
                  00004a00    00000100     F2837xD_GlobalVariableDefs.obj (EPwm11RegsFile)

EPwm12RegsFile 
*          1    00004b00    00000100     UNINITIALIZED
                  00004b00    00000100     F2837xD_GlobalVariableDefs.obj (EPwm12RegsFile)

ECap1RegsFile 
*          1    00005000    00000020     UNINITIALIZED
                  00005000    00000020     F2837xD_GlobalVariableDefs.obj (ECap1RegsFile)

ECap2RegsFile 
*          1    00005020    00000020     UNINITIALIZED
                  00005020    00000020     F2837xD_GlobalVariableDefs.obj (ECap2RegsFile)

ECap3RegsFile 
*          1    00005040    00000020     UNINITIALIZED
                  00005040    00000020     F2837xD_GlobalVariableDefs.obj (ECap3RegsFile)

ECap4RegsFile 
*          1    00005060    00000020     UNINITIALIZED
                  00005060    00000020     F2837xD_GlobalVariableDefs.obj (ECap4RegsFile)

ECap5RegsFile 
*          1    00005080    00000020     UNINITIALIZED
                  00005080    00000020     F2837xD_GlobalVariableDefs.obj (ECap5RegsFile)

ECap6RegsFile 
*          1    000050a0    00000020     UNINITIALIZED
                  000050a0    00000020     F2837xD_GlobalVariableDefs.obj (ECap6RegsFile)

EQep1RegsFile 
*          1    00005100    00000022     UNINITIALIZED
                  00005100    00000022     F2837xD_GlobalVariableDefs.obj (EQep1RegsFile)

EQep2RegsFile 
*          1    00005140    00000022     UNINITIALIZED
                  00005140    00000022     F2837xD_GlobalVariableDefs.obj (EQep2RegsFile)

EQep3RegsFile 
*          1    00005180    00000022     UNINITIALIZED
                  00005180    00000022     F2837xD_GlobalVariableDefs.obj (EQep3RegsFile)

DacaRegsFile 
*          1    00005c00    00000008     UNINITIALIZED
                  00005c00    00000008     F2837xD_GlobalVariableDefs.obj (DacaRegsFile)

DacbRegsFile 
*          1    00005c10    00000008     UNINITIALIZED
                  00005c10    00000008     F2837xD_GlobalVariableDefs.obj (DacbRegsFile)

DaccRegsFile 
*          1    00005c20    00000008     UNINITIALIZED
                  00005c20    00000008     F2837xD_GlobalVariableDefs.obj (DaccRegsFile)

Sdfm1RegsFile 
*          1    00005e00    00000080     UNINITIALIZED
                  00005e00    00000080     F2837xD_GlobalVariableDefs.obj (Sdfm1RegsFile)

Sdfm2RegsFile 
*          1    00005e80    00000080     UNINITIALIZED
                  00005e80    00000080     F2837xD_GlobalVariableDefs.obj (Sdfm2RegsFile)

McbspaRegsFile 
*          1    00006000    00000024     UNINITIALIZED
                  00006000    00000024     F2837xD_GlobalVariableDefs.obj (McbspaRegsFile)

McbspbRegsFile 
*          1    00006040    00000024     UNINITIALIZED
                  00006040    00000024     F2837xD_GlobalVariableDefs.obj (McbspbRegsFile)

SpiaRegsFile 
*          1    00006100    00000010     UNINITIALIZED
                  00006100    00000010     F2837xD_GlobalVariableDefs.obj (SpiaRegsFile)

SpibRegsFile 
*          1    00006110    00000010     UNINITIALIZED
                  00006110    00000010     F2837xD_GlobalVariableDefs.obj (SpibRegsFile)

SpicRegsFile 
*          1    00006120    00000010     UNINITIALIZED
                  00006120    00000010     F2837xD_GlobalVariableDefs.obj (SpicRegsFile)

UppRegsFile 
*          1    00006200    00000048     UNINITIALIZED
                  00006200    00000048     F2837xD_GlobalVariableDefs.obj (UppRegsFile)

WdRegsFile 
*          1    00007000    0000002b     UNINITIALIZED
                  00007000    0000002b     F2837xD_GlobalVariableDefs.obj (WdRegsFile)

NmiIntruptRegsFile 
*          1    00007060    00000007     UNINITIALIZED
                  00007060    00000007     F2837xD_GlobalVariableDefs.obj (NmiIntruptRegsFile)

XintRegsFile 
*          1    00007070    0000000b     UNINITIALIZED
                  00007070    0000000b     F2837xD_GlobalVariableDefs.obj (XintRegsFile)

SciaRegsFile 
*          1    00007200    00000010     UNINITIALIZED
                  00007200    00000010     F2837xD_GlobalVariableDefs.obj (SciaRegsFile)

ScibRegsFile 
*          1    00007210    00000010     UNINITIALIZED
                  00007210    00000010     F2837xD_GlobalVariableDefs.obj (ScibRegsFile)

ScicRegsFile 
*          1    00007220    00000010     UNINITIALIZED
                  00007220    00000010     F2837xD_GlobalVariableDefs.obj (ScicRegsFile)

ScidRegsFile 
*          1    00007230    00000010     UNINITIALIZED
                  00007230    00000010     F2837xD_GlobalVariableDefs.obj (ScidRegsFile)

I2caRegsFile 
*          1    00007300    00000022     UNINITIALIZED
                  00007300    00000022     F2837xD_GlobalVariableDefs.obj (I2caRegsFile)

I2cbRegsFile 
*          1    00007340    00000022     UNINITIALIZED
                  00007340    00000022     F2837xD_GlobalVariableDefs.obj (I2cbRegsFile)

InputXbarRegsFile 
*          1    00007900    00000020     UNINITIALIZED
                  00007900    00000020     F2837xD_GlobalVariableDefs.obj (InputXbarRegsFile)

XbarRegsFile 
*          1    00007920    00000020     UNINITIALIZED
                  00007920    00000020     F2837xD_GlobalVariableDefs.obj (XbarRegsFile)

SyncSocRegsFile 
*          1    00007940    00000006     UNINITIALIZED
                  00007940    00000006     F2837xD_GlobalVariableDefs.obj (SyncSocRegsFile)

DmaClaSrcSelRegsFile 
*          1    00007980    0000001a     UNINITIALIZED
                  00007980    0000001a     F2837xD_GlobalVariableDefs.obj (DmaClaSrcSelRegsFile)

EPwmXbarRegsFile 
*          1    00007a00    00000040     UNINITIALIZED
                  00007a00    00000040     F2837xD_GlobalVariableDefs.obj (EPwmXbarRegsFile)

OutputXbarRegsFile 
*          1    00007a80    00000040     UNINITIALIZED
                  00007a80    00000040     F2837xD_GlobalVariableDefs.obj (OutputXbarRegsFile)

GpioCtrlRegsFile 
*          1    00007c00    00000180     UNINITIALIZED
                  00007c00    00000180     F2837xD_GlobalVariableDefs.obj (GpioCtrlRegsFile)

GpioDataRegsFile 
*          1    00007f00    00000030     UNINITIALIZED
                  00007f00    00000030     F2837xD_GlobalVariableDefs.obj (GpioDataRegsFile)

.econst    1    00008000    00000a6e     
                  00008000    0000020a     Mod_StdbusCode.obj (.econst:.string)
                  0000820a    000001c0     F2837xD_PieVect.obj (.econst:_PieVectTableInit)
                  000083ca    00000157     App_Main.obj (.econst:.string)
                  00008521    00000101     rts2800_fpu32.lib : ctype.c.obj (.econst:.string:__ctypes_)
                  00008622    00000100     Mod_CRC16.obj (.econst:.string:_auch_CRCHi)
                  00008722    00000100     Mod_CRC16.obj (.econst:.string:_auch_CRCLo)
                  00008822    000000a3     Mod_UsbHost.obj (.econst:.string)
                  000088c5    00000001     --HOLE-- [fill = 0]
                  000088c6    0000005b     usbhspe.obj (.econst:.string)
                  00008921    00000001     --HOLE-- [fill = 0]
                  00008922    00000026     rts2800_fpu32.lib : _printfi.c.obj (.econst:.string)
                  00008948    00000022     uartstdio.obj (.econst:.string)
                  0000896a    00000020     rts2800_fpu32.lib : strtod.c.obj (.econst:_digits)
                  0000898a    0000001c                       : _printfi.c.obj (.econst)
                  000089a6    0000001c                       : s_scalbn.c.obj (.econst)
                  000089c2    0000001a     usblib.lib : usbdenum.obj (.econst:_g_psUSBDStdRequests)
                  000089dc    00000017     Bsp_Usart.obj (.econst:.string)
                  000089f3    00000001     --HOLE-- [fill = 0]
                  000089f4    00000017     Mod_StdbusMaster.obj (.econst:.string)
                  00008a0b    00000001     --HOLE-- [fill = 0]
                  00008a0c    00000011     Mod_StdbusSlave.obj (.econst:.string)
                  00008a1d    00000001     --HOLE-- [fill = 0]
                  00008a1e    0000000c     Bsp_SoftTimer.obj (.econst)
                  00008a2a    0000000c     rts2800_fpu32.lib : strtod.c.obj (.econst:_powerof10)
                  00008a36    0000000c     usb_hal.obj (.econst)
                  00008a42    00000008     Mod_UsbHost.obj (.econst:_g_sUSBEventDriver)
                  00008a4a    00000008     usbhspe.obj (.econst:_g_sUSBHostSPEClassDriver)
                  00008a52    00000008     rts2800_fpu32.lib : s_frexp.c.obj (.econst)
                  00008a5a    00000008     usblib.lib : usbhhub.obj (.econst)
                  00008a62    00000006     rts2800_fpu32.lib : s_scalbnf.c.obj (.econst)
                  00008a68    00000004     Mod_UsbHost.obj (.econst:_g_ppHostClassDrivers)
                  00008a6c    00000002     uartstdio.obj (.econst)

.ebss      1    0000d000    00001efe     UNINITIALIZED
                  0000d000    00001070     Mod_Usb4000.obj (.ebss)
                  0000e070    00000010     usbhspe.obj (.ebss)
                  0000e080    00000440     Mod_StdbusMaster.obj (.ebss)
                  0000e4c0    0000038e     usblib.lib : usbhostenum.obj (.ebss)
                  0000e84e    0000002a     Bsp_SoftTimer.obj (.ebss)
                  0000e878    00000006     Bsp_Dma.obj (.ebss)
                  0000e87e    00000002     rts2800_fpu32.lib : _lock.c.obj (.ebss:__lock)
                  0000e880    00000290     Bsp_Usart.obj (.ebss)
                  0000eb10    0000001e     usblib.lib : usbtick.obj (.ebss)
                  0000eb2e    0000000a     Bsp_I2C.obj (.ebss)
                  0000eb38    00000006     F2837xD_TempSensorConv.obj (.ebss)
                  0000eb3e    00000002     rts2800_fpu32.lib : _lock.c.obj (.ebss:__unlock)
                  0000eb40    000000e4     Mod_StdbusSlave.obj (.ebss)
                  0000ec24    0000001a     Mod_StdbusCode.obj (.ebss)
                  0000ec3e    00000001     F2837xD_sci_io.obj (.ebss)
                  0000ec3f    00000001     rts2800_fpu32.lib : errno.c.obj (.ebss)
                  0000ec40    000000c0     Mod_UsbHost.obj (.ebss)
                  0000ed00    0000008c     usblib.lib : usbdma.obj (.ebss)
                  0000ed8c    00000018     F2837xD_CpuTimers.obj (.ebss)
                  0000eda4    0000000a     usblib.lib : usbmode.obj (.ebss)
                  0000edae    00000006     rts2800_fpu32.lib : exit.c.obj (.ebss)
                  0000edb4    00000004     Bsp_Timer.obj (.ebss)
                  0000edb8    00000004     uartstdio.obj (.ebss)
                  0000edbc    00000004     --HOLE--
                  0000edc0    00000080     usblib.lib : usbdenum.obj (.ebss)
                  0000ee40    00000078     F2837xD_struct.obj (.ebss)
                  0000eeb8    00000008     --HOLE--
                  0000eec0    0000003e     usblib.lib : usbhhub.obj (.ebss)

.TI.ramfunc 
*          0    000003a7    00000008     
                  000003a7    00000004     F2837xD_usDelay.obj (.TI.ramfunc)
                  000003ab    00000004     sysctl.obj (.TI.ramfunc)

PUTBUFFER 
*          1    0003fc00    00000080     UNINITIALIZED
                  0003fc00    00000080     F2837xD_Ipc_Driver.obj (PUTBUFFER)

PUTWRITEIDX 
*          1    0003fc80    00000004     UNINITIALIZED
                  0003fc80    00000004     F2837xD_Ipc_Driver.obj (PUTWRITEIDX)

GETREADIDX 
*          1    0003fc84    00000004     UNINITIALIZED
                  0003fc84    00000004     F2837xD_Ipc_Driver.obj (GETREADIDX)

GETBUFFER 
*          0    0003f800    00000080     DSECT
                  0003f800    00000080     F2837xD_Ipc_Driver.obj (GETBUFFER)

GETWRITEIDX 
*          0    0003f880    00000004     DSECT
                  0003f880    00000004     F2837xD_Ipc_Driver.obj (GETWRITEIDX)

PUTREADIDX 
*          0    0003f884    00000004     DSECT
                  0003f884    00000004     F2837xD_Ipc_Driver.obj (PUTREADIDX)

PieVectTableFile 
*          1    00000d00    000001c0     UNINITIALIZED
                  00000d00    000001c0     F2837xD_GlobalVariableDefs.obj (PieVectTableFile)

EmuKeyVar 
*          1    00000d00    00000001     UNINITIALIZED
                  00000d00    00000001     F2837xD_GlobalVariableDefs.obj (EmuKeyVar)

EmuBModeVar 
*          1    00000d01    00000001     UNINITIALIZED
                  00000d01    00000001     F2837xD_GlobalVariableDefs.obj (EmuBModeVar)

FlashCallbackVar 
*          1    00000d02    00000000     UNINITIALIZED

FlashScalingVar 
*          1    00000d02    00000000     UNINITIALIZED

AdcaRegsFile 
*          1    00007400    00000080     UNINITIALIZED
                  00007400    00000080     F2837xD_GlobalVariableDefs.obj (AdcaRegsFile)

AdcbRegsFile 
*          1    00007480    00000080     UNINITIALIZED
                  00007480    00000080     F2837xD_GlobalVariableDefs.obj (AdcbRegsFile)

AdccRegsFile 
*          1    00007500    00000080     UNINITIALIZED
                  00007500    00000080     F2837xD_GlobalVariableDefs.obj (AdccRegsFile)

AdcdRegsFile 
*          1    00007580    00000080     UNINITIALIZED
                  00007580    00000080     F2837xD_GlobalVariableDefs.obj (AdcdRegsFile)

CanaRegsFile 
*          1    00048000    00000164     UNINITIALIZED
                  00048000    00000164     F2837xD_GlobalVariableDefs.obj (CanaRegsFile)

CanbRegsFile 
*          1    0004a000    00000164     UNINITIALIZED
                  0004a000    00000164     F2837xD_GlobalVariableDefs.obj (CanbRegsFile)

AnalogSubsysRegsFile 
*          1    0005d180    00000048     UNINITIALIZED
                  0005d180    00000048     F2837xD_GlobalVariableDefs.obj (AnalogSubsysRegsFile)

Cla1SoftIntRegsFile 
*          1    00000ce0    00000004     DSECT
                  00000ce0    00000004     F2837xD_GlobalVariableDefs.obj (Cla1SoftIntRegsFile)

Cmpss1RegsFile 
*          1    00005c80    00000020     UNINITIALIZED
                  00005c80    00000020     F2837xD_GlobalVariableDefs.obj (Cmpss1RegsFile)

Cmpss2RegsFile 
*          1    00005ca0    00000020     UNINITIALIZED
                  00005ca0    00000020     F2837xD_GlobalVariableDefs.obj (Cmpss2RegsFile)

Cmpss3RegsFile 
*          1    00005cc0    00000020     UNINITIALIZED
                  00005cc0    00000020     F2837xD_GlobalVariableDefs.obj (Cmpss3RegsFile)

Cmpss4RegsFile 
*          1    00005ce0    00000020     UNINITIALIZED
                  00005ce0    00000020     F2837xD_GlobalVariableDefs.obj (Cmpss4RegsFile)

Cmpss5RegsFile 
*          1    00005d00    00000020     UNINITIALIZED
                  00005d00    00000020     F2837xD_GlobalVariableDefs.obj (Cmpss5RegsFile)

Cmpss6RegsFile 
*          1    00005d20    00000020     UNINITIALIZED
                  00005d20    00000020     F2837xD_GlobalVariableDefs.obj (Cmpss6RegsFile)

Cmpss7RegsFile 
*          1    00005d40    00000020     UNINITIALIZED
                  00005d40    00000020     F2837xD_GlobalVariableDefs.obj (Cmpss7RegsFile)

Cmpss8RegsFile 
*          1    00005d60    00000020     UNINITIALIZED
                  00005d60    00000020     F2837xD_GlobalVariableDefs.obj (Cmpss8RegsFile)

Emif1RegsFile 
*          1    00047000    00000070     UNINITIALIZED
                  00047000    00000070     F2837xD_GlobalVariableDefs.obj (Emif1RegsFile)

Emif2RegsFile 
*          1    00047800    00000070     UNINITIALIZED
                  00047800    00000070     F2837xD_GlobalVariableDefs.obj (Emif2RegsFile)

IpcRegsFile 
*          1    00050000    00000024     UNINITIALIZED
                  00050000    00000024     F2837xD_GlobalVariableDefs.obj (IpcRegsFile)

FlashPumpSemaphoreRegsFile 
*          1    00050024    00000002     UNINITIALIZED
                  00050024    00000002     F2837xD_GlobalVariableDefs.obj (FlashPumpSemaphoreRegsFile)

RomPrefetchRegsFile 
*          1    0005e608    00000002     UNINITIALIZED
                  0005e608    00000002     F2837xD_GlobalVariableDefs.obj (RomPrefetchRegsFile)

DcsmZ1RegsFile 
*          1    0005f000    00000024     UNINITIALIZED
                  0005f000    00000024     F2837xD_GlobalVariableDefs.obj (DcsmZ1RegsFile)

DcsmZ2RegsFile 
*          1    0005f040    00000024     UNINITIALIZED
                  0005f040    00000024     F2837xD_GlobalVariableDefs.obj (DcsmZ2RegsFile)

DcsmCommonRegsFile 
*          1    0005f070    00000008     UNINITIALIZED
                  0005f070    00000008     F2837xD_GlobalVariableDefs.obj (DcsmCommonRegsFile)

MemCfgRegsFile 
*          1    0005f400    00000080     UNINITIALIZED
                  0005f400    00000080     F2837xD_GlobalVariableDefs.obj (MemCfgRegsFile)

Emif1ConfigRegsFile 
*          1    0005f480    00000020     UNINITIALIZED
                  0005f480    00000020     F2837xD_GlobalVariableDefs.obj (Emif1ConfigRegsFile)

Emif2ConfigRegsFile 
*          1    0005f4a0    00000020     UNINITIALIZED
                  0005f4a0    00000020     F2837xD_GlobalVariableDefs.obj (Emif2ConfigRegsFile)

AccessProtectionRegsFile 
*          1    0005f4c0    00000040     UNINITIALIZED
                  0005f4c0    00000040     F2837xD_GlobalVariableDefs.obj (AccessProtectionRegsFile)

MemoryErrorRegsFile 
*          1    0005f500    00000040     UNINITIALIZED
                  0005f500    00000040     F2837xD_GlobalVariableDefs.obj (MemoryErrorRegsFile)

RomWaitStateRegsFile 
*          1    0005f540    00000002     UNINITIALIZED
                  0005f540    00000002     F2837xD_GlobalVariableDefs.obj (RomWaitStateRegsFile)

Flash0CtrlRegsFile 
*          1    0005f800    00000182     UNINITIALIZED
                  0005f800    00000182     F2837xD_GlobalVariableDefs.obj (Flash0CtrlRegsFile)

Flash0EccRegsFile 
*          1    0005fb00    00000028     UNINITIALIZED
                  0005fb00    00000028     F2837xD_GlobalVariableDefs.obj (Flash0EccRegsFile)

DcsmZ1OtpFile 
*          1    00078000    00000020     NOLOAD SECTION
                  00078000    00000020     F2837xD_GlobalVariableDefs.obj (DcsmZ1OtpFile)

DcsmZ2OtpFile 
*          1    00078200    00000020     NOLOAD SECTION
                  00078200    00000020     F2837xD_GlobalVariableDefs.obj (DcsmZ2OtpFile)

DevCfgRegsFile 
*          1    0005d000    0000012e     UNINITIALIZED
                  0005d000    0000012e     F2837xD_GlobalVariableDefs.obj (DevCfgRegsFile)

ClkCfgRegsFile 
*          1    0005d200    00000032     UNINITIALIZED
                  0005d200    00000032     F2837xD_GlobalVariableDefs.obj (ClkCfgRegsFile)

CpuSysRegsFile 
*          1    0005d300    00000082     UNINITIALIZED
                  0005d300    00000082     F2837xD_GlobalVariableDefs.obj (CpuSysRegsFile)

.text      0    0000f000    000075c0     
                  0000f000    00001603     usblib.lib : usbhostenum.obj (.text)
                  00010603    00000001     rts2800_fpu32.lib : startup.c.obj (.text)
                  00010604    00000d6f                       : _printfi.c.obj (.text)
                  00011373    0000085d     usblib.lib : usbdenum.obj (.text)
                  00011bd0    0000080b     usb.obj (.text)
                  000123db    000006c7     Mod_StdbusCode.obj (.text)
                  00012aa2    00000585     F2837xD_DefaultISR.obj (.text:retain)
                  00013027    00000406     usblib.lib : usbhhub.obj (.text)
                  0001342d    00000404     F2837xD_Dma.obj (.text)
                  00013831    00000391     usbhspe.obj (.text)
                  00013bc2    0000033b     F2837xD_SysCtrl.obj (.text)
                  00013efd    00000323     Bsp_Usart.obj (.text)
                  00014220    0000025c     usblib.lib : usbmode.obj (.text)
                  0001447c    00000244     F2837xD_Gpio.obj (.text)
                  000146c0    00000243     sysctl.obj (.text)
                  00014903    00000210     usblib.lib : usbdconfig.obj (.text)
                  00014b13    00000204     Bsp_Usart.obj (.text:retain)
                  00014d17    00000203     rts2800_fpu32.lib : strtod.c.obj (.text)
                  00014f1a    000001ca     interrupt.obj (.text)
                  000150e4    00000178     Bsp_Gpio.obj (.text)
                  0001525c    00000157     usblib.lib : usbdcdesc.obj (.text)
                  000153b3    00000109     Bsp_SoftTimer.obj (.text)
                  000154bc    00000107     rts2800_fpu32.lib : ll_div28.asm.obj (.text)
                  000155c3    000000f4     Mod_Usb4000.obj (.text)
                  000156b7    000000d8     usblib.lib : usbdma.obj (.text)
                  0001578f    000000d2                : usbdesc.obj (.text)
                  00015861    000000ae     rts2800_fpu32.lib : s_scalbn.c.obj (.text)
                  0001590f    000000a2     Bsp_Gpio.obj (.text:retain)
                  000159b1    0000009f     Bsp_Dma.obj (.text:retain)
                  00015a50    0000009c     rts2800_fpu32.lib : fd_add28.asm.obj (.text)
                  00015aec    00000093     usb_hal.obj (.text:retain)
                  00015b7f    0000008b     rts2800_fpu32.lib : fd_div28.asm.obj (.text)
                  00015c0a    00000088                       : fs_div28.asm.obj (.text)
                  00015c92    00000088     usblib.lib : usbtick.obj (.text)
                  00015d1a    00000084     Mod_UsbHost.obj (.text)
                  00015d9e    00000083     rts2800_fpu32.lib : fd_mpy28.asm.obj (.text)
                  00015e21    0000007c     F2837xD_CpuTimers.obj (.text)
                  00015e9d    00000072     usb_hal.obj (.text)
                  00015f0f    0000006a     Bsp_Timer.obj (.text:retain)
                  00015f79    00000060     Bsp_Timer.obj (.text)
                  00015fd9    0000005a     rts2800_fpu32.lib : s_frexp.c.obj (.text)
                  00016033    0000005a                       : s_scalbnf.c.obj (.text)
                  0001608d    00000056                       : boot28.asm.obj (.text)
                  000160e3    00000050     Mod_StdbusMaster.obj (.text)
                  00016133    00000050     Mod_StdbusSlave.obj (.text)
                  00016183    00000047     App_Main.obj (.text)
                  000161ca    0000003c     Bsp.obj (.text)
                  00016206    00000036     Mod_CRC16.obj (.text)
                  0001623c    00000031     App_MasterDeal.obj (.text)
                  0001626d    00000031     rts2800_fpu32.lib : atoi.c.obj (.text)
                  0001629e    00000030                       : ltoa.c.obj (.text)
                  000162ce    00000030                       : vsprintf.c.obj (.text)
                  000162fe    0000002a                       : fd_cmp28.asm.obj (.text)
                  00016328    0000002a                       : l_div28.asm.obj (.text)
                  00016352    00000029                       : exit.c.obj (.text)
                  0001637b    00000028     F2837xD_PieCtrl.obj (.text)
                  000163a3    00000026     F2837xD_PieVect.obj (.text)
                  000163c9    00000025     rts2800_fpu32.lib : s_copysign.c.obj (.text)
                  000163ee    00000024                       : cpy_tbl.c.obj (.text)
                  00016412    00000021                       : fd_toi28.asm.obj (.text)
                  00016433    0000001f                       : fd_tol28.asm.obj (.text)
                  00016452    0000001e                       : ll_cmp28.asm.obj (.text)
                  00016470    0000001d                       : i_tofd28.asm.obj (.text)
                  0001648d    0000001d                       : memcpy.c.obj (.text)
                  000164aa    0000001c                       : fs_tofdfpu32.asm.obj (.text)
                  000164c6    0000001c                       : l_tofd28.asm.obj (.text)
                  000164e2    00000019                       : args_main.c.obj (.text)
                  000164fb    00000018                       : ll_aox28.asm.obj (.text)
                  00016513    00000016                       : ul_tofd28.asm.obj (.text)
                  00016529    00000012                       : s_copysignf.c.obj (.text)
                  0001653b    00000012     usblib.lib : usbdhandler.obj (.text)
                  0001654d    0000000f     interrupt.obj (.text:retain)
                  0001655c    0000000e     rts2800_fpu32.lib : fd_sub28.asm.obj (.text)
                  0001656a    0000000d                       : memccpy.c.obj (.text)
                  00016577    0000000c                       : memset.c.obj (.text)
                  00016583    0000000c                       : strchr.c.obj (.text)
                  0001658f    00000009                       : _lock.c.obj (.text)
                  00016598    00000009                       : fd_neg28.asm.obj (.text)
                  000165a1    00000009                       : wcslen.c.obj (.text)
                  000165aa    00000008                       : strlen.c.obj (.text)
                  000165b2    00000005                       : strcpy.c.obj (.text)
                  000165b7    00000004                       : atof.c.obj (.text)
                  000165bb    00000003     F2837xD_DBGIER.obj (.text)
                  000165be    00000002     rts2800_fpu32.lib : pre_init.c.obj (.text)

MODULE SUMMARY

       Module                           code    initialized data   uninitialized data
       ------                           ----    ----------------   ------------------
    .\
       usbhspe.obj                      913     106                16                
    +--+--------------------------------+-------+------------------+--------------------+
       Total:                           913     106                16                
                                                                                     
    .\Sources_App\
       App_Main.obj                     71      343                0                 
       App_MasterDeal.obj               49      0                  0                 
    +--+--------------------------------+-------+------------------+--------------------+
       Total:                           120     343                0                 
                                                                                     
    .\Sources_Bsp\
       Bsp_Usart.obj                    1319    171                656               
       Bsp_Gpio.obj                     538     0                  0                 
       Bsp_SoftTimer.obj                265     19                 42                
       Bsp_Timer.obj                    202     10                 4                 
       Bsp_Dma.obj                      159     15                 6                 
       Bsp.obj                          60      0                  0                 
       Bsp_I2C.obj                      0       0                  10                
    +--+--------------------------------+-------+------------------+--------------------+
       Total:                           2543    215                718               
                                                                                     
    .\Sources_DriveLib\
       usb.obj                          2059    0                  0                 
       sysctl.obj                       583     0                  0                 
       interrupt.obj                    473     0                  0                 
       usb_hal.obj                      261     12                 0                 
       uartstdio.obj                    0       45                 4                 
    +--+--------------------------------+-------+------------------+--------------------+
       Total:                           3376    57                 4                 
                                                                                     
    .\Sources_Drive\
       F2837xD_GlobalVariableDefs.obj   0       0                  8759              
       F2837xD_DefaultISR.obj           1413    0                  0                 
       F2837xD_Dma.obj                  1028    0                  0                 
       F2837xD_SysCtrl.obj              827     0                  0                 
       F2837xD_Gpio.obj                 580     0                  0                 
       F2837xD_PieVect.obj              38      448                0                 
       F2837xD_struct.obj               0       144                120               
       F2837xD_CpuTimers.obj            124     0                  24                
       F2837xD_Ipc_Driver.obj           0       0                  136               
       F2837xD_PieCtrl.obj              40      0                  0                 
       F2837xD_TempSensorConv.obj       0       0                  6                 
       F2837xD_sci_io.obj               0       4                  1                 
       F2837xD_usDelay.obj              4       0                  0                 
       F2837xD_DBGIER.obj               3       0                  0                 
       F2837xD_CodeStartBranch.obj      2       0                  0                 
    +--+--------------------------------+-------+------------------+--------------------+
       Total:                           4059    596                9046              
                                                                                     
    .\Sources_Mod\
       Mod_Usb4000.obj                  244     20                 4208              
       Mod_StdbusCode.obj               1735    530                26                
       Mod_StdbusMaster.obj             80      88                 1088              
       Mod_CRC16.obj                    54      512                0                 
       Mod_UsbHost.obj                  132     186                192               
       Mod_StdbusSlave.obj              80      82                 228               
    +--+--------------------------------+-------+------------------+--------------------+
       Total:                           2325    1418               5742              
                                                                                     
    C:/ti/ccsv8/tools/compiler/ti-cgt-c2000_18.1.4.LTS/lib/rts2800_fpu32.lib
       _printfi.c.obj                   3439    66                 0                 
       strtod.c.obj                     515     44                 0                 
       ll_div28.asm.obj                 263     0                  0                 
       ctype.c.obj                      0       257                0                 
       s_scalbn.c.obj                   174     28                 0                 
       fd_add28.asm.obj                 156     0                  0                 
       fd_div28.asm.obj                 139     0                  0                 
       fs_div28.asm.obj                 136     0                  0                 
       fd_mpy28.asm.obj                 131     0                  0                 
       s_frexp.c.obj                    90      8                  0                 
       s_scalbnf.c.obj                  90      6                  0                 
       boot28.asm.obj                   86      0                  0                 
       exit.c.obj                       41      14                 6                 
       atoi.c.obj                       49      0                  0                 
       ltoa.c.obj                       48      0                  0                 
       vsprintf.c.obj                   48      0                  0                 
       fd_cmp28.asm.obj                 42      0                  0                 
       l_div28.asm.obj                  42      0                  0                 
       s_copysign.c.obj                 37      0                  0                 
       cpy_tbl.c.obj                    36      0                  0                 
       fd_toi28.asm.obj                 33      0                  0                 
       fd_tol28.asm.obj                 31      0                  0                 
       ll_cmp28.asm.obj                 30      0                  0                 
       i_tofd28.asm.obj                 29      0                  0                 
       memcpy.c.obj                     29      0                  0                 
       fs_tofdfpu32.asm.obj             28      0                  0                 
       l_tofd28.asm.obj                 28      0                  0                 
       args_main.c.obj                  25      0                  0                 
       ll_aox28.asm.obj                 24      0                  0                 
       _lock.c.obj                      9       10                 4                 
       ul_tofd28.asm.obj                22      0                  0                 
       s_copysignf.c.obj                18      0                  0                 
       fd_sub28.asm.obj                 14      0                  0                 
       memccpy.c.obj                    13      0                  0                 
       memset.c.obj                     12      0                  0                 
       strchr.c.obj                     12      0                  0                 
       fd_neg28.asm.obj                 9       0                  0                 
       wcslen.c.obj                     9       0                  0                 
       strlen.c.obj                     8       0                  0                 
       errno.c.obj                      0       4                  1                 
       strcpy.c.obj                     5       0                  0                 
       atof.c.obj                       4       0                  0                 
       pre_init.c.obj                   2       0                  0                 
       startup.c.obj                    1       0                  0                 
    +--+--------------------------------+-------+------------------+--------------------+
       Total:                           5957    437                11                
                                                                                     
    D:/Wangjiangbo/Documents/GitHub/__CCS/Gas_LaserBoard/F2837xD_common/lib/usblib.lib
       usbhostenum.obj                  5635    70                 910               
       usbdenum.obj                     2141    31                 128               
       usbhhub.obj                      1030    8                  62                
       usbmode.obj                      604     13                 10                
       usbdconfig.obj                   528     0                  0                 
       usbdma.obj                       216     0                  140               
       usbdcdesc.obj                    343     0                  0                 
       usbdesc.obj                      210     0                  0                 
       usbtick.obj                      136     14                 30                
       usbdhandler.obj                  18      0                  0                 
    +--+--------------------------------+-------+------------------+--------------------+
       Total:                           10861   136                1280              
                                                                                     
       Stack:                           0       0                  512               
    +--+--------------------------------+-------+------------------+--------------------+
       Grand Total:                     30154   3308               17329             


GLOBAL DATA SYMBOLS: SORTED BY DATA PAGE

address     data page           name
--------    ----------------    ----
00000400      10 (00000400)     __stack

00000b00      2c (00000b00)     _AdcaResultRegs
00000b20      2c (00000b00)     _AdcbResultRegs

00000b40      2d (00000b40)     _AdccResultRegs
00000b60      2d (00000b40)     _AdcdResultRegs

00000c00      30 (00000c00)     _CpuTimer0Regs
00000c08      30 (00000c00)     _CpuTimer1Regs
00000c10      30 (00000c00)     _CpuTimer2Regs

00000ce0      33 (00000cc0)     _Cla1SoftIntRegs
00000ce0      33 (00000cc0)     _PieCtrlRegs

00000d00      34 (00000d00)     _EmuKey
00000d00      34 (00000d00)     _PieVectTable
00000d01      34 (00000d00)     _EmuBMode

00001000      40 (00001000)     _DmaRegs

00001400      50 (00001400)     _Cla1Regs

00004000     100 (00004000)     _EPwm1Regs

00004100     104 (00004100)     _EPwm2Regs

00004200     108 (00004200)     _EPwm3Regs

00004300     10c (00004300)     _EPwm4Regs

00004400     110 (00004400)     _EPwm5Regs

00004500     114 (00004500)     _EPwm6Regs

00004600     118 (00004600)     _EPwm7Regs

00004700     11c (00004700)     _EPwm8Regs

00004800     120 (00004800)     _EPwm9Regs

00004900     124 (00004900)     _EPwm10Regs

00004a00     128 (00004a00)     _EPwm11Regs

00004b00     12c (00004b00)     _EPwm12Regs

00005000     140 (00005000)     _ECap1Regs
00005020     140 (00005000)     _ECap2Regs

00005040     141 (00005040)     _ECap3Regs
00005060     141 (00005040)     _ECap4Regs

00005080     142 (00005080)     _ECap5Regs
000050a0     142 (00005080)     _ECap6Regs

00005100     144 (00005100)     _EQep1Regs

00005140     145 (00005140)     _EQep2Regs

00005180     146 (00005180)     _EQep3Regs

00005c00     170 (00005c00)     _DacaRegs
00005c10     170 (00005c00)     _DacbRegs
00005c20     170 (00005c00)     _DaccRegs

00005c80     172 (00005c80)     _Cmpss1Regs
00005ca0     172 (00005c80)     _Cmpss2Regs

00005cc0     173 (00005cc0)     _Cmpss3Regs
00005ce0     173 (00005cc0)     _Cmpss4Regs

00005d00     174 (00005d00)     _Cmpss5Regs
00005d20     174 (00005d00)     _Cmpss6Regs

00005d40     175 (00005d40)     _Cmpss7Regs
00005d60     175 (00005d40)     _Cmpss8Regs

00005e00     178 (00005e00)     _Sdfm1Regs

00005e80     17a (00005e80)     _Sdfm2Regs

00006000     180 (00006000)     _McbspaRegs

00006040     181 (00006040)     _McbspbRegs

00006100     184 (00006100)     _SpiaRegs
00006110     184 (00006100)     _SpibRegs
00006120     184 (00006100)     _SpicRegs

00006200     188 (00006200)     _UppRegs

00007000     1c0 (00007000)     _WdRegs

00007060     1c1 (00007040)     _NmiIntruptRegs
00007070     1c1 (00007040)     _XintRegs

00007200     1c8 (00007200)     _SciaRegs
00007210     1c8 (00007200)     _ScibRegs
00007220     1c8 (00007200)     _ScicRegs
00007230     1c8 (00007200)     _ScidRegs

00007300     1cc (00007300)     _I2caRegs

00007340     1cd (00007340)     _I2cbRegs

00007400     1d0 (00007400)     _AdcaRegs

00007480     1d2 (00007480)     _AdcbRegs

00007500     1d4 (00007500)     _AdccRegs

00007580     1d6 (00007580)     _AdcdRegs

00007900     1e4 (00007900)     _InputXbarRegs
00007920     1e4 (00007900)     _XbarRegs

00007940     1e5 (00007940)     _SyncSocRegs

00007980     1e6 (00007980)     _DmaClaSrcSelRegs

00007a00     1e8 (00007a00)     _EPwmXbarRegs

00007a80     1ea (00007a80)     _OutputXbarRegs

00007c00     1f0 (00007c00)     _GpioCtrlRegs

00007f00     1fc (00007f00)     _GpioDataRegs

0000820a     208 (00008200)     _PieVectTableInit

00008521     214 (00008500)     __ctypes_

00008622     218 (00008600)     _auch_CRCHi

00008722     21c (00008700)     _auch_CRCLo

00008a42     229 (00008a40)     _g_sUSBEventDriver
00008a4a     229 (00008a40)     _g_sUSBHostSPEClassDriver
00008a5a     229 (00008a40)     _g_sUSBHubClassDriver

0000d002     340 (0000d000)     _g_psSPEInstance
0000d004     340 (0000d000)     _st_USBHSampleTimer

0000d040     341 (0000d040)     _st_Usb4000

0000e082     382 (0000e080)     _st_MainBoard
0000e08e     382 (0000e080)     _st_StdbusMaster

0000e84e     3a1 (0000e840)     _st_SoftTimerList
0000e87e     3a1 (0000e840)     __lock

0000e880     3a2 (0000e880)     _COM2
0000e8a0     3a2 (0000e880)     _COM1

0000e8c0     3a3 (0000e8c0)     _COM4
0000e8e0     3a3 (0000e8c0)     _COM3

0000eb10     3ac (0000eb00)     _g_bUSBTimerInitialized
0000eb12     3ac (0000eb00)     _g_ui32CurrentUSBTick
0000eb14     3ac (0000eb00)     _g_ui32USBSOFCount
0000eb16     3ac (0000eb00)     _g_pfnTickHandlers
0000eb22     3ac (0000eb00)     _g_pvTickInstance
0000eb2e     3ac (0000eb00)     _Bsp_At24c512
0000eb38     3ac (0000eb00)     _tempSensor_tempOffset
0000eb3a     3ac (0000eb00)     _tempSensor_scaleFactor
0000eb3c     3ac (0000eb00)     _tempSensor_tempSlope
0000eb3e     3ac (0000eb00)     __unlock

0000eb40     3ad (0000eb40)     _st_PC

0000eb80     3ae (0000eb80)     _st_StdbusSlave

0000ec24     3b0 (0000ec00)     _st_StdbusHost
0000ec2a     3b0 (0000ec00)     _ast_PortList
0000ec3e     3b0 (0000ec00)     _deviceOpen
0000ec3f     3b0 (0000ec00)     _errno

0000ec40     3b1 (0000ec40)     _g_eCurrentUSBMode
0000ec41     3b1 (0000ec40)     _g_eState
0000ec42     3b1 (0000ec40)     _st_USBHTimeOut

0000ec80     3b2 (0000ec80)     _g_pHCDPool

0000ed8c     3b6 (0000ed80)     _CpuTimer1
0000ed94     3b6 (0000ed80)     _CpuTimer2
0000ed9c     3b6 (0000ed80)     _CpuTimer0
0000eda5     3b6 (0000ed80)     _g_iUSBMode
0000eda6     3b6 (0000ed80)     _g_eOTGModeState
0000edaa     3b6 (0000ed80)     _g_ui32PollRate
0000edac     3b6 (0000ed80)     _g_ui32WaitTicks
0000edae     3b6 (0000ed80)     ___TI_enable_exit_profile_output
0000edb0     3b6 (0000ed80)     ___TI_cleanup_ptr
0000edb2     3b6 (0000ed80)     ___TI_dtors_ptr

0000edc0     3b7 (0000edc0)     _g_ppsDevInfo
0000edc4     3b7 (0000edc0)     _g_psDCDInst

0000ee40     3b9 (0000ee40)     _SCI
0000ee44     3b9 (0000ee40)     _MCBSP
0000ee48     3b9 (0000ee40)     _I2C
0000ee4c     3b9 (0000ee40)     _SDFM
0000ee52     3b9 (0000ee40)     _EQEP
0000ee5a     3b9 (0000ee40)     _SPI
0000ee62     3b9 (0000ee40)     _ADC
0000ee6c     3b9 (0000ee40)     _ECAP

0000ee80     3ba (0000ee80)     _EPWM
0000ee9a     3ba (0000ee80)     _TRIP_SEL

0003f800     fe0 (0003f800)     _g_asIPCCPU2toCPU1Buffers

0003f880     fe2 (0003f880)     _g_usGetWriteIndexes
0003f884     fe2 (0003f880)     _g_usPutReadIndexes

0003fc00     ff0 (0003fc00)     _g_asIPCCPU1toCPU2Buffers

0003fc80     ff2 (0003fc80)     _g_usPutWriteIndexes
0003fc84     ff2 (0003fc80)     _g_usGetReadIndexes

00047000    11c0 (00047000)     _Emif1Regs

00047800    11e0 (00047800)     _Emif2Regs

00048000    1200 (00048000)     _CanaRegs

0004a000    1280 (0004a000)     _CanbRegs

00050000    1400 (00050000)     _IpcRegs
00050024    1400 (00050000)     _FlashPumpSemaphoreRegs

0005d000    1740 (0005d000)     _DevCfgRegs

0005d180    1746 (0005d180)     _AnalogSubsysRegs

0005d200    1748 (0005d200)     _ClkCfgRegs

0005d300    174c (0005d300)     _CpuSysRegs

0005e608    1798 (0005e600)     _RomPrefetchRegs

0005f000    17c0 (0005f000)     _DcsmZ1Regs

0005f040    17c1 (0005f040)     _DcsmZ2Regs
0005f070    17c1 (0005f040)     _DcsmCommonRegs

0005f400    17d0 (0005f400)     _MemCfgRegs

0005f480    17d2 (0005f480)     _Emif1ConfigRegs
0005f4a0    17d2 (0005f480)     _Emif2ConfigRegs

0005f4c0    17d3 (0005f4c0)     _AccessProtectionRegs

0005f500    17d4 (0005f500)     _MemoryErrorRegs

0005f540    17d5 (0005f540)     _RomWaitStateRegs

0005f800    17e0 (0005f800)     _Flash0CtrlRegs

0005fb00    17ec (0005fb00)     _Flash0EccRegs

00078000    1e00 (00078000)     _DcsmZ1Otp

00078200    1e08 (00078200)     _DcsmZ2Otp


GLOBAL SYMBOLS: SORTED ALPHABETICALLY BY Name 

page  address   name                                  
----  -------   ----                                  
abs   ffffffff  .text                                 
0     00016352  C$$EXIT                               
0     00015a50  FD$$ADD                               
0     000162fe  FD$$CMP                               
0     00015b7f  FD$$DIV                               
0     00015d9e  FD$$MPY                               
0     00016598  FD$$NEG                               
0     0001655c  FD$$SUB                               
0     00016412  FD$$TOI                               
0     00016433  FD$$TOL                               
0     00015c0a  FS$$DIV                               
0     000164aa  FS$$TOFD                              
0     00016470  I$$TOFD                               
0     00016328  L$$DIV                                
0     00016337  L$$MOD                                
0     000164c6  L$$TOFD                               
0     000164fb  LL$$AND                               
0     00016452  LL$$CMP                               
0     000154bc  LL$$DIV                               
0     000154f8  LL$$MOD                               
0     00016503  LL$$OR                                
0     0001650b  LL$$XOR                               
0     00016345  UL$$DIV                               
0     0001634c  UL$$MOD                               
0     00016513  UL$$TOFD                              
0     00016464  ULL$$CMP                              
0     00015532  ULL$$DIV                              
0     00015561  ULL$$MOD                              
1     0000ee62  _ADC                                  
0     00012b60  _ADCA1_ISR                            
0     00012de0  _ADCA2_ISR                            
0     00012dea  _ADCA3_ISR                            
0     00012df4  _ADCA4_ISR                            
0     00012dd6  _ADCA_EVT_ISR                         
0     00012b6a  _ADCB1_ISR                            
0     00012e08  _ADCB2_ISR                            
0     00012e12  _ADCB3_ISR                            
0     00012e1c  _ADCB4_ISR                            
0     00012dfe  _ADCB_EVT_ISR                         
0     00012b74  _ADCC1_ISR                            
0     00012f70  _ADCC2_ISR                            
0     00012f7a  _ADCC3_ISR                            
0     00012f84  _ADCC4_ISR                            
0     00012f66  _ADCC_EVT_ISR                         
0     00012b92  _ADCD1_ISR                            
0     00012f98  _ADCD2_ISR                            
0     00012fa2  _ADCD3_ISR                            
0     00012fac  _ADCD4_ISR                            
0     00012f8e  _ADCD_EVT_ISR                         
0     00012fe8  _AUX_PLL_SLIP_ISR                     
1     0005f4c0  _AccessProtectionRegs                 
1     00007400  _AdcaRegs                             
1     00000b00  _AdcaResultRegs                       
1     00007480  _AdcbRegs                             
1     00000b20  _AdcbResultRegs                       
1     00007500  _AdccRegs                             
1     00000b40  _AdccResultRegs                       
1     00007580  _AdcdRegs                             
1     00000b60  _AdcdResultRegs                       
1     0005d180  _AnalogSubsysRegs                     
0     0001623c  _App_StdbusMasterDealFram             
0     00013ea9  _AuxAuxClkSel                         
0     00013e93  _AuxIntOsc2Sel                        
0     00013e9d  _AuxXtalOscSel                        
1     0000eb2e  _Bsp_At24c512                         
0     000154a9  _Bsp_DelayMs                          
0     00015471  _Bsp_DelayUs                          
0     000159b1  _Bsp_Dma1Isr                          
0     000159e6  _Bsp_Dma2Isr                          
0     00015a1b  _Bsp_Dma3Isr                          
0     00015257  _Bsp_GpioEvent                        
0     0001514c  _Bsp_GpioInit                         
0     000161ca  _Bsp_Init                             
0     00014b13  _Bsp_SciaRecvIsr                      
0     00014b56  _Bsp_SciaSendIsr                      
0     00014b94  _Bsp_ScibRecvIsr                      
0     00014bd7  _Bsp_ScibSendIsr                      
0     00014c15  _Bsp_ScicRecvIsr                      
0     00014c58  _Bsp_ScicSendIsr                      
0     00014c96  _Bsp_ScidRecvIsr                      
0     00014cd9  _Bsp_ScidSendIsr                      
0     0001541a  _Bsp_SoftTimerPoll                    
0     000153b3  _Bsp_SoftTimerReg                     
0     000153d2  _Bsp_SoftTimerStart                   
0     000153fe  _Bsp_SoftTimerStop                    
0     00015fa4  _Bsp_Time0HookRegister                
0     00015f79  _Bsp_Time0Init                        
0     00015f9f  _Bsp_Time0IntDisable                  
0     00015f9a  _Bsp_Time0IntEnable                   
0     00015f90  _Bsp_Time0Start                       
0     00015f95  _Bsp_Time0Stop                        
0     00015fd1  _Bsp_Time1HookRegister                
0     00015fac  _Bsp_Time1Init                        
0     00015fce  _Bsp_Time1IntDisable                  
0     00015fcb  _Bsp_Time1IntEnable                   
0     00015fc1  _Bsp_Time1Start                       
0     00015fc6  _Bsp_Time1Stop                        
0     000140fb  _Bsp_UartClose                        
0     00014048  _Bsp_UartOpen                         
0     000141e4  _Bsp_UartPrintf                       
0     00014140  _Bsp_UartSend                         
0     00014106  _Bsp_UartSendBlock                    
0     00013fb8  _Bsp_UsartRxDisable                   
0     00013f88  _Bsp_UsartRxEnable                    
0     00014018  _Bsp_UsartTxDisable                   
0     00013fe8  _Bsp_UsartTxEnable                    
0     00012dae  _CANA0_ISR                            
0     00012db8  _CANA1_ISR                            
0     00012dc2  _CANB0_ISR                            
0     00012dcc  _CANB1_ISR                            
0     00012e26  _CLA1_1_ISR                           
0     00012e30  _CLA1_2_ISR                           
0     00012e3a  _CLA1_3_ISR                           
0     00012e44  _CLA1_4_ISR                           
0     00012e4e  _CLA1_5_ISR                           
0     00012e58  _CLA1_6_ISR                           
0     00012e62  _CLA1_7_ISR                           
0     00012e6c  _CLA1_8_ISR                           
0     00012ff2  _CLA_OVERFLOW_ISR                     
0     00012ffc  _CLA_UNDERFLOW_ISR                    
1     0000e8a0  _COM1                                 
1     0000e880  _COM2                                 
1     0000e8e0  _COM3                                 
1     0000e8c0  _COM4                                 
1     00048000  _CanaRegs                             
1     0004a000  _CanbRegs                             
1     00001400  _Cla1Regs                             
0     00000ce0  _Cla1SoftIntRegs                      
1     0005d200  _ClkCfgRegs                           
1     00005c80  _Cmpss1Regs                           
1     00005ca0  _Cmpss2Regs                           
1     00005cc0  _Cmpss3Regs                           
1     00005ce0  _Cmpss4Regs                           
1     00005d00  _Cmpss5Regs                           
1     00005d20  _Cmpss6Regs                           
1     00005d40  _Cmpss7Regs                           
1     00005d60  _Cmpss8Regs                           
0     00015e62  _ConfigCpuTimer                       
0     0000f000  _ConfigDescAlloc                      
0     0000f054  _ConfigDescFree                       
1     0005d300  _CpuSysRegs                           
1     0000ed9c  _CpuTimer0                            
1     00000c00  _CpuTimer0Regs                        
1     0000ed8c  _CpuTimer1                            
1     00000c08  _CpuTimer1Regs                        
1     0000ed94  _CpuTimer2                            
1     00000c10  _CpuTimer2Regs                        
0     00013e52  _CsmUnlock                            
0     00012ab6  _DATALOG_ISR                          
0     00013438  _DMACH1AddrConfig                     
0     000137d1  _DMACH1AddrConfig32bit                
0     00013448  _DMACH1BurstConfig                    
0     0001347b  _DMACH1ModeConfig                     
0     00013458  _DMACH1TransferConfig                 
0     00013468  _DMACH1WrapConfig                     
0     000134d1  _DMACH2AddrConfig                     
0     000137e1  _DMACH2AddrConfig32bit                
0     000134e1  _DMACH2BurstConfig                    
0     00013514  _DMACH2ModeConfig                     
0     000134f1  _DMACH2TransferConfig                 
0     00013501  _DMACH2WrapConfig                     
0     0001356b  _DMACH3AddrConfig                     
0     000137f1  _DMACH3AddrConfig32bit                
0     0001357b  _DMACH3BurstConfig                    
0     000135ae  _DMACH3ModeConfig                     
0     0001358b  _DMACH3TransferConfig                 
0     0001359b  _DMACH3WrapConfig                     
0     00013604  _DMACH4AddrConfig                     
0     00013801  _DMACH4AddrConfig32bit                
0     00013614  _DMACH4BurstConfig                    
0     00013647  _DMACH4ModeConfig                     
0     00013624  _DMACH4TransferConfig                 
0     00013634  _DMACH4WrapConfig                     
0     0001369e  _DMACH5AddrConfig                     
0     00013811  _DMACH5AddrConfig32bit                
0     000136ae  _DMACH5BurstConfig                    
0     000136e1  _DMACH5ModeConfig                     
0     000136be  _DMACH5TransferConfig                 
0     000136ce  _DMACH5WrapConfig                     
0     00013737  _DMACH6AddrConfig                     
0     00013821  _DMACH6AddrConfig32bit                
0     00013747  _DMACH6BurstConfig                    
0     0001377a  _DMACH6ModeConfig                     
0     00013757  _DMACH6TransferConfig                 
0     00013767  _DMACH6WrapConfig                     
0     0001342d  _DMAInitialize                        
0     00012cfa  _DMA_CH1_ISR                          
0     00012d04  _DMA_CH2_ISR                          
0     00012d0e  _DMA_CH3_ISR                          
0     00012d18  _DMA_CH4_ISR                          
0     00012d22  _DMA_CH5_ISR                          
0     00012d2c  _DMA_CH6_ISR                          
1     00005c00  _DacaRegs                             
1     00005c10  _DacbRegs                             
1     00005c20  _DaccRegs                             
1     0005f070  _DcsmCommonRegs                       
1     00078000  _DcsmZ1Otp                            
1     0005f000  _DcsmZ1Regs                           
1     00078200  _DcsmZ2Otp                            
1     0005f040  _DcsmZ2Regs                           
1     0005d000  _DevCfgRegs                           
0     00013cb6  _DisableDog                           
0     00013c77  _DisablePeripheralClocks              
1     00007980  _DmaClaSrcSelRegs                     
1     00001000  _DmaRegs                              
1     0000ee6c  _ECAP                                 
0     00012c50  _ECAP1_ISR                            
0     00012c5a  _ECAP2_ISR                            
0     00012c64  _ECAP3_ISR                            
0     00012c6e  _ECAP4_ISR                            
0     00012c78  _ECAP5_ISR                            
0     00012c82  _ECAP6_ISR                            
1     00005000  _ECap1Regs                            
1     00005020  _ECap2Regs                            
1     00005040  _ECap3Regs                            
1     00005060  _ECap4Regs                            
1     00005080  _ECap5Regs                            
1     000050a0  _ECap6Regs                            
0     00012fb6  _EMIF_ERROR_ISR                       
0     00013010  _EMPTY_ISR                            
0     00012aca  _EMU_ISR                              
1     0000ee80  _EPWM                                 
0     00012f0c  _EPWM10_ISR                           
0     00012ee4  _EPWM10_TZ_ISR                        
0     00012f16  _EPWM11_ISR                           
0     00012eee  _EPWM11_TZ_ISR                        
0     00012f20  _EPWM12_ISR                           
0     00012ef8  _EPWM12_TZ_ISR                        
0     00012c00  _EPWM1_ISR                            
0     00012bb0  _EPWM1_TZ_ISR                         
0     00012c0a  _EPWM2_ISR                            
0     00012bba  _EPWM2_TZ_ISR                         
0     00012c14  _EPWM3_ISR                            
0     00012bc4  _EPWM3_TZ_ISR                         
0     00012c1e  _EPWM4_ISR                            
0     00012bce  _EPWM4_TZ_ISR                         
0     00012c28  _EPWM5_ISR                            
0     00012bd8  _EPWM5_TZ_ISR                         
0     00012c32  _EPWM6_ISR                            
0     00012be2  _EPWM6_TZ_ISR                         
0     00012c3c  _EPWM7_ISR                            
0     00012bec  _EPWM7_TZ_ISR                         
0     00012c46  _EPWM8_ISR                            
0     00012bf6  _EPWM8_TZ_ISR                         
0     00012f02  _EPWM9_ISR                            
0     00012eda  _EPWM9_TZ_ISR                         
1     00004900  _EPwm10Regs                           
1     00004a00  _EPwm11Regs                           
1     00004b00  _EPwm12Regs                           
1     00004000  _EPwm1Regs                            
1     00004100  _EPwm2Regs                            
1     00004200  _EPwm3Regs                            
1     00004300  _EPwm4Regs                            
1     00004400  _EPwm5Regs                            
1     00004500  _EPwm6Regs                            
1     00004600  _EPwm7Regs                            
1     00004700  _EPwm8Regs                            
1     00004800  _EPwm9Regs                            
1     00007a00  _EPwmXbarRegs                         
1     0000ee52  _EQEP                                 
0     00012c8c  _EQEP1_ISR                            
0     00012c96  _EQEP2_ISR                            
0     00012ca0  _EQEP3_ISR                            
1     00005100  _EQep1Regs                            
1     00005140  _EQep2Regs                            
1     00005180  _EQep3Regs                            
1     0005f480  _Emif1ConfigRegs                      
1     00047000  _Emif1Regs                            
1     0005f4a0  _Emif2ConfigRegs                      
1     00047800  _Emif2Regs                            
1     00000d01  _EmuBMode                             
1     00000d00  _EmuKey                               
0     0001639a  _EnableInterrupts                     
0     000003a7  _F28x_usDelay                         
0     00012fca  _FLASH_CORRECTABLE_ERROR_ISR          
0     00012e9e  _FPU_OVERFLOW_ISR                     
0     00012ea8  _FPU_UNDERFLOW_ISR                    
1     0005f800  _Flash0CtrlRegs                       
1     0005fb00  _Flash0EccRegs                        
1     00050024  _FlashPumpSemaphoreRegs               
0     00014675  _GPIO_EnableUnbondedIOPullups         
0     00014650  _GPIO_EnableUnbondedIOPullupsFor100Pin
0     00014637  _GPIO_EnableUnbondedIOPullupsFor176Pin
0     0001468b  _GPIO_ReadPin                         
0     000145dc  _GPIO_SetupLock                       
0     000144bc  _GPIO_SetupPinMux                     
0     00014548  _GPIO_SetupPinOptions                 
0     00014605  _GPIO_SetupXINT1Gpio                  
0     0001460f  _GPIO_SetupXINT2Gpio                  
0     00014619  _GPIO_SetupXINT3Gpio                  
0     00014623  _GPIO_SetupXINT4Gpio                  
0     0001462d  _GPIO_SetupXINT5Gpio                  
0     000146a2  _GPIO_WritePin                        
1     00007c00  _GpioCtrlRegs                         
1     00007f00  _GpioDataRegs                         
0     00013ec7  _HALT                                 
0     000141cc  _HAL_UART_MspDeInit                   
0     00014175  _HAL_UART_MspInit                     
0     00013ee0  _HIB                                  
1     0000ee48  _I2C                                  
0     00012d40  _I2CA_FIFO_ISR                        
0     00012d36  _I2CA_ISR                             
0     00012d54  _I2CB_FIFO_ISR                        
0     00012d4a  _I2CB_ISR                             
1     00007300  _I2caRegs                             
1     00007340  _I2cbRegs                             
0     00013eb3  _IDLE                                 
0     00012ade  _ILLEGAL_ISR                          
0     00012eb2  _IPC0_ISR                             
0     00012ebc  _IPC1_ISR                             
0     00012ec6  _IPC2_ISR                             
0     00012ed0  _IPC3_ISR                             
0     00013d8a  _InitAuxPll                           
0     00015e21  _InitCpuTimers                        
0     0001447c  _InitGpio                             
0     00013bf3  _InitPeripheralClocks                 
0     0001637b  _InitPieCtrl                          
0     000163a3  _InitPieVectTable                     
0     00013bc2  _InitSysCtrl                          
0     00013cc4  _InitSysPll                           
1     00007900  _InputXbarRegs                        
0     0001654d  _IntDefaultHandler                    
0     00014fe5  _IntDisable                           
0     00014f52  _IntEnable                            
0     00015065  _IntIFRClear                          
0     00014f22  _IntMasterDisable                     
0     00014f1a  _IntMasterEnable                      
0     00014f2a  _IntRegister                          
0     00014f3d  _IntUnregister                        
0     0001010e  _InternalUSBHCDSendEvent              
0     00015cbd  _InternalUSBRegisterTickHandler       
0     00015ced  _InternalUSBStartOfFrameTick          
0     00015c92  _InternalUSBTickInit                  
0     00015cb9  _InternalUSBTickReset                 
1     00050000  _IpcRegs                              
0     00012400  _LockPort                             
1     0000ee44  _MCBSP                                
0     00012cd2  _MCBSPA_RX_ISR                        
0     00012cdc  _MCBSPA_TX_ISR                        
0     00012ce6  _MCBSPB_RX_ISR                        
0     00012cf0  _MCBSPB_TX_ISR                        
1     00006000  _McbspaRegs                           
1     00006040  _McbspbRegs                           
1     0005f400  _MemCfgRegs                           
1     0005f500  _MemoryErrorRegs                      
0     00016206  _Mod_GetCrc16Bit                      
0     0001266f  _Mod_StdbusDealFram                   
0     000128f9  _Mod_StdbusDealPack                   
0     00012606  _Mod_StdbusFindDev                    
0     00012644  _Mod_StdbusFindPort                   
0     0001240f  _Mod_StdbusInit                       
0     000126ad  _Mod_StdbusMakePack                   
0     0001610d  _Mod_StdbusMasterInit                 
0     0001612e  _Mod_StdbusMasterPoll                 
0     00012a47  _Mod_StdbusPortPoll                   
0     00012560  _Mod_StdbusPortRecvOneByte            
0     000124c7  _Mod_StdbusPortSendOneByte            
0     000128ac  _Mod_StdbusReadCmd                    
0     00012442  _Mod_StdbusRegDev                     
0     00012416  _Mod_StdbusRegPort                    
0     0001248a  _Mod_StdbusRscPack                    
0     000127d1  _Mod_StdbusSend_Other                 
0     0001615d  _Mod_StdbusSlaveInit                  
0     0001617e  _Mod_StdbusSlavePoll                  
0     00012857  _Mod_StdbusWriteCmd                   
0     000155db  _Mod_Usb4000Init                      
0     000155ec  _Mod_Usb4000Poll                      
0     00015d5f  _Mod_UsbHostInit                      
0     00015d96  _Mod_UsbHostPoll                      
0     00015d22  _ModeCallback                         
0     00012ad4  _NMI_ISR                              
0     0001301d  _NOTUSED_ISR                          
1     00007060  _NmiIntruptRegs                       
0     0001441e  _OTGDeviceDisconnect                  
1     00007a80  _OutputXbarRegs                       
0     00013006  _PIE_RESERVED_ISR                     
0     000123e6  _PendMsg                              
1     00000ce0  _PieCtrlRegs                          
1     00000d00  _PieVectTable                         
1     0000820a  _PieVectTableInit                     
0     000123db  _PostMsg                              
0     00012fd4  _RAM_ACCESS_VIOLATION_ISR             
0     00012fc0  _RAM_CORRECTABLE_ERROR_ISR            
0     00012ac0  _RTOS_ISR                             
0     00013c9e  _ReleaseFlashPump                     
1     0005e608  _RomPrefetchRegs                      
1     0005f540  _RomWaitStateRegs                     
1     0000ee40  _SCI                                  
0     00012d86  _SCIA_RX_ISR                          
0     00012d90  _SCIA_TX_ISR                          
0     00012d9a  _SCIB_RX_ISR                          
0     00012da4  _SCIB_TX_ISR                          
0     00012d5e  _SCIC_RX_ISR                          
0     00012d68  _SCIC_TX_ISR                          
0     00012d72  _SCID_RX_ISR                          
0     00012d7c  _SCID_TX_ISR                          
0     00012f2a  _SD1_ISR                              
0     00012f34  _SD2_ISR                              
1     0000ee4c  _SDFM                                 
0     000155c3  _SPECallback                          
1     0000ee5a  _SPI                                  
[...]
0     000142ee  _USBDualModeTerm                      
0     00014307  _USBOTGModeTerm                       
0     00014323  _USBOTGModeInit                       
0     00014397  _USBOTGPollRate                       
0     0001439f  _USB0OTGModeIntHandler                
0     0001441e  _OTGDeviceDisconnect                  
0     0001442c  _USBOTGMain                           
0     0001447c  _InitGpio                             
0     000144bc  _GPIO_SetupPinMux                     
0     00014548  _GPIO_SetupPinOptions                 
0     000145dc  _GPIO_SetupLock                       
0     00014605  _GPIO_SetupXINT1Gpio                  
0     0001460f  _GPIO_SetupXINT2Gpio                  
0     00014619  _GPIO_SetupXINT3Gpio                  
0     00014623  _GPIO_SetupXINT4Gpio                  
0     0001462d  _GPIO_SetupXINT5Gpio                  
0     00014637  _GPIO_EnableUnbondedIOPullupsFor176Pin
0     00014650  _GPIO_EnableUnbondedIOPullupsFor100Pin
0     00014675  _GPIO_EnableUnbondedIOPullups         
0     0001468b  _GPIO_ReadPin                         
0     000146a2  _GPIO_WritePin                        
0     000146c0  _SysCtlPeripheralPresent              
0     000146df  _SysCtlPeripheralReady                
0     00014719  _SysCtlPeripheralReset                
0     00014745  _SysCtlPeripheralEnable               
0     0001475f  _SysCtlPeripheralDisable              
0     0001477a  _SysCtlReset                          
0     00014784  _SysCtlClockGet                       
0     000147d0  _SysCtlLowSpeedClockGet               
0     000147e7  _SysCtlClockSet                       
0     00014883  _SysCtlAuxClockSet                    
0     00014901  _SysCtlUSBPLLEnable                   
0     00014902  _SysCtlUSBPLLDisable                  
0     0001495d  _USBDeviceConfig                      
0     00014aa6  _USBDeviceConfigAlternate             
0     00014b13  _Bsp_SciaRecvIsr                      
0     00014b56  _Bsp_SciaSendIsr                      
0     00014b94  _Bsp_ScibRecvIsr                      
0     00014bd7  _Bsp_ScibSendIsr                      
0     00014c15  _Bsp_ScicRecvIsr                      
0     00014c58  _Bsp_ScicSendIsr                      
0     00014c96  _Bsp_ScidRecvIsr                      
0     00014cd9  _Bsp_ScidSendIsr                      
0     00014d17  _strtod                               
0     00014d17  _strtof                               
0     00014f1a  _IntMasterEnable                      
0     00014f22  _IntMasterDisable                     
0     00014f2a  _IntRegister                          
0     00014f3d  _IntUnregister                        
0     00014f52  _IntEnable                            
0     00014fe5  _IntDisable                           
0     00015065  _IntIFRClear                          
0     0001514c  _Bsp_GpioInit                         
0     00015257  _Bsp_GpioEvent                        
0     000152bd  _USBDCDConfigDescGetSize              
0     000152d7  _USBDCDConfigDescGetNum               
0     000152fd  _USBDCDConfigDescGet                  
0     00015343  _USBDCDConfigGetNumAlternateInterfaces
0     00015368  _USBDCDConfigGetInterface             
0     00015381  _USBDCDConfigGetInterfaceEndpoint     
0     000153b3  _Bsp_SoftTimerReg                     
0     000153d2  _Bsp_SoftTimerStart                   
0     000153fe  _Bsp_SoftTimerStop                    
0     0001541a  _Bsp_SoftTimerPoll                    
0     00015471  _Bsp_DelayUs                          
0     000154a9  _Bsp_DelayMs                          
0     000154bc  LL$$DIV                               
0     000154f8  LL$$MOD                               
0     00015532  ULL$$DIV                              
0     00015561  ULL$$MOD                              
0     000155c3  _SPECallback                          
0     000155db  _Mod_Usb4000Init                      
0     000155ec  _Mod_Usb4000Poll                      
0     000156af  _USBHSPESample                        
0     00015732  _USBLibDMAInit                        
0     0001578f  _USBDescGetNum                        
0     000157b7  _USBDescGet                           
0     000157e4  _USBDescGetNumAlternateInterfaces     
0     00015834  _USBDescGetInterface                  
0     0001584e  _USBDescGetInterfaceEndpoint          
0     00015861  _ldexpl                               
0     00015861  _scalbnl                              
0     0001590f  _xint1_isr                            
0     00015945  _xint2_isr                            
0     0001597b  _xint3_isr                            
0     000159b1  _Bsp_Dma1Isr                          
0     000159e6  _Bsp_Dma2Isr                          
0     00015a1b  _Bsp_Dma3Isr                          
0     00015a50  FD$$ADD                               
0     00015aec  _f28x_USB0DeviceIntHandler            
0     00015b1d  _f28x_USB0HostIntHandler              
0     00015b4e  _f28x_USB0DualModeIntHandler          
0     00015b7f  FD$$DIV                               
0     00015c0a  FS$$DIV                               
0     00015c92  _InternalUSBTickInit                  
0     00015cb9  _InternalUSBTickReset                 
0     00015cbd  _InternalUSBRegisterTickHandler       
0     00015ced  _InternalUSBStartOfFrameTick          
0     00015d22  _ModeCallback                         
0     00015d2b  _USBHCDEvents                         
0     00015d5f  _Mod_UsbHostInit                      
0     00015d96  _Mod_UsbHostPoll                      
0     00015d9a  _USBHConnectTimeOut                   
0     00015d9e  FD$$MPY                               
0     00015e21  _InitCpuTimers                        
0     00015e62  _ConfigCpuTimer                       
0     00015e9d  _USBGPIOEnable                        
0     00015eb7  _USBGPIODisable                       
0     00015ecd  _USBDelay                             
0     00015f0f  _cpu_timer0_isr                       
0     00015f44  _cpu_timer1_isr                       
0     00015f79  _Bsp_Time0Init                        
0     00015f90  _Bsp_Time0Start                       
0     00015f95  _Bsp_Time0Stop                        
0     00015f9a  _Bsp_Time0IntEnable                   
0     00015f9f  _Bsp_Time0IntDisable                  
0     00015fa4  _Bsp_Time0HookRegister                
0     00015fac  _Bsp_Time1Init                        
0     00015fc1  _Bsp_Time1Start                       
0     00015fc6  _Bsp_Time1Stop                        
0     00015fcb  _Bsp_Time1IntEnable                   
0     00015fce  _Bsp_Time1IntDisable                  
0     00015fd1  _Bsp_Time1HookRegister                
0     00015fd9  _frexpl                               
0     00016033  _ldexp                                
0     00016033  _ldexpf                               
0     00016033  _scalbn                               
0     00016033  _scalbnf                              
0     0001608d  _c_int00                              
0     0001610d  _Mod_StdbusMasterInit                 
0     0001612e  _Mod_StdbusMasterPoll                 
0     0001615d  _Mod_StdbusSlaveInit                  
0     0001617e  _Mod_StdbusSlavePoll                  
0     00016183  _main                                 
0     000161ca  _Bsp_Init                             
0     00016206  _Mod_GetCrc16Bit                      
0     0001623c  _App_StdbusMasterDealFram             
0     0001626d  _atoi                                 
0     0001629e  _ltoa                                 
0     000162ce  _vsprintf                             
0     000162fe  FD$$CMP                               
0     00016328  L$$DIV                                
0     00016337  L$$MOD                                
0     00016345  UL$$DIV                               
0     0001634c  UL$$MOD                               
0     00016352  C$$EXIT                               
0     00016352  _abort                                
0     00016354  _exit                                 
0     0001637b  _InitPieCtrl                          
0     0001639a  _EnableInterrupts                     
0     000163a3  _InitPieVectTable                     
0     000163c9  _copysignl                            
0     000163ee  _copy_in                              
0     00016412  FD$$TOI                               
0     00016433  FD$$TOL                               
0     00016452  LL$$CMP                               
0     00016464  ULL$$CMP                              
0     00016470  I$$TOFD                               
0     0001648d  _memcpy                               
0     000164aa  FS$$TOFD                              
0     000164c6  L$$TOFD                               
0     000164e2  __args_main                           
0     000164fb  LL$$AND                               
0     00016503  LL$$OR                                
0     0001650b  LL$$XOR                               
0     00016513  UL$$TOFD                              
0     00016529  _copysign                             
0     00016529  _copysignf                            
0     0001653b  _USB0DeviceIntHandler                 
0     0001654d  _IntDefaultHandler                    
0     0001655c  FD$$SUB                               
0     0001656a  _memccpy                              
0     00016577  _memset                               
0     00016583  _strchr                               
0     0001658f  __register_unlock                     
0     00016593  __register_lock                       
0     00016597  __nop                                 
0     00016598  FD$$NEG                               
0     000165a1  _wcslen                               
0     000165aa  _strlen                               
0     000165b2  _strcpy                               
0     000165b7  _atof                                 
0     000165bb  _SetDBGIER                            
0     000165be  __system_pre_init                     
0     0003f800  _g_asIPCCPU2toCPU1Buffers             
0     0003f880  _g_usGetWriteIndexes                  
0     0003f884  _g_usPutReadIndexes                   
1     00000400  __stack                               
1     00000600  __STACK_END                           
1     00000b00  _AdcaResultRegs                       
1     00000b20  _AdcbResultRegs                       
1     00000b40  _AdccResultRegs                       
1     00000b60  _AdcdResultRegs                       
1     00000c00  _CpuTimer0Regs                        
1     00000c08  _CpuTimer1Regs                        
1     00000c10  _CpuTimer2Regs                        
1     00000ce0  _PieCtrlRegs                          
1     00000d00  _EmuKey                               
1     00000d00  _PieVectTable                         
1     00000d01  _EmuBMode                             
1     00001000  _DmaRegs                              
1     00001400  _Cla1Regs                             
1     00004000  _EPwm1Regs                            
1     00004100  _EPwm2Regs                            
1     00004200  _EPwm3Regs                            
1     00004300  _EPwm4Regs                            
1     00004400  _EPwm5Regs                            
1     00004500  _EPwm6Regs                            
1     00004600  _EPwm7Regs                            
1     00004700  _EPwm8Regs                            
1     00004800  _EPwm9Regs                            
1     00004900  _EPwm10Regs                           
1     00004a00  _EPwm11Regs                           
1     00004b00  _EPwm12Regs                           
1     00005000  _ECap1Regs                            
1     00005020  _ECap2Regs                            
1     00005040  _ECap3Regs                            
1     00005060  _ECap4Regs                            
1     00005080  _ECap5Regs                            
1     000050a0  _ECap6Regs                            
1     00005100  _EQep1Regs                            
1     00005140  _EQep2Regs                            
1     00005180  _EQep3Regs                            
1     00005c00  _DacaRegs                             
1     00005c10  _DacbRegs                             
1     00005c20  _DaccRegs                             
1     00005c80  _Cmpss1Regs                           
1     00005ca0  _Cmpss2Regs                           
1     00005cc0  _Cmpss3Regs                           
1     00005ce0  _Cmpss4Regs                           
1     00005d00  _Cmpss5Regs                           
1     00005d20  _Cmpss6Regs                           
1     00005d40  _Cmpss7Regs                           
1     00005d60  _Cmpss8Regs                           
1     00005e00  _Sdfm1Regs                            
1     00005e80  _Sdfm2Regs                            
1     00006000  _McbspaRegs                           
1     00006040  _McbspbRegs                           
1     00006100  _SpiaRegs                             
1     00006110  _SpibRegs                             
1     00006120  _SpicRegs                             
1     00006200  _UppRegs                              
1     00007000  _WdRegs                               
1     00007060  _NmiIntruptRegs                       
1     00007070  _XintRegs                             
1     00007200  _SciaRegs                             
1     00007210  _ScibRegs                             
1     00007220  _ScicRegs                             
1     00007230  _ScidRegs                             
1     00007300  _I2caRegs                             
1     00007340  _I2cbRegs                             
1     00007400  _AdcaRegs                             
1     00007480  _AdcbRegs                             
1     00007500  _AdccRegs                             
1     00007580  _AdcdRegs                             
1     00007900  _InputXbarRegs                        
1     00007920  _XbarRegs                             
1     00007940  _SyncSocRegs                          
1     00007980  _DmaClaSrcSelRegs                     
1     00007a00  _EPwmXbarRegs                         
1     00007a80  _OutputXbarRegs                       
1     00007c00  _GpioCtrlRegs                         
1     00007f00  _GpioDataRegs                         
1     0000820a  _PieVectTableInit                     
1     00008521  __ctypes_                             
1     00008622  _auch_CRCHi                           
1     00008722  _auch_CRCLo                           
1     00008a42  _g_sUSBEventDriver                    
1     00008a4a  _g_sUSBHostSPEClassDriver             
1     00008a5a  _g_sUSBHubClassDriver                 
1     0000d002  _g_psSPEInstance                      
1     0000d004  _st_USBHSampleTimer                   
1     0000d040  _st_Usb4000                           
1     0000e082  _st_MainBoard                         
1     0000e08e  _st_StdbusMaster                      
1     0000e84e  _st_SoftTimerList                     
1     0000e87e  __lock                                
1     0000e880  _COM2                                 
1     0000e8a0  _COM1                                 
1     0000e8c0  _COM4                                 
1     0000e8e0  _COM3                                 
1     0000eb10  _g_bUSBTimerInitialized               
1     0000eb12  _g_ui32CurrentUSBTick                 
1     0000eb14  _g_ui32USBSOFCount                    
1     0000eb16  _g_pfnTickHandlers                    
1     0000eb22  _g_pvTickInstance                     
1     0000eb2e  _Bsp_At24c512                         
1     0000eb38  _tempSensor_tempOffset                
1     0000eb3a  _tempSensor_scaleFactor               
1     0000eb3c  _tempSensor_tempSlope                 
1     0000eb3e  __unlock                              
1     0000eb40  _st_PC                                
1     0000eb80  _st_StdbusSlave                       
1     0000ec24  _st_StdbusHost                        
1     0000ec2a  _ast_PortList                         
1     0000ec3e  _deviceOpen                           
1     0000ec3f  _errno                                
1     0000ec40  _g_eCurrentUSBMode                    
1     0000ec41  _g_eState                             
1     0000ec42  _st_USBHTimeOut                       
1     0000ec80  _g_pHCDPool                           
1     0000ed8c  _CpuTimer1                            
1     0000ed94  _CpuTimer2                            
1     0000ed9c  _CpuTimer0                            
1     0000eda5  _g_iUSBMode                           
1     0000eda6  _g_eOTGModeState                      
1     0000edaa  _g_ui32PollRate                       
1     0000edac  _g_ui32WaitTicks                      
1     0000edae  ___TI_enable_exit_profile_output      
1     0000edb0  ___TI_cleanup_ptr                     
1     0000edb2  ___TI_dtors_ptr                       
1     0000edc0  _g_ppsDevInfo                         
1     0000edc4  _g_psDCDInst                          
1     0000ee40  _SCI                                  
1     0000ee44  _MCBSP                                
1     0000ee48  _I2C                                  
1     0000ee4c  _SDFM                                 
1     0000ee52  _EQEP                                 
1     0000ee5a  _SPI                                  
1     0000ee62  _ADC                                  
1     0000ee6c  _ECAP                                 
1     0000ee80  _EPWM                                 
1     0000ee9a  _TRIP_SEL                             
1     0003fc00  _g_asIPCCPU1toCPU2Buffers             
1     0003fc80  _g_usPutWriteIndexes                  
1     0003fc84  _g_usGetReadIndexes                   
1     00047000  _Emif1Regs                            
1     00047800  _Emif2Regs                            
1     00048000  _CanaRegs                             
1     0004a000  _CanbRegs                             
1     00050000  _IpcRegs                              
1     00050024  _FlashPumpSemaphoreRegs               
1     0005d000  _DevCfgRegs                           
1     0005d180  _AnalogSubsysRegs                     
1     0005d200  _ClkCfgRegs                           
1     0005d300  _CpuSysRegs                           
1     0005e608  _RomPrefetchRegs                      
1     0005f000  _DcsmZ1Regs                           
1     0005f040  _DcsmZ2Regs                           
1     0005f070  _DcsmCommonRegs                       
1     0005f400  _MemCfgRegs                           
1     0005f480  _Emif1ConfigRegs                      
1     0005f4a0  _Emif2ConfigRegs                      
1     0005f4c0  _AccessProtectionRegs                 
1     0005f500  _MemoryErrorRegs                      
1     0005f540  _RomWaitStateRegs                     
1     0005f800  _Flash0CtrlRegs                       
1     0005fb00  _Flash0EccRegs                        
1     00078000  _DcsmZ1Otp                            
1     00078200  _DcsmZ2Otp                            
abs   00000200  __STACK_SIZE                          
abs   ffffffff  .text                                 
abs   ffffffff  ___TI_pprof_out_hndl                  
abs   ffffffff  ___TI_prof_data_size                  
abs   ffffffff  ___TI_prof_data_start                 
abs   ffffffff  ___binit__                            
abs   ffffffff  ___c_args__                           
abs   ffffffff  ___etext__                            
abs   ffffffff  ___pinit__                            
abs   ffffffff  ___text__                             
abs   ffffffff  binit                                 
abs   ffffffff  etext                                 
abs   ffffffff  pinit                                 

[739 symbols]
