<?xml version="1.0" encoding="ISO-8859-1" ?>
<link_info>
   <banner>TMS320C2000 Linker PC v18.1.4.LTS</banner>
   <copyright>Copyright (c) 1996-2018 Texas Instruments Incorporated</copyright>
   <link_time>0x5c454454</link_time>
   <link_errors>0x0</link_errors>
   <output_file>Project.out</output_file>
   <entry_point>
      <name>_c_int00</name>
      <address>0x1608d</address>
   </entry_point>
   <input_file_list>
      <input_file id="fl-2">
         <path>.\</path>
         <kind>object</kind>
         <file>usbhspe.obj</file>
         <name>usbhspe.obj</name>
      </input_file>
      <input_file id="fl-3">
         <path>.\Sources_App\</path>
         <kind>object</kind>
         <file>App_Main.obj</file>
         <name>App_Main.obj</name>
      </input_file>
      <input_file id="fl-4">
         <path>.\Sources_App\</path>
         <kind>object</kind>
         <file>App_MasterDeal.obj</file>
         <name>App_MasterDeal.obj</name>
      </input_file>
      <input_file id="fl-5">
         <path>.\Sources_Bsp\</path>
         <kind>object</kind>
         <file>Bsp.obj</file>
         <name>Bsp.obj</name>
      </input_file>
      <input_file id="fl-6">
         <path>.\Sources_Bsp\</path>
         <kind>object</kind>
         <file>Bsp_AD5546.obj</file>
         <name>Bsp_AD5546.obj</name>
      </input_file>
      <input_file id="fl-7">
         <path>.\Sources_Bsp\</path>
         <kind>object</kind>
         <file>Bsp_AD5663.obj</file>
         <name>Bsp_AD5663.obj</name>
      </input_file>
      <input_file id="fl-8">
         <path>.\Sources_Bsp\</path>
         <kind>object</kind>
         <file>Bsp_AD7622.obj</file>
         <name>Bsp_AD7622.obj</name>
      </input_file>
      <input_file id="fl-9">
         <path>.\Sources_Bsp\</path>
         <kind>object</kind>
         <file>Bsp_AT24C512.obj</file>
         <name>Bsp_AT24C512.obj</name>
      </input_file>
      <input_file id="fl-a">
         <path>.\Sources_Bsp\</path>
         <kind>object</kind>
         <file>Bsp_Dma.obj</file>
         <name>Bsp_Dma.obj</name>
      </input_file>
      <input_file id="fl-b">
         <path>.\Sources_Bsp\</path>
         <kind>object</kind>
         <file>Bsp_Gpio.obj</file>
         <name>Bsp_Gpio.obj</name>
      </input_file>
      <input_file id="fl-c">
         <path>.\Sources_Bsp\</path>
         <kind>object</kind>
         <file>Bsp_I2C.obj</file>
         <name>Bsp_I2C.obj</name>
      </input_file>
      <input_file id="fl-d">
         <path>.\Sources_Bsp\</path>
         <kind>object</kind>
         <file>Bsp_SoftTimer.obj</file>
         <name>Bsp_SoftTimer.obj</name>
      </input_file>
      <input_file id="fl-e">
         <path>.\Sources_Bsp\</path>
         <kind>object</kind>
         <file>Bsp_Spi.obj</file>
         <name>Bsp_Spi.obj</name>
      </input_file>
      <input_file id="fl-f">
         <path>.\Sources_Bsp\</path>
         <kind>object</kind>
         <file>Bsp_Sram.obj</file>
         <name>Bsp_Sram.obj</name>
      </input_file>
      <input_file id="fl-10">
         <path>.\Sources_Bsp\</path>
         <kind>object</kind>
         <file>Bsp_Timer.obj</file>
         <name>Bsp_Timer.obj</name>
      </input_file>
      <input_file id="fl-11">
         <path>.\Sources_Bsp\</path>
         <kind>object</kind>
         <file>Bsp_Usart.obj</file>
         <name>Bsp_Usart.obj</name>
      </input_file>
      <input_file id="fl-12">
         <path>.\Sources_Drive\</path>
         <kind>object</kind>
         <file>F2837xD_Adc.obj</file>
         <name>F2837xD_Adc.obj</name>
      </input_file>
      <input_file id="fl-13">
         <path>.\Sources_Drive\</path>
         <kind>object</kind>
         <file>F2837xD_CodeStartBranch.obj</file>
         <name>F2837xD_CodeStartBranch.obj</name>
      </input_file>
      <input_file id="fl-14">
         <path>.\Sources_Drive\</path>
         <kind>object</kind>
         <file>F2837xD_CpuTimers.obj</file>
         <name>F2837xD_CpuTimers.obj</name>
      </input_file>
      <input_file id="fl-15">
         <path>.\Sources_Drive\</path>
         <kind>object</kind>
         <file>F2837xD_DBGIER.obj</file>
         <name>F2837xD_DBGIER.obj</name>
      </input_file>
      <input_file id="fl-16">
         <path>.\Sources_Drive\</path>
         <kind>object</kind>
         <file>F2837xD_DefaultISR.obj</file>
         <name>F2837xD_DefaultISR.obj</name>
      </input_file>
      <input_file id="fl-17">
         <path>.\Sources_Drive\</path>
         <kind>object</kind>
         <file>F2837xD_Dma.obj</file>
         <name>F2837xD_Dma.obj</name>
      </input_file>
      <input_file id="fl-18">
         <path>.\Sources_Drive\</path>
         <kind>object</kind>
         <file>F2837xD_ECap.obj</file>
         <name>F2837xD_ECap.obj</name>
      </input_file>
      <input_file id="fl-19">
         <path>.\Sources_Drive\</path>
         <kind>object</kind>
         <file>F2837xD_EPwm.obj</file>
         <name>F2837xD_EPwm.obj</name>
      </input_file>
      <input_file id="fl-1a">
         <path>.\Sources_Drive\</path>
         <kind>object</kind>
         <file>F2837xD_EQep.obj</file>
         <name>F2837xD_EQep.obj</name>
      </input_file>
      <input_file id="fl-1b">
         <path>.\Sources_Drive\</path>
         <kind>object</kind>
         <file>F2837xD_Emif.obj</file>
         <name>F2837xD_Emif.obj</name>
      </input_file>
      <input_file id="fl-1c">
         <path>.\Sources_Drive\</path>
         <kind>object</kind>
         <file>F2837xD_GlobalVariableDefs.obj</file>
         <name>F2837xD_GlobalVariableDefs.obj</name>
      </input_file>
      <input_file id="fl-1d">
         <path>.\Sources_Drive\</path>
         <kind>object</kind>
         <file>F2837xD_Gpio.obj</file>
         <name>F2837xD_Gpio.obj</name>
      </input_file>
      <input_file id="fl-1e">
         <path>.\Sources_Drive\</path>
         <kind>object</kind>
         <file>F2837xD_I2C.obj</file>
         <name>F2837xD_I2C.obj</name>
      </input_file>
      <input_file id="fl-1f">
         <path>.\Sources_Drive\</path>
         <kind>object</kind>
         <file>F2837xD_Ipc.obj</file>
         <name>F2837xD_Ipc.obj</name>
      </input_file>
      <input_file id="fl-20">
         <path>.\Sources_Drive\</path>
         <kind>object</kind>
         <file>F2837xD_Ipc_Driver.obj</file>
         <name>F2837xD_Ipc_Driver.obj</name>
      </input_file>
      <input_file id="fl-21">
         <path>.\Sources_Drive\</path>
         <kind>object</kind>
         <file>F2837xD_Ipc_Driver_Lite.obj</file>
         <name>F2837xD_Ipc_Driver_Lite.obj</name>
      </input_file>
      <input_file id="fl-22">
         <path>.\Sources_Drive\</path>
         <kind>object</kind>
         <file>F2837xD_Ipc_Driver_Util.obj</file>
         <name>F2837xD_Ipc_Driver_Util.obj</name>
      </input_file>
      <input_file id="fl-23">
         <path>.\Sources_Drive\</path>
         <kind>object</kind>
         <file>F2837xD_Mcbsp.obj</file>
         <name>F2837xD_Mcbsp.obj</name>
      </input_file>
      <input_file id="fl-24">
         <path>.\Sources_Drive\</path>
         <kind>object</kind>
         <file>F2837xD_PieCtrl.obj</file>
         <name>F2837xD_PieCtrl.obj</name>
      </input_file>
      <input_file id="fl-25">
         <path>.\Sources_Drive\</path>
         <kind>object</kind>
         <file>F2837xD_PieVect.obj</file>
         <name>F2837xD_PieVect.obj</name>
      </input_file>
      <input_file id="fl-26">
         <path>.\Sources_Drive\</path>
         <kind>object</kind>
         <file>F2837xD_Sci.obj</file>
         <name>F2837xD_Sci.obj</name>
      </input_file>
      <input_file id="fl-27">
         <path>.\Sources_Drive\</path>
         <kind>object</kind>
         <file>F2837xD_Spi.obj</file>
         <name>F2837xD_Spi.obj</name>
      </input_file>
      <input_file id="fl-28">
         <path>.\Sources_Drive\</path>
         <kind>object</kind>
         <file>F2837xD_SysCtrl.obj</file>
         <name>F2837xD_SysCtrl.obj</name>
      </input_file>
      <input_file id="fl-29">
         <path>.\Sources_Drive\</path>
         <kind>object</kind>
         <file>F2837xD_TempSensorConv.obj</file>
         <name>F2837xD_TempSensorConv.obj</name>
      </input_file>
      <input_file id="fl-2a">
         <path>.\Sources_Drive\</path>
         <kind>object</kind>
         <file>F2837xD_Upp.obj</file>
         <name>F2837xD_Upp.obj</name>
      </input_file>
      <input_file id="fl-2b">
         <path>.\Sources_Drive\</path>
         <kind>object</kind>
         <file>F2837xD_can.obj</file>
         <name>F2837xD_can.obj</name>
      </input_file>
      <input_file id="fl-2c">
         <path>.\Sources_Drive\</path>
         <kind>object</kind>
         <file>F2837xD_sci_io.obj</file>
         <name>F2837xD_sci_io.obj</name>
      </input_file>
      <input_file id="fl-2d">
         <path>.\Sources_Drive\</path>
         <kind>object</kind>
         <file>F2837xD_sdfm_drivers.obj</file>
         <name>F2837xD_sdfm_drivers.obj</name>
      </input_file>
      <input_file id="fl-2e">
         <path>.\Sources_Drive\</path>
         <kind>object</kind>
         <file>F2837xD_struct.obj</file>
         <name>F2837xD_struct.obj</name>
      </input_file>
      <input_file id="fl-2f">
         <path>.\Sources_Drive\</path>
         <kind>object</kind>
         <file>F2837xD_usDelay.obj</file>
         <name>F2837xD_usDelay.obj</name>
      </input_file>
      <input_file id="fl-30">
         <path>.\Sources_DriveLib\</path>
         <kind>object</kind>
         <file>can.obj</file>
         <name>can.obj</name>
      </input_file>
      <input_file id="fl-31">
         <path>.\Sources_DriveLib\</path>
         <kind>object</kind>
         <file>interrupt.obj</file>
         <name>interrupt.obj</name>
      </input_file>
      <input_file id="fl-32">
         <path>.\Sources_DriveLib\</path>
         <kind>object</kind>
         <file>sysctl.obj</file>
         <name>sysctl.obj</name>
      </input_file>
      <input_file id="fl-33">
         <path>.\Sources_DriveLib\</path>
         <kind>object</kind>
         <file>systick.obj</file>
         <name>systick.obj</name>
      </input_file>
      <input_file id="fl-34">
         <path>.\Sources_DriveLib\</path>
         <kind>object</kind>
         <file>uart.obj</file>
         <name>uart.obj</name>
      </input_file>
      <input_file id="fl-35">
         <path>.\Sources_DriveLib\</path>
         <kind>object</kind>
         <file>uartstdio.obj</file>
         <name>uartstdio.obj</name>
      </input_file>
      <input_file id="fl-36">
         <path>.\Sources_DriveLib\</path>
         <kind>object</kind>
         <file>usb.obj</file>
         <name>usb.obj</name>
      </input_file>
      <input_file id="fl-37">
         <path>.\Sources_DriveLib\</path>
         <kind>object</kind>
         <file>usb_hal.obj</file>
         <name>usb_hal.obj</name>
      </input_file>
      <input_file id="fl-38">
         <path>.\Sources_Mod\</path>
         <kind>object</kind>
         <file>Mod_CRC16.obj</file>
         <name>Mod_CRC16.obj</name>
      </input_file>
      <input_file id="fl-39">
         <path>.\Sources_Mod\</path>
         <kind>object</kind>
         <file>Mod_StdbusCode.obj</file>
         <name>Mod_StdbusCode.obj</name>
      </input_file>
      <input_file id="fl-3a">
         <path>.\Sources_Mod\</path>
         <kind>object</kind>
         <file>Mod_StdbusMaster.obj</file>
         <name>Mod_StdbusMaster.obj</name>
      </input_file>
      <input_file id="fl-3b">
         <path>.\Sources_Mod\</path>
         <kind>object</kind>
         <file>Mod_StdbusSlave.obj</file>
         <name>Mod_StdbusSlave.obj</name>
      </input_file>
      <input_file id="fl-3c">
         <path>.\Sources_Mod\</path>
         <kind>object</kind>
         <file>Mod_Usb4000.obj</file>
         <name>Mod_Usb4000.obj</name>
      </input_file>
      <input_file id="fl-3d">
         <path>.\Sources_Mod\</path>
         <kind>object</kind>
         <file>Mod_UsbHost.obj</file>
         <name>Mod_UsbHost.obj</name>
      </input_file>
      <input_file id="fl-43">
         <kind>object</kind>
         <file>&lt;internal&gt;</file>
         <name>&lt;internal&gt;</name>
      </input_file>
      <input_file id="fl-44">
         <path>D:\Wangjiangbo\Documents\GitHub\__CCS\Gas_LaserBoard\F2837xD_common\lib\</path>
         <kind>archive</kind>
         <file>usblib.lib</file>
         <name>usbdesc.obj</name>
      </input_file>
      <input_file id="fl-45">
         <path>D:\Wangjiangbo\Documents\GitHub\__CCS\Gas_LaserBoard\F2837xD_common\lib\</path>
         <kind>archive</kind>
         <file>usblib.lib</file>
         <name>usbmode.obj</name>
      </input_file>
      <input_file id="fl-46">
         <path>D:\Wangjiangbo\Documents\GitHub\__CCS\Gas_LaserBoard\F2837xD_common\lib\</path>
         <kind>archive</kind>
         <file>usblib.lib</file>
         <name>usbtick.obj</name>
      </input_file>
      <input_file id="fl-47">
         <path>D:\Wangjiangbo\Documents\GitHub\__CCS\Gas_LaserBoard\F2837xD_common\lib\</path>
         <kind>archive</kind>
         <file>usblib.lib</file>
         <name>usbhostenum.obj</name>
      </input_file>
      <input_file id="fl-48">
         <path>D:\Wangjiangbo\Documents\GitHub\__CCS\Gas_LaserBoard\F2837xD_common\lib\</path>
         <kind>archive</kind>
         <file>usblib.lib</file>
         <name>usbdenum.obj</name>
      </input_file>
      <input_file id="fl-49">
         <path>D:\Wangjiangbo\Documents\GitHub\__CCS\Gas_LaserBoard\F2837xD_common\lib\</path>
         <kind>archive</kind>
         <file>usblib.lib</file>
         <name>usbdhandler.obj</name>
      </input_file>
      <input_file id="fl-4a">
         <path>D:\Wangjiangbo\Documents\GitHub\__CCS\Gas_LaserBoard\F2837xD_common\lib\</path>
         <kind>archive</kind>
         <file>usblib.lib</file>
         <name>usbdma.obj</name>
      </input_file>
      <input_file id="fl-4b">
         <path>D:\Wangjiangbo\Documents\GitHub\__CCS\Gas_LaserBoard\F2837xD_common\lib\</path>
         <kind>archive</kind>
         <file>usblib.lib</file>
         <name>usbhhub.obj</name>
      </input_file>
      <input_file id="fl-4c">
         <path>D:\Wangjiangbo\Documents\GitHub\__CCS\Gas_LaserBoard\F2837xD_common\lib\</path>
         <kind>archive</kind>
         <file>usblib.lib</file>
         <name>usbdcdesc.obj</name>
      </input_file>
      <input_file id="fl-4d">
         <path>D:\Wangjiangbo\Documents\GitHub\__CCS\Gas_LaserBoard\F2837xD_common\lib\</path>
         <kind>archive</kind>
         <file>usblib.lib</file>
         <name>usbdconfig.obj</name>
      </input_file>
      <input_file id="fl-4e">
         <path>C:\ti\ccsv8\tools\compiler\ti-cgt-c2000_18.1.4.LTS\lib\</path>
         <kind>archive</kind>
         <file>rts2800_fpu32.lib</file>
         <name>boot28.asm.obj</name>
      </input_file>
      <input_file id="fl-4f">
         <path>C:\ti\ccsv8\tools\compiler\ti-cgt-c2000_18.1.4.LTS\lib\</path>
         <kind>archive</kind>
         <file>rts2800_fpu32.lib</file>
         <name>fd_div28.asm.obj</name>
      </input_file>
      <input_file id="fl-50">
         <path>C:\ti\ccsv8\tools\compiler\ti-cgt-c2000_18.1.4.LTS\lib\</path>
         <kind>archive</kind>
         <file>rts2800_fpu32.lib</file>
         <name>fd_mpy28.asm.obj</name>
      </input_file>
      <input_file id="fl-51">
         <path>C:\ti\ccsv8\tools\compiler\ti-cgt-c2000_18.1.4.LTS\lib\</path>
         <kind>archive</kind>
         <file>rts2800_fpu32.lib</file>
         <name>fd_sub28.asm.obj</name>
      </input_file>
      <input_file id="fl-52">
         <path>C:\ti\ccsv8\tools\compiler\ti-cgt-c2000_18.1.4.LTS\lib\</path>
         <kind>archive</kind>
         <file>rts2800_fpu32.lib</file>
         <name>fd_tol28.asm.obj</name>
      </input_file>
      <input_file id="fl-53">
         <path>C:\ti\ccsv8\tools\compiler\ti-cgt-c2000_18.1.4.LTS\lib\</path>
         <kind>archive</kind>
         <file>rts2800_fpu32.lib</file>
         <name>ll_aox28.asm.obj</name>
      </input_file>
      <input_file id="fl-54">
         <path>C:\ti\ccsv8\tools\compiler\ti-cgt-c2000_18.1.4.LTS\lib\</path>
         <kind>archive</kind>
         <file>rts2800_fpu32.lib</file>
         <name>ul_tofd28.asm.obj</name>
      </input_file>
      <input_file id="fl-55">
         <path>C:\ti\ccsv8\tools\compiler\ti-cgt-c2000_18.1.4.LTS\lib\</path>
         <kind>archive</kind>
         <file>rts2800_fpu32.lib</file>
         <name>cpy_tbl.c.obj</name>
      </input_file>
      <input_file id="fl-56">
         <path>C:\ti\ccsv8\tools\compiler\ti-cgt-c2000_18.1.4.LTS\lib\</path>
         <kind>archive</kind>
         <file>rts2800_fpu32.lib</file>
         <name>memcpy.c.obj</name>
      </input_file>
      <input_file id="fl-57">
         <path>C:\ti\ccsv8\tools\compiler\ti-cgt-c2000_18.1.4.LTS\lib\</path>
         <kind>archive</kind>
         <file>rts2800_fpu32.lib</file>
         <name>pre_init.c.obj</name>
      </input_file>
      <input_file id="fl-58">
         <path>C:\ti\ccsv8\tools\compiler\ti-cgt-c2000_18.1.4.LTS\lib\</path>
         <kind>archive</kind>
         <file>rts2800_fpu32.lib</file>
         <name>startup.c.obj</name>
      </input_file>
      <input_file id="fl-59">
         <path>C:\ti\ccsv8\tools\compiler\ti-cgt-c2000_18.1.4.LTS\lib\</path>
         <kind>archive</kind>
         <file>rts2800_fpu32.lib</file>
         <name>exit.c.obj</name>
      </input_file>
      <input_file id="fl-5a">
         <path>C:\ti\ccsv8\tools\compiler\ti-cgt-c2000_18.1.4.LTS\lib\</path>
         <kind>archive</kind>
         <file>rts2800_fpu32.lib</file>
         <name>_lock.c.obj</name>
      </input_file>
      <input_file id="fl-5b">
         <path>C:\ti\ccsv8\tools\compiler\ti-cgt-c2000_18.1.4.LTS\lib\</path>
         <kind>archive</kind>
         <file>rts2800_fpu32.lib</file>
         <name>args_main.c.obj</name>
      </input_file>
      <input_file id="fl-5c">
         <path>C:\ti\ccsv8\tools\compiler\ti-cgt-c2000_18.1.4.LTS\lib\</path>
         <kind>archive</kind>
         <file>rts2800_fpu32.lib</file>
         <name>atof.c.obj</name>
      </input_file>
      <input_file id="fl-5d">
         <path>C:\ti\ccsv8\tools\compiler\ti-cgt-c2000_18.1.4.LTS\lib\</path>
         <kind>archive</kind>
         <file>rts2800_fpu32.lib</file>
         <name>atoi.c.obj</name>
      </input_file>
      <input_file id="fl-5e">
         <path>C:\ti\ccsv8\tools\compiler\ti-cgt-c2000_18.1.4.LTS\lib\</path>
         <kind>archive</kind>
         <file>rts2800_fpu32.lib</file>
         <name>ctype.c.obj</name>
      </input_file>
      <input_file id="fl-5f">
         <path>C:\ti\ccsv8\tools\compiler\ti-cgt-c2000_18.1.4.LTS\lib\</path>
         <kind>archive</kind>
         <file>rts2800_fpu32.lib</file>
         <name>memset.c.obj</name>
      </input_file>
      <input_file id="fl-60">
         <path>C:\ti\ccsv8\tools\compiler\ti-cgt-c2000_18.1.4.LTS\lib\</path>
         <kind>archive</kind>
         <file>rts2800_fpu32.lib</file>
         <name>strlen.c.obj</name>
      </input_file>
      <input_file id="fl-61">
         <path>C:\ti\ccsv8\tools\compiler\ti-cgt-c2000_18.1.4.LTS\lib\</path>
         <kind>archive</kind>
         <file>rts2800_fpu32.lib</file>
         <name>strtod.c.obj</name>
      </input_file>
      <input_file id="fl-62">
         <path>C:\ti\ccsv8\tools\compiler\ti-cgt-c2000_18.1.4.LTS\lib\</path>
         <kind>archive</kind>
         <file>rts2800_fpu32.lib</file>
         <name>vsprintf.c.obj</name>
      </input_file>
      <input_file id="fl-63">
         <path>C:\ti\ccsv8\tools\compiler\ti-cgt-c2000_18.1.4.LTS\lib\</path>
         <kind>archive</kind>
         <file>rts2800_fpu32.lib</file>
         <name>s_scalbnf.c.obj</name>
      </input_file>
      <input_file id="fl-64">
         <path>C:\ti\ccsv8\tools\compiler\ti-cgt-c2000_18.1.4.LTS\lib\</path>
         <kind>archive</kind>
         <file>rts2800_fpu32.lib</file>
         <name>fd_add28.asm.obj</name>
      </input_file>
      <input_file id="fl-65">
         <path>C:\ti\ccsv8\tools\compiler\ti-cgt-c2000_18.1.4.LTS\lib\</path>
         <kind>archive</kind>
         <file>rts2800_fpu32.lib</file>
         <name>fs_div28.asm.obj</name>
      </input_file>
      <input_file id="fl-66">
         <path>C:\ti\ccsv8\tools\compiler\ti-cgt-c2000_18.1.4.LTS\lib\</path>
         <kind>archive</kind>
         <file>rts2800_fpu32.lib</file>
         <name>errno.c.obj</name>
      </input_file>
      <input_file id="fl-67">
         <path>C:\ti\ccsv8\tools\compiler\ti-cgt-c2000_18.1.4.LTS\lib\</path>
         <kind>archive</kind>
         <file>rts2800_fpu32.lib</file>
         <name>_printfi.c.obj</name>
      </input_file>
      <input_file id="fl-68">
         <path>C:\ti\ccsv8\tools\compiler\ti-cgt-c2000_18.1.4.LTS\lib\</path>
         <kind>archive</kind>
         <file>rts2800_fpu32.lib</file>
         <name>ltoa.c.obj</name>
      </input_file>
      <input_file id="fl-69">
         <path>C:\ti\ccsv8\tools\compiler\ti-cgt-c2000_18.1.4.LTS\lib\</path>
         <kind>archive</kind>
         <file>rts2800_fpu32.lib</file>
         <name>memccpy.c.obj</name>
      </input_file>
      <input_file id="fl-6a">
         <path>C:\ti\ccsv8\tools\compiler\ti-cgt-c2000_18.1.4.LTS\lib\</path>
         <kind>archive</kind>
         <file>rts2800_fpu32.lib</file>
         <name>strchr.c.obj</name>
      </input_file>
      <input_file id="fl-6b">
         <path>C:\ti\ccsv8\tools\compiler\ti-cgt-c2000_18.1.4.LTS\lib\</path>
         <kind>archive</kind>
         <file>rts2800_fpu32.lib</file>
         <name>strcpy.c.obj</name>
      </input_file>
      <input_file id="fl-6c">
         <path>C:\ti\ccsv8\tools\compiler\ti-cgt-c2000_18.1.4.LTS\lib\</path>
         <kind>archive</kind>
         <file>rts2800_fpu32.lib</file>
         <name>s_copysignf.c.obj</name>
      </input_file>
      <input_file id="fl-6d">
         <path>C:\ti\ccsv8\tools\compiler\ti-cgt-c2000_18.1.4.LTS\lib\</path>
         <kind>archive</kind>
         <file>rts2800_fpu32.lib</file>
         <name>s_frexp.c.obj</name>
      </input_file>
      <input_file id="fl-6e">
         <path>C:\ti\ccsv8\tools\compiler\ti-cgt-c2000_18.1.4.LTS\lib\</path>
         <kind>archive</kind>
         <file>rts2800_fpu32.lib</file>
         <name>s_scalbn.c.obj</name>
      </input_file>
      <input_file id="fl-6f">
         <path>C:\ti\ccsv8\tools\compiler\ti-cgt-c2000_18.1.4.LTS\lib\</path>
         <kind>archive</kind>
         <file>rts2800_fpu32.lib</file>
         <name>s_copysign.c.obj</name>
      </input_file>
      <input_file id="fl-70">
         <path>C:\ti\ccsv8\tools\compiler\ti-cgt-c2000_18.1.4.LTS\lib\</path>
         <kind>archive</kind>
         <file>rts2800_fpu32.lib</file>
         <name>fd_cmp28.asm.obj</name>
      </input_file>
      <input_file id="fl-71">
         <path>C:\ti\ccsv8\tools\compiler\ti-cgt-c2000_18.1.4.LTS\lib\</path>
         <kind>archive</kind>
         <file>rts2800_fpu32.lib</file>
         <name>fd_neg28.asm.obj</name>
      </input_file>
      <input_file id="fl-72">
         <path>C:\ti\ccsv8\tools\compiler\ti-cgt-c2000_18.1.4.LTS\lib\</path>
         <kind>archive</kind>
         <file>rts2800_fpu32.lib</file>
         <name>fd_toi28.asm.obj</name>
      </input_file>
      <input_file id="fl-73">
         <path>C:\ti\ccsv8\tools\compiler\ti-cgt-c2000_18.1.4.LTS\lib\</path>
         <kind>archive</kind>
         <file>rts2800_fpu32.lib</file>
         <name>ll_cmp28.asm.obj</name>
      </input_file>
      <input_file id="fl-74">
         <path>C:\ti\ccsv8\tools\compiler\ti-cgt-c2000_18.1.4.LTS\lib\</path>
         <kind>archive</kind>
         <file>rts2800_fpu32.lib</file>
         <name>ll_div28.asm.obj</name>
      </input_file>
      <input_file id="fl-75">
         <path>C:\ti\ccsv8\tools\compiler\ti-cgt-c2000_18.1.4.LTS\lib\</path>
         <kind>archive</kind>
         <file>rts2800_fpu32.lib</file>
         <name>i_tofd28.asm.obj</name>
      </input_file>
      <input_file id="fl-76">
         <path>C:\ti\ccsv8\tools\compiler\ti-cgt-c2000_18.1.4.LTS\lib\</path>
         <kind>archive</kind>
         <file>rts2800_fpu32.lib</file>
         <name>l_tofd28.asm.obj</name>
      </input_file>
      <input_file id="fl-77">
         <path>C:\ti\ccsv8\tools\compiler\ti-cgt-c2000_18.1.4.LTS\lib\</path>
         <kind>archive</kind>
         <file>rts2800_fpu32.lib</file>
         <name>l_div28.asm.obj</name>
      </input_file>
      <input_file id="fl-78">
         <path>C:\ti\ccsv8\tools\compiler\ti-cgt-c2000_18.1.4.LTS\lib\</path>
         <kind>archive</kind>
         <file>rts2800_fpu32.lib</file>
         <name>fs_tofdfpu32.asm.obj</name>
      </input_file>
      <input_file id="fl-79">
         <path>C:\ti\ccsv8\tools\compiler\ti-cgt-c2000_18.1.4.LTS\lib\</path>
         <kind>archive</kind>
         <file>rts2800_fpu32.lib</file>
         <name>wcslen.c.obj</name>
      </input_file>
   </input_file_list>
   <object_component_list>
      <object_component id="oc-ec">
         <name>codestart</name>
         <load_address>0x0</load_address>
         <run_address>0x0</run_address>
         <size>0x2</size>
         <input_file_ref idref="fl-13"/>
      </object_component>
      <object_component id="oc-366">
         <name>.text</name>
         <load_address>0xf000</load_address>
         <run_address>0xf000</run_address>
         <size>0x1603</size>
         <input_file_ref idref="fl-47"/>
      </object_component>
      <object_component id="oc-35f">
         <name>.text</name>
         <load_address>0x10603</load_address>
         <run_address>0x10603</run_address>
         <size>0x1</size>
         <input_file_ref idref="fl-58"/>
      </object_component>
      <object_component id="oc-389">
         <name>.text</name>
         <load_address>0x10604</load_address>
         <run_address>0x10604</run_address>
         <size>0xd6f</size>
         <input_file_ref idref="fl-67"/>
      </object_component>
      <object_component id="oc-373">
         <name>.text</name>
         <load_address>0x11373</load_address>
         <run_address>0x11373</run_address>
         <size>0x85d</size>
         <input_file_ref idref="fl-48"/>
      </object_component>
      <object_component id="oc-372">
         <name>.text</name>
         <load_address>0x11bd0</load_address>
         <run_address>0x11bd0</run_address>
         <size>0x80b</size>
         <input_file_ref idref="fl-36"/>
      </object_component>
      <object_component id="oc-384">
         <name>.text</name>
         <load_address>0x123db</load_address>
         <run_address>0x123db</run_address>
         <size>0x6c7</size>
         <input_file_ref idref="fl-39"/>
      </object_component>
      <object_component id="oc-fd">
         <name>.text:retain</name>
         <load_address>0x12aa2</load_address>
         <run_address>0x12aa2</run_address>
         <size>0x585</size>
         <input_file_ref idref="fl-16"/>
      </object_component>
      <object_component id="oc-36a">
         <name>.text</name>
         <load_address>0x13027</load_address>
         <run_address>0x13027</run_address>
         <size>0x406</size>
         <input_file_ref idref="fl-4b"/>
      </object_component>
      <object_component id="oc-380">
         <name>.text</name>
         <load_address>0x1342d</load_address>
         <run_address>0x1342d</run_address>
         <size>0x404</size>
         <input_file_ref idref="fl-17"/>
      </object_component>
      <object_component id="oc-379">
         <name>.text</name>
         <load_address>0x13831</load_address>
         <run_address>0x13831</run_address>
         <size>0x391</size>
         <input_file_ref idref="fl-2"/>
      </object_component>
      <object_component id="oc-37e">
         <name>.text</name>
         <load_address>0x13bc2</load_address>
         <run_address>0x13bc2</run_address>
         <size>0x33b</size>
         <input_file_ref idref="fl-28"/>
      </object_component>
      <object_component id="oc-364">
         <name>.text</name>
         <load_address>0x13efd</load_address>
         <run_address>0x13efd</run_address>
         <size>0x323</size>
         <input_file_ref idref="fl-11"/>
      </object_component>
      <object_component id="oc-367">
         <name>.text</name>
         <load_address>0x14220</load_address>
         <run_address>0x14220</run_address>
         <size>0x25c</size>
         <input_file_ref idref="fl-45"/>
      </object_component>
      <object_component id="oc-362">
         <name>.text</name>
         <load_address>0x1447c</load_address>
         <run_address>0x1447c</run_address>
         <size>0x244</size>
         <input_file_ref idref="fl-1d"/>
      </object_component>
      <object_component id="oc-377">
         <name>.text</name>
         <load_address>0x146c0</load_address>
         <run_address>0x146c0</run_address>
         <size>0x243</size>
         <input_file_ref idref="fl-32"/>
      </object_component>
      <object_component id="oc-38c">
         <name>.text</name>
         <load_address>0x14903</load_address>
         <run_address>0x14903</run_address>
         <size>0x210</size>
         <input_file_ref idref="fl-4d"/>
      </object_component>
      <object_component id="oc-e1">
         <name>.text:retain</name>
         <load_address>0x14b13</load_address>
         <run_address>0x14b13</run_address>
         <size>0x204</size>
         <input_file_ref idref="fl-11"/>
      </object_component>
      <object_component id="oc-38d">
         <name>.text</name>
         <load_address>0x14d17</load_address>
         <run_address>0x14d17</run_address>
         <size>0x203</size>
         <input_file_ref idref="fl-61"/>
      </object_component>
      <object_component id="oc-374">
         <name>.text</name>
         <load_address>0x14f1a</load_address>
         <run_address>0x14f1a</run_address>
         <size>0x1ca</size>
         <input_file_ref idref="fl-31"/>
      </object_component>
      <object_component id="oc-363">
         <name>.text</name>
         <load_address>0x150e4</load_address>
         <run_address>0x150e4</run_address>
         <size>0x178</size>
         <input_file_ref idref="fl-b"/>
      </object_component>
      <object_component id="oc-38b">
         <name>.text</name>
         <load_address>0x1525c</load_address>
         <run_address>0x1525c</run_address>
         <size>0x157</size>
         <input_file_ref idref="fl-4c"/>
      </object_component>
      <object_component id="oc-370">
         <name>.text</name>
         <load_address>0x153b3</load_address>
         <run_address>0x153b3</run_address>
         <size>0x109</size>
         <input_file_ref idref="fl-d"/>
      </object_component>
      <object_component id="oc-33f">
         <name>.text</name>
         <load_address>0x154bc</load_address>
         <run_address>0x154bc</run_address>
         <size>0x107</size>
         <input_file_ref idref="fl-74"/>
      </object_component>
      <object_component id="oc-368">
         <name>.text</name>
         <load_address>0x155c3</load_address>
         <run_address>0x155c3</run_address>
         <size>0xf4</size>
         <input_file_ref idref="fl-3c"/>
      </object_component>
      <object_component id="oc-375">
         <name>.text</name>
         <load_address>0x156b7</load_address>
         <run_address>0x156b7</run_address>
         <size>0xd8</size>
         <input_file_ref idref="fl-4a"/>
      </object_component>
      <object_component id="oc-378">
         <name>.text</name>
         <load_address>0x1578f</load_address>
         <run_address>0x1578f</run_address>
         <size>0xd2</size>
         <input_file_ref idref="fl-44"/>
      </object_component>
      <object_component id="oc-398">
         <name>.text</name>
         <load_address>0x15861</load_address>
         <run_address>0x15861</run_address>
         <size>0xae</size>
         <input_file_ref idref="fl-6e"/>
      </object_component>
      <object_component id="oc-b9">
         <name>.text:retain</name>
         <load_address>0x1590f</load_address>
         <run_address>0x1590f</run_address>
         <size>0xa2</size>
         <input_file_ref idref="fl-b"/>
      </object_component>
      <object_component id="oc-b3">
         <name>.text:retain</name>
         <load_address>0x159b1</load_address>
         <run_address>0x159b1</run_address>
         <size>0x9f</size>
         <input_file_ref idref="fl-a"/>
      </object_component>
      <object_component id="oc-2ec">
         <name>.text</name>
         <load_address>0x15a50</load_address>
         <run_address>0x15a50</run_address>
         <size>0x9c</size>
         <input_file_ref idref="fl-64"/>
      </object_component>
      <object_component id="oc-20e">
         <name>.text:retain</name>
         <load_address>0x15aec</load_address>
         <run_address>0x15aec</run_address>
         <size>0x93</size>
         <input_file_ref idref="fl-37"/>
      </object_component>
      <object_component id="oc-283">
         <name>.text</name>
         <load_address>0x15b7f</load_address>
         <run_address>0x15b7f</run_address>
         <size>0x8b</size>
         <input_file_ref idref="fl-4f"/>
      </object_component>
      <object_component id="oc-2f1">
         <name>.text</name>
         <load_address>0x15c0a</load_address>
         <run_address>0x15c0a</run_address>
         <size>0x88</size>
         <input_file_ref idref="fl-65"/>
      </object_component>
      <object_component id="oc-376">
         <name>.text</name>
         <load_address>0x15c92</load_address>
         <run_address>0x15c92</run_address>
         <size>0x88</size>
         <input_file_ref idref="fl-46"/>
      </object_component>
      <object_component id="oc-369">
         <name>.text</name>
         <load_address>0x15d1a</load_address>
         <run_address>0x15d1a</run_address>
         <size>0x84</size>
         <input_file_ref idref="fl-3d"/>
      </object_component>
      <object_component id="oc-288">
         <name>.text</name>
         <load_address>0x15d9e</load_address>
         <run_address>0x15d9e</run_address>
         <size>0x83</size>
         <input_file_ref idref="fl-50"/>
      </object_component>
      <object_component id="oc-37f">
         <name>.text</name>
         <load_address>0x15e21</load_address>
         <run_address>0x15e21</run_address>
         <size>0x7c</size>
         <input_file_ref idref="fl-14"/>
      </object_component>
      <object_component id="oc-37c">
         <name>.text</name>
         <load_address>0x15e9d</load_address>
         <run_address>0x15e9d</run_address>
         <size>0x72</size>
         <input_file_ref idref="fl-37"/>
      </object_component>
      <object_component id="oc-d9">
         <name>.text:retain</name>
         <load_address>0x15f0f</load_address>
         <run_address>0x15f0f</run_address>
         <size>0x6a</size>
         <input_file_ref idref="fl-10"/>
      </object_component>
      <object_component id="oc-392">
         <name>.text</name>
         <load_address>0x15f79</load_address>
         <run_address>0x15f79</run_address>
         <size>0x60</size>
         <input_file_ref idref="fl-10"/>
      </object_component>
      <object_component id="oc-397">
         <name>.text</name>
         <load_address>0x15fd9</load_address>
         <run_address>0x15fd9</run_address>
         <size>0x5a</size>
         <input_file_ref idref="fl-6d"/>
      </object_component>
      <object_component id="oc-3a0">
         <name>.text</name>
         <load_address>0x16033</load_address>
         <run_address>0x16033</run_address>
         <size>0x5a</size>
         <input_file_ref idref="fl-63"/>
      </object_component>
      <object_component id="oc-83">
         <name>.text</name>
         <load_address>0x1608d</load_address>
         <run_address>0x1608d</run_address>
         <size>0x56</size>
         <input_file_ref idref="fl-4e"/>
      </object_component>
      <object_component id="oc-386">
         <name>.text</name>
         <load_address>0x160e3</load_address>
         <run_address>0x160e3</run_address>
         <size>0x50</size>
         <input_file_ref idref="fl-3a"/>
      </object_component>
      <object_component id="oc-385">
         <name>.text</name>
         <load_address>0x16133</load_address>
         <run_address>0x16133</run_address>
         <size>0x50</size>
         <input_file_ref idref="fl-3b"/>
      </object_component>
      <object_component id="oc-36c">
         <name>.text</name>
         <load_address>0x16183</load_address>
         <run_address>0x16183</run_address>
         <size>0x47</size>
         <input_file_ref idref="fl-3"/>
      </object_component>
      <object_component id="oc-383">
         <name>.text</name>
         <load_address>0x161ca</load_address>
         <run_address>0x161ca</run_address>
         <size>0x3c</size>
         <input_file_ref idref="fl-5"/>
      </object_component>
      <object_component id="oc-394">
         <name>.text</name>
         <load_address>0x16206</load_address>
         <run_address>0x16206</run_address>
         <size>0x36</size>
         <input_file_ref idref="fl-38"/>
      </object_component>
      <object_component id="oc-393">
         <name>.text</name>
         <load_address>0x1623c</load_address>
         <run_address>0x1623c</run_address>
         <size>0x31</size>
         <input_file_ref idref="fl-4"/>
      </object_component>
      <object_component id="oc-37b">
         <name>.text</name>
         <load_address>0x1626d</load_address>
         <run_address>0x1626d</run_address>
         <size>0x31</size>
         <input_file_ref idref="fl-5d"/>
      </object_component>
      <object_component id="oc-396">
         <name>.text</name>
         <load_address>0x1629e</load_address>
         <run_address>0x1629e</run_address>
         <size>0x30</size>
         <input_file_ref idref="fl-68"/>
      </object_component>
      <object_component id="oc-36f">
         <name>.text</name>
         <load_address>0x162ce</load_address>
         <run_address>0x162ce</run_address>
         <size>0x30</size>
         <input_file_ref idref="fl-62"/>
      </object_component>
      <object_component id="oc-32b">
         <name>.text</name>
         <load_address>0x162fe</load_address>
         <run_address>0x162fe</run_address>
         <size>0x2a</size>
         <input_file_ref idref="fl-70"/>
      </object_component>
      <object_component id="oc-34e">
         <name>.text</name>
         <load_address>0x16328</load_address>
         <run_address>0x16328</run_address>
         <size>0x2a</size>
         <input_file_ref idref="fl-77"/>
      </object_component>
      <object_component id="oc-361">
         <name>.text</name>
         <load_address>0x16352</load_address>
         <run_address>0x16352</run_address>
         <size>0x29</size>
         <input_file_ref idref="fl-59"/>
      </object_component>
      <object_component id="oc-381">
         <name>.text</name>
         <load_address>0x1637b</load_address>
         <run_address>0x1637b</run_address>
         <size>0x28</size>
         <input_file_ref idref="fl-24"/>
      </object_component>
      <object_component id="oc-382">
         <name>.text</name>
         <load_address>0x163a3</load_address>
         <run_address>0x163a3</run_address>
         <size>0x26</size>
         <input_file_ref idref="fl-25"/>
      </object_component>
      <object_component id="oc-3a3">
         <name>.text</name>
         <load_address>0x163c9</load_address>
         <run_address>0x163c9</run_address>
         <size>0x25</size>
         <input_file_ref idref="fl-6f"/>
      </object_component>
      <object_component id="oc-35e">
         <name>.text</name>
         <load_address>0x163ee</load_address>
         <run_address>0x163ee</run_address>
         <size>0x24</size>
         <input_file_ref idref="fl-55"/>
      </object_component>
      <object_component id="oc-335">
         <name>.text</name>
         <load_address>0x16412</load_address>
         <run_address>0x16412</run_address>
         <size>0x21</size>
         <input_file_ref idref="fl-72"/>
      </object_component>
      <object_component id="oc-292">
         <name>.text</name>
         <load_address>0x16433</load_address>
         <run_address>0x16433</run_address>
         <size>0x1f</size>
         <input_file_ref idref="fl-52"/>
      </object_component>
      <object_component id="oc-33a">
         <name>.text</name>
         <load_address>0x16452</load_address>
         <run_address>0x16452</run_address>
         <size>0x1e</size>
         <input_file_ref idref="fl-73"/>
      </object_component>
      <object_component id="oc-344">
         <name>.text</name>
         <load_address>0x16470</load_address>
         <run_address>0x16470</run_address>
         <size>0x1d</size>
         <input_file_ref idref="fl-75"/>
      </object_component>
      <object_component id="oc-36b">
         <name>.text</name>
         <load_address>0x1648d</load_address>
         <run_address>0x1648d</run_address>
         <size>0x1d</size>
         <input_file_ref idref="fl-56"/>
      </object_component>
      <object_component id="oc-353">
         <name>.text</name>
         <load_address>0x164aa</load_address>
         <run_address>0x164aa</run_address>
         <size>0x1c</size>
         <input_file_ref idref="fl-78"/>
      </object_component>
      <object_component id="oc-349">
         <name>.text</name>
         <load_address>0x164c6</load_address>
         <run_address>0x164c6</run_address>
         <size>0x1c</size>
         <input_file_ref idref="fl-76"/>
      </object_component>
      <object_component id="oc-360">
         <name>.text</name>
         <load_address>0x164e2</load_address>
         <run_address>0x164e2</run_address>
         <size>0x19</size>
         <input_file_ref idref="fl-5b"/>
      </object_component>
      <object_component id="oc-297">
         <name>.text</name>
         <load_address>0x164fb</load_address>
         <run_address>0x164fb</run_address>
         <size>0x18</size>
         <input_file_ref idref="fl-53"/>
      </object_component>
      <object_component id="oc-29c">
         <name>.text</name>
         <load_address>0x16513</load_address>
         <run_address>0x16513</run_address>
         <size>0x16</size>
         <input_file_ref idref="fl-54"/>
      </object_component>
      <object_component id="oc-3a4">
         <name>.text</name>
         <load_address>0x16529</load_address>
         <run_address>0x16529</run_address>
         <size>0x12</size>
         <input_file_ref idref="fl-6c"/>
      </object_component>
      <object_component id="oc-365">
         <name>.text</name>
         <load_address>0x1653b</load_address>
         <run_address>0x1653b</run_address>
         <size>0x12</size>
         <input_file_ref idref="fl-49"/>
      </object_component>
      <object_component id="oc-1ea">
         <name>.text:retain</name>
         <load_address>0x1654d</load_address>
         <run_address>0x1654d</run_address>
         <size>0xf</size>
         <input_file_ref idref="fl-31"/>
      </object_component>
      <object_component id="oc-28d">
         <name>.text</name>
         <load_address>0x1655c</load_address>
         <run_address>0x1655c</run_address>
         <size>0xe</size>
         <input_file_ref idref="fl-51"/>
      </object_component>
      <object_component id="oc-39c">
         <name>.text</name>
         <load_address>0x1656a</load_address>
         <run_address>0x1656a</run_address>
         <size>0xd</size>
         <input_file_ref idref="fl-69"/>
      </object_component>
      <object_component id="oc-39a">
         <name>.text</name>
         <load_address>0x16577</load_address>
         <run_address>0x16577</run_address>
         <size>0xc</size>
         <input_file_ref idref="fl-5f"/>
      </object_component>
      <object_component id="oc-399">
         <name>.text</name>
         <load_address>0x16583</load_address>
         <run_address>0x16583</run_address>
         <size>0xc</size>
         <input_file_ref idref="fl-6a"/>
      </object_component>
      <object_component id="oc-387">
         <name>.text</name>
         <load_address>0x1658f</load_address>
         <run_address>0x1658f</run_address>
         <size>0x9</size>
         <input_file_ref idref="fl-5a"/>
      </object_component>
      <object_component id="oc-330">
         <name>.text</name>
         <load_address>0x16598</load_address>
         <run_address>0x16598</run_address>
         <size>0x9</size>
         <input_file_ref idref="fl-71"/>
      </object_component>
      <object_component id="oc-39d">
         <name>.text</name>
         <load_address>0x165a1</load_address>
         <run_address>0x165a1</run_address>
         <size>0x9</size>
         <input_file_ref idref="fl-79"/>
      </object_component>
      <object_component id="oc-371">
         <name>.text</name>
         <load_address>0x165aa</load_address>
         <run_address>0x165aa</run_address>
         <size>0x8</size>
         <input_file_ref idref="fl-60"/>
      </object_component>
      <object_component id="oc-39b">
         <name>.text</name>
         <load_address>0x165b2</load_address>
         <run_address>0x165b2</run_address>
         <size>0x5</size>
         <input_file_ref idref="fl-6b"/>
      </object_component>
      <object_component id="oc-37a">
         <name>.text</name>
         <load_address>0x165b7</load_address>
         <run_address>0x165b7</run_address>
         <size>0x4</size>
         <input_file_ref idref="fl-5c"/>
      </object_component>
      <object_component id="oc-f7">
         <name>.text</name>
         <load_address>0x165bb</load_address>
         <run_address>0x165bb</run_address>
         <size>0x3</size>
         <input_file_ref idref="fl-15"/>
      </object_component>
      <object_component id="oc-35d">
         <name>.text</name>
         <load_address>0x165be</load_address>
         <run_address>0x165be</run_address>
         <size>0x2</size>
         <input_file_ref idref="fl-57"/>
      </object_component>
      <object_component id="oc-df">
         <name>.cinit</name>
         <load_address>0x122</load_address>
         <run_address>0x122</run_address>
         <size>0x94</size>
         <input_file_ref idref="fl-11"/>
      </object_component>
      <object_component id="oc-1dc">
         <name>.cinit</name>
         <load_address>0x1b6</load_address>
         <run_address>0x1b6</run_address>
         <size>0x90</size>
         <input_file_ref idref="fl-2e"/>
      </object_component>
      <object_component id="oc-254">
         <name>.cinit</name>
         <load_address>0x246</load_address>
         <run_address>0x246</run_address>
         <size>0x46</size>
         <input_file_ref idref="fl-47"/>
      </object_component>
      <object_component id="oc-222">
         <name>.cinit</name>
         <load_address>0x28c</load_address>
         <run_address>0x28c</run_address>
         <size>0x41</size>
         <input_file_ref idref="fl-3a"/>
      </object_component>
      <object_component id="oc-22a">
         <name>.cinit</name>
         <load_address>0x2cd</load_address>
         <run_address>0x2cd</run_address>
         <size>0x41</size>
         <input_file_ref idref="fl-3b"/>
      </object_component>
      <object_component id="oc-232">
         <name>.cinit</name>
         <load_address>0x30e</load_address>
         <run_address>0x30e</run_address>
         <size>0x14</size>
         <input_file_ref idref="fl-3c"/>
      </object_component>
      <object_component id="oc-b1">
         <name>.cinit</name>
         <load_address>0x322</load_address>
         <run_address>0x322</run_address>
         <size>0xf</size>
         <input_file_ref idref="fl-a"/>
      </object_component>
      <object_component id="oc-2b6">
         <name>.cinit</name>
         <load_address>0x331</load_address>
         <run_address>0x331</run_address>
         <size>0xe</size>
         <input_file_ref idref="fl-59"/>
      </object_component>
      <object_component id="oc-24d">
         <name>.cinit</name>
         <load_address>0x33f</load_address>
         <run_address>0x33f</run_address>
         <size>0xe</size>
         <input_file_ref idref="fl-46"/>
      </object_component>
      <object_component id="oc-246">
         <name>.cinit</name>
         <load_address>0x34d</load_address>
         <run_address>0x34d</run_address>
         <size>0xd</size>
         <input_file_ref idref="fl-45"/>
      </object_component>
      <object_component id="oc-239">
         <name>.cinit</name>
         <load_address>0x35a</load_address>
         <run_address>0x35a</run_address>
         <size>0xb</size>
         <input_file_ref idref="fl-3d"/>
      </object_component>
      <object_component id="oc-d7">
         <name>.cinit</name>
         <load_address>0x365</load_address>
         <run_address>0x365</run_address>
         <size>0xa</size>
         <input_file_ref idref="fl-10"/>
      </object_component>
      <object_component id="oc-200">
         <name>.cinit</name>
         <load_address>0x36f</load_address>
         <run_address>0x36f</run_address>
         <size>0x9</size>
         <input_file_ref idref="fl-35"/>
      </object_component>
      <object_component id="oc-21a">
         <name>.cinit</name>
         <load_address>0x378</load_address>
         <run_address>0x378</run_address>
         <size>0x8</size>
         <input_file_ref idref="fl-39"/>
      </object_component>
      <object_component id="oc-c5">
         <name>.cinit</name>
         <load_address>0x380</load_address>
         <run_address>0x380</run_address>
         <size>0x7</size>
         <input_file_ref idref="fl-d"/>
      </object_component>
      <object_component id="oc-85">
         <name>.cinit</name>
         <load_address>0x387</load_address>
         <run_address>0x387</run_address>
         <size>0x7</size>
         <input_file_ref idref="fl-2"/>
      </object_component>
      <object_component id="oc-36e">
         <name>.cinit:__lock</name>
         <load_address>0x38e</load_address>
         <run_address>0x38e</run_address>
         <size>0x5</size>
         <input_file_ref idref="fl-5a"/>
      </object_component>
      <object_component id="oc-388">
         <name>.cinit:__unlock</name>
         <load_address>0x393</load_address>
         <run_address>0x393</run_address>
         <size>0x5</size>
         <input_file_ref idref="fl-5a"/>
      </object_component>
      <object_component id="oc-25b">
         <name>.cinit</name>
         <load_address>0x398</load_address>
         <run_address>0x398</run_address>
         <size>0x5</size>
         <input_file_ref idref="fl-48"/>
      </object_component>
      <object_component id="oc-1d0">
         <name>.cinit</name>
         <load_address>0x39d</load_address>
         <run_address>0x39d</run_address>
         <size>0x4</size>
         <input_file_ref idref="fl-2c"/>
      </object_component>
      <object_component id="oc-2f7">
         <name>.cinit</name>
         <load_address>0x3a1</load_address>
         <run_address>0x3a1</run_address>
         <size>0x4</size>
         <input_file_ref idref="fl-66"/>
      </object_component>
      <object_component id="oc-27e">
         <name>.reset</name>
         <load_address>0x3fffc0</load_address>
         <run_address>0x3fffc0</run_address>
         <size>0x2</size>
         <input_file_ref idref="fl-4e"/>
      </object_component>
      <object_component id="oc-27d">
         <name>.stack</name>
         <uninitialized>true</uninitialized>
         <run_address>0x400</run_address>
         <size>0x0</size>
         <input_file_ref idref="fl-4e"/>
      </object_component>
      <object_component id="oc-42d">
         <name>.stack</name>
         <uninitialized>true</uninitialized>
         <run_address>0x400</run_address>
         <size>0x0</size>
      </object_component>
      <object_component id="oc-86">
         <name>.ebss</name>
         <uninitialized>true</uninitialized>
         <run_address>0xe070</run_address>
         <size>0x10</size>
         <input_file_ref idref="fl-2"/>
      </object_component>
      <object_component id="oc-b2">
         <name>.ebss</name>
         <uninitialized>true</uninitialized>
         <run_address>0xe878</run_address>
         <size>0x6</size>
         <input_file_ref idref="fl-a"/>
      </object_component>
      <object_component id="oc-bf">
         <name>.ebss</name>
         <uninitialized>true</uninitialized>
         <run_address>0xeb2e</run_address>
         <size>0xa</size>
         <input_file_ref idref="fl-c"/>
      </object_component>
      <object_component id="oc-c6">
         <name>.ebss</name>
         <uninitialized>true</uninitialized>
         <run_address>0xe84e</run_address>
         <size>0x2a</size>
         <input_file_ref idref="fl-d"/>
      </object_component>
      <object_component id="oc-d8">
         <name>.ebss</name>
         <uninitialized>true</uninitialized>
         <run_address>0xedb4</run_address>
         <size>0x4</size>
         <input_file_ref idref="fl-10"/>
      </object_component>
      <object_component id="oc-e0">
         <name>.ebss</name>
         <uninitialized>true</uninitialized>
         <run_address>0xe880</run_address>
         <size>0x290</size>
         <input_file_ref idref="fl-11"/>
      </object_component>
      <object_component id="oc-f2">
         <name>.ebss</name>
         <uninitialized>true</uninitialized>
         <run_address>0xed8c</run_address>
         <size>0x18</size>
         <input_file_ref idref="fl-14"/>
      </object_component>
      <object_component id="oc-1c0">
         <name>.ebss</name>
         <uninitialized>true</uninitialized>
         <run_address>0xeb38</run_address>
         <size>0x6</size>
         <input_file_ref idref="fl-29"/>
      </object_component>
      <object_component id="oc-1d1">
         <name>.ebss</name>
         <uninitialized>true</uninitialized>
         <run_address>0xec3e</run_address>
         <size>0x1</size>
         <input_file_ref idref="fl-2c"/>
      </object_component>
      <object_component id="oc-1dd">
         <name>.ebss</name>
         <uninitialized>true</uninitialized>
         <run_address>0xee40</run_address>
         <size>0x78</size>
         <input_file_ref idref="fl-2e"/>
      </object_component>
      <object_component id="oc-201">
         <name>.ebss</name>
         <uninitialized>true</uninitialized>
         <run_address>0xedb8</run_address>
         <size>0x4</size>
         <input_file_ref idref="fl-35"/>
      </object_component>
      <object_component id="oc-21b">
         <name>.ebss</name>
         <uninitialized>true</uninitialized>
         <run_address>0xec24</run_address>
         <size>0x1a</size>
         <input_file_ref idref="fl-39"/>
      </object_component>
      <object_component id="oc-223">
         <name>.ebss</name>
         <uninitialized>true</uninitialized>
         <run_address>0xe080</run_address>
         <size>0x440</size>
         <input_file_ref idref="fl-3a"/>
      </object_component>
      <object_component id="oc-22b">
         <name>.ebss</name>
         <uninitialized>true</uninitialized>
         <run_address>0xeb40</run_address>
         <size>0xe4</size>
         <input_file_ref idref="fl-3b"/>
      </object_component>
      <object_component id="oc-233">
         <name>.ebss</name>
         <uninitialized>true</uninitialized>
         <run_address>0xd000</run_address>
         <size>0x1070</size>
         <input_file_ref idref="fl-3c"/>
      </object_component>
      <object_component id="oc-23a">
         <name>.ebss</name>
         <uninitialized>true</uninitialized>
         <run_address>0xec40</run_address>
         <size>0xc0</size>
         <input_file_ref idref="fl-3d"/>
      </object_component>
      <object_component id="oc-247">
         <name>.ebss</name>
         <uninitialized>true</uninitialized>
         <run_address>0xeda4</run_address>
         <size>0xa</size>
         <input_file_ref idref="fl-45"/>
      </object_component>
      <object_component id="oc-24e">
         <name>.ebss</name>
         <uninitialized>true</uninitialized>
         <run_address>0xeb10</run_address>
         <size>0x1e</size>
         <input_file_ref idref="fl-46"/>
      </object_component>
      <object_component id="oc-255">
         <name>.ebss</name>
         <uninitialized>true</uninitialized>
         <run_address>0xe4c0</run_address>
         <size>0x38e</size>
         <input_file_ref idref="fl-47"/>
      </object_component>
      <object_component id="oc-25c">
         <name>.ebss</name>
         <uninitialized>true</uninitialized>
         <run_address>0xedc0</run_address>
         <size>0x80</size>
         <input_file_ref idref="fl-48"/>
      </object_component>
      <object_component id="oc-267">
         <name>.ebss</name>
         <uninitialized>true</uninitialized>
         <run_address>0xed00</run_address>
         <size>0x8c</size>
         <input_file_ref idref="fl-4a"/>
      </object_component>
      <object_component id="oc-26d">
         <name>.ebss</name>
         <uninitialized>true</uninitialized>
         <run_address>0xeec0</run_address>
         <size>0x3e</size>
         <input_file_ref idref="fl-4b"/>
      </object_component>
      <object_component id="oc-2b7">
         <name>.ebss</name>
         <uninitialized>true</uninitialized>
         <run_address>0xedae</run_address>
         <size>0x6</size>
         <input_file_ref idref="fl-59"/>
      </object_component>
      <object_component id="oc-395">
         <name>.ebss:__unlock</name>
         <uninitialized>true</uninitialized>
         <run_address>0xeb3e</run_address>
         <size>0x2</size>
         <input_file_ref idref="fl-5a"/>
      </object_component>
      <object_component id="oc-36d">
         <name>.ebss:__lock</name>
         <uninitialized>true</uninitialized>
         <run_address>0xe87e</run_address>
         <size>0x2</size>
         <input_file_ref idref="fl-5a"/>
      </object_component>
      <object_component id="oc-2f8">
         <name>.ebss</name>
         <uninitialized>true</uninitialized>
         <run_address>0xec3f</run_address>
         <size>0x1</size>
         <input_file_ref idref="fl-66"/>
      </object_component>
      <object_component id="oc-21c">
         <name>.econst:.string</name>
         <load_address>0x8000</load_address>
         <run_address>0x8000</run_address>
         <size>0x20a</size>
         <input_file_ref idref="fl-39"/>
      </object_component>
      <object_component id="oc-391">
         <name>.econst:_PieVectTableInit</name>
         <load_address>0x820a</load_address>
         <run_address>0x820a</run_address>
         <size>0x1c0</size>
         <input_file_ref idref="fl-25"/>
      </object_component>
      <object_component id="oc-8d">
         <name>.econst:.string</name>
         <load_address>0x83ca</load_address>
         <run_address>0x83ca</run_address>
         <size>0x157</size>
         <input_file_ref idref="fl-3"/>
      </object_component>
      <object_component id="oc-38e">
         <name>.econst:.string:__ctypes_</name>
         <load_address>0x8521</load_address>
         <run_address>0x8521</run_address>
         <size>0x101</size>
         <input_file_ref idref="fl-5e"/>
      </object_component>
      <object_component id="oc-3a1">
         <name>.econst:.string:_auch_CRCHi</name>
         <load_address>0x8622</load_address>
         <run_address>0x8622</run_address>
         <size>0x100</size>
         <input_file_ref idref="fl-38"/>
      </object_component>
      <object_component id="oc-3a2">
         <name>.econst:.string:_auch_CRCLo</name>
         <load_address>0x8722</load_address>
         <run_address>0x8722</run_address>
         <size>0x100</size>
         <input_file_ref idref="fl-38"/>
      </object_component>
      <object_component id="oc-23b">
         <name>.econst:.string</name>
         <load_address>0x8822</load_address>
         <run_address>0x8822</run_address>
         <size>0xa3</size>
         <input_file_ref idref="fl-3d"/>
      </object_component>
      <object_component id="oc-87">
         <name>.econst:.string</name>
         <load_address>0x88c6</load_address>
         <run_address>0x88c6</run_address>
         <size>0x5b</size>
         <input_file_ref idref="fl-2"/>
      </object_component>
      <object_component id="oc-2fc">
         <name>.econst:.string</name>
         <load_address>0x8922</load_address>
         <run_address>0x8922</run_address>
         <size>0x26</size>
         <input_file_ref idref="fl-67"/>
      </object_component>
      <object_component id="oc-203">
         <name>.econst:.string</name>
         <load_address>0x8948</load_address>
         <run_address>0x8948</run_address>
         <size>0x22</size>
         <input_file_ref idref="fl-35"/>
      </object_component>
      <object_component id="oc-39e">
         <name>.econst:_digits</name>
         <load_address>0x896a</load_address>
         <run_address>0x896a</run_address>
         <size>0x20</size>
         <input_file_ref idref="fl-61"/>
      </object_component>
      <object_component id="oc-2fb">
         <name>.econst</name>
         <load_address>0x898a</load_address>
         <run_address>0x898a</run_address>
         <size>0x1c</size>
         <input_file_ref idref="fl-67"/>
      </object_component>
      <object_component id="oc-321">
         <name>.econst</name>
         <load_address>0x89a6</load_address>
         <run_address>0x89a6</run_address>
         <size>0x1c</size>
         <input_file_ref idref="fl-6e"/>
      </object_component>
      <object_component id="oc-38a">
         <name>.econst:_g_psUSBDStdRequests</name>
         <load_address>0x89c2</load_address>
         <run_address>0x89c2</run_address>
         <size>0x1a</size>
         <input_file_ref idref="fl-48"/>
      </object_component>
      <object_component id="oc-e2">
         <name>.econst:.string</name>
         <load_address>0x89dc</load_address>
         <run_address>0x89dc</run_address>
         <size>0x17</size>
         <input_file_ref idref="fl-11"/>
      </object_component>
      <object_component id="oc-224">
         <name>.econst:.string</name>
         <load_address>0x89f4</load_address>
         <run_address>0x89f4</run_address>
         <size>0x17</size>
         <input_file_ref idref="fl-3a"/>
      </object_component>
      <object_component id="oc-22c">
         <name>.econst:.string</name>
         <load_address>0x8a0c</load_address>
         <run_address>0x8a0c</run_address>
         <size>0x11</size>
         <input_file_ref idref="fl-3b"/>
      </object_component>
      <object_component id="oc-c7">
         <name>.econst</name>
         <load_address>0x8a1e</load_address>
         <run_address>0x8a1e</run_address>
         <size>0xc</size>
         <input_file_ref idref="fl-d"/>
      </object_component>
      <object_component id="oc-39f">
         <name>.econst:_powerof10</name>
         <load_address>0x8a2a</load_address>
         <run_address>0x8a2a</run_address>
         <size>0xc</size>
         <input_file_ref idref="fl-61"/>
      </object_component>
      <object_component id="oc-20f">
         <name>.econst</name>
         <load_address>0x8a36</load_address>
         <run_address>0x8a36</run_address>
         <size>0xc</size>
         <input_file_ref idref="fl-37"/>
      </object_component>
      <object_component id="oc-390">
         <name>.econst:_g_sUSBEventDriver</name>
         <load_address>0x8a42</load_address>
         <run_address>0x8a42</run_address>
         <size>0x8</size>
         <input_file_ref idref="fl-3d"/>
      </object_component>
      <object_component id="oc-38f">
         <name>.econst:_g_sUSBHostSPEClassDriver</name>
         <load_address>0x8a4a</load_address>
         <run_address>0x8a4a</run_address>
         <size>0x8</size>
         <input_file_ref idref="fl-2"/>
      </object_component>
      <object_component id="oc-31b">
         <name>.econst</name>
         <load_address>0x8a52</load_address>
         <run_address>0x8a52</run_address>
         <size>0x8</size>
         <input_file_ref idref="fl-6d"/>
      </object_component>
      <object_component id="oc-26e">
         <name>.econst</name>
         <load_address>0x8a5a</load_address>
         <run_address>0x8a5a</run_address>
         <size>0x8</size>
         <input_file_ref idref="fl-4b"/>
      </object_component>
      <object_component id="oc-2e7">
         <name>.econst</name>
         <load_address>0x8a62</load_address>
         <run_address>0x8a62</run_address>
         <size>0x6</size>
         <input_file_ref idref="fl-63"/>
      </object_component>
      <object_component id="oc-37d">
         <name>.econst:_g_ppHostClassDrivers</name>
         <load_address>0x8a68</load_address>
         <run_address>0x8a68</run_address>
         <size>0x4</size>
         <input_file_ref idref="fl-3d"/>
      </object_component>
      <object_component id="oc-202">
         <name>.econst</name>
         <load_address>0x8a6c</load_address>
         <run_address>0x8a6c</run_address>
         <size>0x2</size>
         <input_file_ref idref="fl-35"/>
      </object_component>
      <object_component id="oc-1df">
         <name>.TI.ramfunc</name>
         <load_address>0x3a7</load_address>
         <run_address>0x3a7</run_address>
         <size>0x4</size>
         <input_file_ref idref="fl-2f"/>
      </object_component>
      <object_component id="oc-1f0">
         <name>.TI.ramfunc</name>
         <load_address>0x3ab</load_address>
         <run_address>0x3ab</run_address>
         <size>0x4</size>
         <input_file_ref idref="fl-32"/>
      </object_component>
      <object_component id="oc-194">
         <name>PUTBUFFER</name>
         <uninitialized>true</uninitialized>
         <run_address>0x3fc00</run_address>
         <size>0x80</size>
         <input_file_ref idref="fl-20"/>
      </object_component>
      <object_component id="oc-191">
         <name>PUTWRITEIDX</name>
         <uninitialized>true</uninitialized>
         <run_address>0x3fc80</run_address>
         <size>0x4</size>
         <input_file_ref idref="fl-20"/>
      </object_component>
      <object_component id="oc-193">
         <name>GETREADIDX</name>
         <uninitialized>true</uninitialized>
         <run_address>0x3fc84</run_address>
         <size>0x4</size>
         <input_file_ref idref="fl-20"/>
      </object_component>
      <object_component id="oc-195">
         <name>GETBUFFER</name>
         <uninitialized>true</uninitialized>
         <run_address>0x3f800</run_address>
         <size>0x80</size>
         <input_file_ref idref="fl-20"/>
      </object_component>
      <object_component id="oc-190">
         <name>GETWRITEIDX</name>
         <uninitialized>true</uninitialized>
         <run_address>0x3f880</run_address>
         <size>0x4</size>
         <input_file_ref idref="fl-20"/>
      </object_component>
      <object_component id="oc-192">
         <name>PUTREADIDX</name>
         <uninitialized>true</uninitialized>
         <run_address>0x3f884</run_address>
         <size>0x4</size>
         <input_file_ref idref="fl-20"/>
      </object_component>
      <object_component id="oc-17e">
         <name>PieVectTableFile</name>
         <uninitialized>true</uninitialized>
         <run_address>0xd00</run_address>
         <size>0x1c0</size>
         <input_file_ref idref="fl-1c"/>
      </object_component>
      <object_component id="oc-11d">
         <name>EmuKeyVar</name>
         <uninitialized>true</uninitialized>
         <run_address>0xd00</run_address>
         <size>0x1</size>
         <input_file_ref idref="fl-1c"/>
      </object_component>
      <object_component id="oc-11c">
         <name>EmuBModeVar</name>
         <uninitialized>true</uninitialized>
         <run_address>0xd01</run_address>
         <size>0x1</size>
         <input_file_ref idref="fl-1c"/>
      </object_component>
      <object_component id="oc-134">
         <name>AdcaResultFile</name>
         <uninitialized>true</uninitialized>
         <run_address>0xb00</run_address>
         <size>0x18</size>
         <input_file_ref idref="fl-1c"/>
      </object_component>
      <object_component id="oc-135">
         <name>AdcbResultFile</name>
         <uninitialized>true</uninitialized>
         <run_address>0xb20</run_address>
         <size>0x18</size>
         <input_file_ref idref="fl-1c"/>
      </object_component>
      <object_component id="oc-133">
         <name>AdccResultFile</name>
         <uninitialized>true</uninitialized>
         <run_address>0xb40</run_address>
         <size>0x18</size>
         <input_file_ref idref="fl-1c"/>
      </object_component>
      <object_component id="oc-136">
         <name>AdcdResultFile</name>
         <uninitialized>true</uninitialized>
         <run_address>0xb60</run_address>
         <size>0x18</size>
         <input_file_ref idref="fl-1c"/>
      </object_component>
      <object_component id="oc-169">
         <name>AdcaRegsFile</name>
         <uninitialized>true</uninitialized>
         <run_address>0x7400</run_address>
         <size>0x80</size>
         <input_file_ref idref="fl-1c"/>
      </object_component>
      <object_component id="oc-166">
         <name>AdcbRegsFile</name>
         <uninitialized>true</uninitialized>
         <run_address>0x7480</run_address>
         <size>0x80</size>
         <input_file_ref idref="fl-1c"/>
      </object_component>
      <object_component id="oc-165">
         <name>AdccRegsFile</name>
         <uninitialized>true</uninitialized>
         <run_address>0x7500</run_address>
         <size>0x80</size>
         <input_file_ref idref="fl-1c"/>
      </object_component>
      <object_component id="oc-16a">
         <name>AdcdRegsFile</name>
         <uninitialized>true</uninitialized>
         <run_address>0x7580</run_address>
         <size>0x80</size>
         <input_file_ref idref="fl-1c"/>
      </object_component>
      <object_component id="oc-160">
         <name>AnalogSubsysRegsFile</name>
         <uninitialized>true</uninitialized>
         <run_address>0x5d180</run_address>
         <size>0x48</size>
         <input_file_ref idref="fl-1c"/>
      </object_component>
      <object_component id="oc-17a">
         <name>CanaRegsFile</name>
         <uninitialized>true</uninitialized>
         <run_address>0x48000</run_address>
         <size>0x164</size>
         <input_file_ref idref="fl-1c"/>
      </object_component>
      <object_component id="oc-17b">
         <name>CanbRegsFile</name>
         <uninitialized>true</uninitialized>
         <run_address>0x4a000</run_address>
         <size>0x164</size>
         <input_file_ref idref="fl-1c"/>
      </object_component>
      <object_component id="oc-15b">
         <name>Cla1RegsFile</name>
         <uninitialized>true</uninitialized>
         <run_address>0x1400</run_address>
         <size>0x3e</size>
         <input_file_ref idref="fl-1c"/>
      </object_component>
      <object_component id="oc-121">
         <name>Cla1SoftIntRegsFile</name>
         <uninitialized>true</uninitialized>
         <run_address>0xce0</run_address>
         <size>0x4</size>
         <input_file_ref idref="fl-1c"/>
      </object_component>
      <object_component id="oc-147">
         <name>Cmpss1RegsFile</name>
         <uninitialized>true</uninitialized>
         <run_address>0x5c80</run_address>
         <size>0x20</size>
         <input_file_ref idref="fl-1c"/>
      </object_component>
      <object_component id="oc-146">
         <name>Cmpss2RegsFile</name>
         <uninitialized>true</uninitialized>
         <run_address>0x5ca0</run_address>
         <size>0x20</size>
         <input_file_ref idref="fl-1c"/>
      </object_component>
      <object_component id="oc-149">
         <name>Cmpss3RegsFile</name>
         <uninitialized>true</uninitialized>
         <run_address>0x5cc0</run_address>
         <size>0x20</size>
         <input_file_ref idref="fl-1c"/>
      </object_component>
      <object_component id="oc-148">
         <name>Cmpss4RegsFile</name>
         <uninitialized>true</uninitialized>
         <run_address>0x5ce0</run_address>
         <size>0x20</size>
         <input_file_ref idref="fl-1c"/>
      </object_component>
      <object_component id="oc-143">
         <name>Cmpss5RegsFile</name>
         <uninitialized>true</uninitialized>
         <run_address>0x5d00</run_address>
         <size>0x20</size>
         <input_file_ref idref="fl-1c"/>
      </object_component>
      <object_component id="oc-142">
         <name>Cmpss6RegsFile</name>
         <uninitialized>true</uninitialized>
         <run_address>0x5d20</run_address>
         <size>0x20</size>
         <input_file_ref idref="fl-1c"/>
      </object_component>
      <object_component id="oc-145">
         <name>Cmpss7RegsFile</name>
         <uninitialized>true</uninitialized>
         <run_address>0x5d40</run_address>
         <size>0x20</size>
         <input_file_ref idref="fl-1c"/>
      </object_component>
      <object_component id="oc-144">
         <name>Cmpss8RegsFile</name>
         <uninitialized>true</uninitialized>
         <run_address>0x5d60</run_address>
         <size>0x20</size>
         <input_file_ref idref="fl-1c"/>
      </object_component>
      <object_component id="oc-125">
         <name>CpuTimer0RegsFile</name>
         <uninitialized>true</uninitialized>
         <run_address>0xc00</run_address>
         <size>0x8</size>
         <input_file_ref idref="fl-1c"/>
      </object_component>
      <object_component id="oc-128">
         <name>CpuTimer1RegsFile</name>
         <uninitialized>true</uninitialized>
         <run_address>0xc08</run_address>
         <size>0x8</size>
         <input_file_ref idref="fl-1c"/>
      </object_component>
      <object_component id="oc-127">
         <name>CpuTimer2RegsFile</name>
         <uninitialized>true</uninitialized>
         <run_address>0xc10</run_address>
         <size>0x8</size>
         <input_file_ref idref="fl-1c"/>
      </object_component>
      <object_component id="oc-126">
         <name>DacaRegsFile</name>
         <uninitialized>true</uninitialized>
         <run_address>0x5c00</run_address>
         <size>0x8</size>
         <input_file_ref idref="fl-1c"/>
      </object_component>
      <object_component id="oc-129">
         <name>DacbRegsFile</name>
         <uninitialized>true</uninitialized>
         <run_address>0x5c10</run_address>
         <size>0x8</size>
         <input_file_ref idref="fl-1c"/>
      </object_component>
      <object_component id="oc-124">
         <name>DaccRegsFile</name>
         <uninitialized>true</uninitialized>
         <run_address>0x5c20</run_address>
         <size>0x8</size>
         <input_file_ref idref="fl-1c"/>
      </object_component>
      <object_component id="oc-154">
         <name>DcsmZ1RegsFile</name>
         <uninitialized>true</uninitialized>
         <run_address>0x5f000</run_address>
         <size>0x24</size>
         <input_file_ref idref="fl-1c"/>
      </object_component>
      <object_component id="oc-153">
         <name>DcsmZ2RegsFile</name>
         <uninitialized>true</uninitialized>
         <run_address>0x5f040</run_address>
         <size>0x24</size>
         <input_file_ref idref="fl-1c"/>
      </object_component>
      <object_component id="oc-12a">
         <name>DcsmCommonRegsFile</name>
         <uninitialized>true</uninitialized>
         <run_address>0x5f070</run_address>
         <size>0x8</size>
         <input_file_ref idref="fl-1c"/>
      </object_component>
      <object_component id="oc-14c">
         <name>DcsmZ1OtpFile</name>
         <uninitialized>true</uninitialized>
         <run_address>0x78000</run_address>
         <size>0x20</size>
         <input_file_ref idref="fl-1c"/>
      </object_component>
      <object_component id="oc-14a">
         <name>DcsmZ2OtpFile</name>
         <uninitialized>true</uninitialized>
         <run_address>0x78200</run_address>
         <size>0x20</size>
         <input_file_ref idref="fl-1c"/>
      </object_component>
      <object_component id="oc-16c">
         <name>DmaRegsFile</name>
         <uninitialized>true</uninitialized>
         <run_address>0x1000</run_address>
         <size>0xe0</size>
         <input_file_ref idref="fl-1c"/>
      </object_component>
      <object_component id="oc-138">
         <name>DmaClaSrcSelRegsFile</name>
         <uninitialized>true</uninitialized>
         <run_address>0x7980</run_address>
         <size>0x1a</size>
         <input_file_ref idref="fl-1c"/>
      </object_component>
      <object_component id="oc-14b">
         <name>ECap1RegsFile</name>
         <uninitialized>true</uninitialized>
         <run_address>0x5000</run_address>
         <size>0x20</size>
         <input_file_ref idref="fl-1c"/>
      </object_component>
      <object_component id="oc-13b">
         <name>ECap2RegsFile</name>
         <uninitialized>true</uninitialized>
         <run_address>0x5020</run_address>
         <size>0x20</size>
         <input_file_ref idref="fl-1c"/>
      </object_component>
      <object_component id="oc-141">
         <name>ECap3RegsFile</name>
         <uninitialized>true</uninitialized>
         <run_address>0x5040</run_address>
         <size>0x20</size>
         <input_file_ref idref="fl-1c"/>
      </object_component>
      <object_component id="oc-139">
         <name>ECap4RegsFile</name>
         <uninitialized>true</uninitialized>
         <run_address>0x5060</run_address>
         <size>0x20</size>
         <input_file_ref idref="fl-1c"/>
      </object_component>
      <object_component id="oc-13a">
         <name>ECap5RegsFile</name>
         <uninitialized>true</uninitialized>
         <run_address>0x5080</run_address>
         <size>0x20</size>
         <input_file_ref idref="fl-1c"/>
      </object_component>
      <object_component id="oc-140">
         <name>ECap6RegsFile</name>
         <uninitialized>true</uninitialized>
         <run_address>0x50a0</run_address>
         <size>0x20</size>
         <input_file_ref idref="fl-1c"/>
      </object_component>
      <object_component id="oc-162">
         <name>Emif1RegsFile</name>
         <uninitialized>true</uninitialized>
         <run_address>0x47000</run_address>
         <size>0x70</size>
         <input_file_ref idref="fl-1c"/>
      </object_component>
      <object_component id="oc-163">
         <name>Emif2RegsFile</name>
         <uninitialized>true</uninitialized>
         <run_address>0x47800</run_address>
         <size>0x70</size>
         <input_file_ref idref="fl-1c"/>
      </object_component>
      <object_component id="oc-171">
         <name>EPwm1RegsFile</name>
         <uninitialized>true</uninitialized>
         <run_address>0x4000</run_address>
         <size>0x100</size>
         <input_file_ref idref="fl-1c"/>
      </object_component>
      <object_component id="oc-170">
         <name>EPwm2RegsFile</name>
         <uninitialized>true</uninitialized>
         <run_address>0x4100</run_address>
         <size>0x100</size>
         <input_file_ref idref="fl-1c"/>
      </object_component>
      <object_component id="oc-173">
         <name>EPwm3RegsFile</name>
         <uninitialized>true</uninitialized>
         <run_address>0x4200</run_address>
         <size>0x100</size>
         <input_file_ref idref="fl-1c"/>
      </object_component>
      <object_component id="oc-16e">
         <name>EPwm4RegsFile</name>
         <uninitialized>true</uninitialized>
[...]
      <symbol id="sm-b9f">
         <name>_USBHCDResume</name>
         <value>0xfad5</value>
         <object_component_ref idref="oc-366"/>
      </symbol>
      <symbol id="sm-ba0">
         <name>_USBHCDPipeRead</name>
         <value>0xf678</value>
         <object_component_ref idref="oc-366"/>
      </symbol>
      <symbol id="sm-ba1">
         <name>_USBHCDPipeReadNonBlocking</name>
         <value>0xf630</value>
         <object_component_ref idref="oc-366"/>
      </symbol>
      <symbol id="sm-ba2">
         <name>_USBHCDPipeWrite</name>
         <value>0xf487</value>
         <object_component_ref idref="oc-366"/>
      </symbol>
      <symbol id="sm-ba3">
         <name>_USBHCDMain</name>
         <value>0x101bb</value>
         <object_component_ref idref="oc-366"/>
      </symbol>
      <symbol id="sm-ba4">
         <name>_USBHostIntHandlerInternal</name>
         <value>0xfd1a</value>
         <object_component_ref idref="oc-366"/>
      </symbol>
      <symbol id="sm-ba5">
         <name>_ConfigDescAlloc</name>
         <value>0xf000</value>
         <object_component_ref idref="oc-366"/>
      </symbol>
      <symbol id="sm-ba6">
         <name>_USBHCDRegisterDrivers</name>
         <value>0xfa39</value>
         <object_component_ref idref="oc-366"/>
      </symbol>
      <symbol id="sm-ba7">
         <name>_USBHCDSetConfig</name>
         <value>0xfc3e</value>
         <object_component_ref idref="oc-366"/>
      </symbol>
      <symbol id="sm-ba8">
         <name>_USBHCDSetInterface</name>
         <value>0xfc62</value>
         <object_component_ref idref="oc-366"/>
      </symbol>
      <symbol id="sm-ba9">
         <name>_InternalUSBHCDSendEvent</name>
         <value>0x1010e</value>
         <object_component_ref idref="oc-366"/>
      </symbol>
      <symbol id="sm-baa">
         <name>_USBHCDPipeSchedule</name>
         <value>0xf589</value>
         <object_component_ref idref="oc-366"/>
      </symbol>
      <symbol id="sm-bab">
         <name>_USBHCDDevSubClass</name>
         <value>0x105b9</value>
         <object_component_ref idref="oc-366"/>
      </symbol>
      <symbol id="sm-bac">
         <name>_USBHCDTerm</name>
         <value>0xfa44</value>
         <object_component_ref idref="oc-366"/>
      </symbol>
      <symbol id="sm-bad">
         <name>_USBHCDPipeConfig</name>
         <value>0xf3b2</value>
         <object_component_ref idref="oc-366"/>
      </symbol>
      <symbol id="sm-bae">
         <name>_USBHCDHubDeviceConnected</name>
         <value>0x10414</value>
         <object_component_ref idref="oc-366"/>
      </symbol>
      <symbol id="sm-baf">
         <name>_USBHCDPipeFree</name>
         <value>0xf790</value>
         <object_component_ref idref="oc-366"/>
      </symbol>
      <symbol id="sm-bb0">
         <name>_USBHCDDevHubPort</name>
         <value>0x1056c</value>
         <object_component_ref idref="oc-366"/>
      </symbol>
      <symbol id="sm-bb1">
         <name>_USBHostCheckPipes</name>
         <value>0xfc8e</value>
         <object_component_ref idref="oc-366"/>
      </symbol>
      <symbol id="sm-bb2">
         <name>_USBHCDControlTransfer</name>
         <value>0x10382</value>
         <object_component_ref idref="oc-366"/>
      </symbol>
      <symbol id="sm-bb3">
         <name>_USBHCDEventEnable</name>
         <value>0xf0c5</value>
         <object_component_ref idref="oc-366"/>
      </symbol>
      <symbol id="sm-bb4">
         <name>_USBHCDPipeAlloc</name>
         <value>0xf3a3</value>
         <object_component_ref idref="oc-366"/>
      </symbol>
      <symbol id="sm-bb5">
         <name>_USBHCDDevAddress</name>
         <value>0x10580</value>
         <object_component_ref idref="oc-366"/>
      </symbol>
      <symbol id="sm-bb6">
         <name>_USBHCDPowerConfigGet</name>
         <value>0xf9a7</value>
         <object_component_ref idref="oc-366"/>
      </symbol>
      <symbol id="sm-c5e">
         <name>_USBDCDInit</name>
         <value>0x11385</value>
         <object_component_ref idref="oc-373"/>
      </symbol>
      <symbol id="sm-c5f">
         <name>_g_psDCDInst</name>
         <value>0xedc4</value>
         <object_component_ref idref="oc-25c"/>
      </symbol>
      <symbol id="sm-c60">
         <name>_USBDeviceEnumResetHandler</name>
         <value>0x115c4</value>
         <object_component_ref idref="oc-373"/>
      </symbol>
      <symbol id="sm-c61">
         <name>_USBDCDDeviceInfoInit</name>
         <value>0x11373</value>
         <object_component_ref idref="oc-373"/>
      </symbol>
      <symbol id="sm-c62">
         <name>_USBDCDStallEP0</name>
         <value>0x11461</value>
         <object_component_ref idref="oc-373"/>
      </symbol>
      <symbol id="sm-c63">
         <name>_USBDCDTerm</name>
         <value>0x11407</value>
         <object_component_ref idref="oc-373"/>
      </symbol>
      <symbol id="sm-c64">
         <name>_USBDCDRequestDataEP0</name>
         <value>0x1143c</value>
         <object_component_ref idref="oc-373"/>
      </symbol>
      <symbol id="sm-c65">
         <name>_USBDeviceIntHandlerInternal</name>
         <value>0x11b38</value>
         <object_component_ref idref="oc-373"/>
      </symbol>
      <symbol id="sm-c66">
         <name>_USBDeviceEnumHandler</name>
         <value>0x11503</value>
         <object_component_ref idref="oc-373"/>
      </symbol>
      <symbol id="sm-c67">
         <name>_g_ppsDevInfo</name>
         <value>0xedc0</value>
         <object_component_ref idref="oc-25c"/>
      </symbol>
      <symbol id="sm-c68">
         <name>_USBDCDSendDataEP0</name>
         <value>0x1144a</value>
         <object_component_ref idref="oc-373"/>
      </symbol>
      <symbol id="sm-c69">
         <name>_USBDeviceResumeTickHandler</name>
         <value>0x11495</value>
         <object_component_ref idref="oc-373"/>
      </symbol>
      <symbol id="sm-c6a">
         <name>_USBDCDRemoteWakeupRequest</name>
         <value>0x1147f</value>
         <object_component_ref idref="oc-373"/>
      </symbol>
      <symbol id="sm-c6b">
         <name>_USBDCDSetDefaultConfiguration</name>
         <value>0x11459</value>
         <object_component_ref idref="oc-373"/>
      </symbol>
      <symbol id="sm-c6c">
         <name>_USBDCDPowerStatusSet</name>
         <value>0x11472</value>
         <object_component_ref idref="oc-373"/>
      </symbol>
      <symbol id="sm-c79">
         <name>_USB0DeviceIntHandler</name>
         <value>0x1653b</value>
         <object_component_ref idref="oc-365"/>
      </symbol>
      <symbol id="sm-c9c">
         <name>_USBLibDMAInit</name>
         <value>0x15732</value>
         <object_component_ref idref="oc-375"/>
      </symbol>
      <symbol id="sm-cf5">
         <name>_USBHHubInit</name>
         <value>0x13420</value>
         <object_component_ref idref="oc-36a"/>
      </symbol>
      <symbol id="sm-cf6">
         <name>_USBHHubOpen</name>
         <value>0x13409</value>
         <object_component_ref idref="oc-36a"/>
      </symbol>
      <symbol id="sm-cf7">
         <name>_g_sUSBHubClassDriver</name>
         <value>0x8a5a</value>
         <object_component_ref idref="oc-26e"/>
      </symbol>
      <symbol id="sm-cf8">
         <name>_USBHHubClose</name>
         <value>0x13417</value>
         <object_component_ref idref="oc-36a"/>
      </symbol>
      <symbol id="sm-cf9">
         <name>_USBHHubMain</name>
         <value>0x132fa</value>
         <object_component_ref idref="oc-36a"/>
      </symbol>
      <symbol id="sm-cfa">
         <name>_USBHHubEnumerationComplete</name>
         <value>0x133e7</value>
         <object_component_ref idref="oc-36a"/>
      </symbol>
      <symbol id="sm-cfb">
         <name>_USBHHubEnumerationError</name>
         <value>0x133f8</value>
         <object_component_ref idref="oc-36a"/>
      </symbol>
      <symbol id="sm-d23">
         <name>_USBDCDConfigGetInterface</name>
         <value>0x15368</value>
         <object_component_ref idref="oc-38b"/>
      </symbol>
      <symbol id="sm-d24">
         <name>_USBDCDConfigDescGetNum</name>
         <value>0x152d7</value>
         <object_component_ref idref="oc-38b"/>
      </symbol>
      <symbol id="sm-d25">
         <name>_USBDCDConfigDescGetSize</name>
         <value>0x152bd</value>
         <object_component_ref idref="oc-38b"/>
      </symbol>
      <symbol id="sm-d26">
         <name>_USBDCDConfigGetInterfaceEndpoint</name>
         <value>0x15381</value>
         <object_component_ref idref="oc-38b"/>
      </symbol>
      <symbol id="sm-d27">
         <name>_USBDCDConfigDescGet</name>
         <value>0x152fd</value>
         <object_component_ref idref="oc-38b"/>
      </symbol>
      <symbol id="sm-d28">
         <name>_USBDCDConfigGetNumAlternateInterfaces</name>
         <value>0x15343</value>
         <object_component_ref idref="oc-38b"/>
      </symbol>
      <symbol id="sm-d61">
         <name>_USBDeviceConfigAlternate</name>
         <value>0x14aa6</value>
         <object_component_ref idref="oc-38c"/>
      </symbol>
      <symbol id="sm-d62">
         <name>_USBDeviceConfig</name>
         <value>0x1495d</value>
         <object_component_ref idref="oc-38c"/>
      </symbol>
      <symbol id="sm-d7d">
         <name>_c_int00</name>
         <value>0x1608d</value>
         <object_component_ref idref="oc-83"/>
      </symbol>
      <symbol id="sm-d7e">
         <name>__stack</name>
         <value>0x400</value>
         <object_component_ref idref="oc-27d"/>
      </symbol>
      <symbol id="sm-d95">
         <name>FD$$DIV</name>
         <value>0x15b7f</value>
         <object_component_ref idref="oc-283"/>
      </symbol>
      <symbol id="sm-da7">
         <name>FD$$MPY</name>
         <value>0x15d9e</value>
         <object_component_ref idref="oc-288"/>
      </symbol>
      <symbol id="sm-db3">
         <name>FD$$SUB</name>
         <value>0x1655c</value>
         <object_component_ref idref="oc-28d"/>
      </symbol>
      <symbol id="sm-dc2">
         <name>FD$$TOL</name>
         <value>0x16433</value>
         <object_component_ref idref="oc-292"/>
      </symbol>
      <symbol id="sm-dce">
         <name>LL$$AND</name>
         <value>0x164fb</value>
         <object_component_ref idref="oc-297"/>
      </symbol>
      <symbol id="sm-dcf">
         <name>LL$$OR</name>
         <value>0x16503</value>
         <object_component_ref idref="oc-297"/>
      </symbol>
      <symbol id="sm-dd0">
         <name>LL$$XOR</name>
         <value>0x1650b</value>
         <object_component_ref idref="oc-297"/>
      </symbol>
      <symbol id="sm-de1">
         <name>UL$$TOFD</name>
         <value>0x16513</value>
         <object_component_ref idref="oc-29c"/>
      </symbol>
      <symbol id="sm-df0">
         <name>_copy_in</name>
         <value>0x163ee</value>
         <object_component_ref idref="oc-35e"/>
      </symbol>
      <symbol id="sm-e01">
         <name>_memcpy</name>
         <value>0x1648d</value>
         <object_component_ref idref="oc-36b"/>
      </symbol>
      <symbol id="sm-e0d">
         <name>__system_pre_init</name>
         <value>0x165be</value>
         <object_component_ref idref="oc-35d"/>
      </symbol>
      <symbol id="sm-e1a">
         <name>__system_post_cinit</name>
         <value>0x10603</value>
         <object_component_ref idref="oc-35f"/>
      </symbol>
      <symbol id="sm-e2e">
         <name>C$$EXIT</name>
         <value>0x16352</value>
         <object_component_ref idref="oc-361"/>
      </symbol>
      <symbol id="sm-e2f">
         <name>_exit</name>
         <value>0x16354</value>
         <object_component_ref idref="oc-361"/>
      </symbol>
      <symbol id="sm-e30">
         <name>___TI_cleanup_ptr</name>
         <value>0xedb0</value>
         <object_component_ref idref="oc-2b7"/>
      </symbol>
      <symbol id="sm-e31">
         <name>___TI_enable_exit_profile_output</name>
         <value>0xedae</value>
         <object_component_ref idref="oc-2b7"/>
      </symbol>
      <symbol id="sm-e32">
         <name>_abort</name>
         <value>0x16352</value>
         <object_component_ref idref="oc-361"/>
      </symbol>
      <symbol id="sm-e33">
         <name>___TI_dtors_ptr</name>
         <value>0xedb2</value>
         <object_component_ref idref="oc-2b7"/>
      </symbol>
      <symbol id="sm-e47">
         <name>__unlock</name>
         <value>0xeb3e</value>
         <object_component_ref idref="oc-395"/>
      </symbol>
      <symbol id="sm-e48">
         <name>__lock</name>
         <value>0xe87e</value>
         <object_component_ref idref="oc-36d"/>
      </symbol>
      <symbol id="sm-e49">
         <name>__register_lock</name>
         <value>0x16593</value>
         <object_component_ref idref="oc-387"/>
      </symbol>
      <symbol id="sm-e4a">
         <name>__nop</name>
         <value>0x16597</value>
         <object_component_ref idref="oc-387"/>
      </symbol>
      <symbol id="sm-e4b">
         <name>__register_unlock</name>
         <value>0x1658f</value>
         <object_component_ref idref="oc-387"/>
      </symbol>
      <symbol id="sm-e5a">
         <name>__args_main</name>
         <value>0x164e2</value>
         <object_component_ref idref="oc-360"/>
      </symbol>
      <symbol id="sm-e66">
         <name>_atof</name>
         <value>0x165b7</value>
         <object_component_ref idref="oc-37a"/>
      </symbol>
      <symbol id="sm-e7a">
         <name>_atoi</name>
         <value>0x1626d</value>
         <object_component_ref idref="oc-37b"/>
      </symbol>
      <symbol id="sm-e82">
         <name>__ctypes_</name>
         <value>0x8521</value>
         <object_component_ref idref="oc-38e"/>
      </symbol>
      <symbol id="sm-e90">
         <name>_memset</name>
         <value>0x16577</value>
         <object_component_ref idref="oc-39a"/>
      </symbol>
      <symbol id="sm-e9d">
         <name>_strlen</name>
         <value>0x165aa</value>
         <object_component_ref idref="oc-371"/>
      </symbol>
      <symbol id="sm-ef9">
         <name>_strtod</name>
         <value>0x14d17</value>
         <object_component_ref idref="oc-38d"/>
      </symbol>
      <symbol id="sm-efa">
         <name>_strtof</name>
         <value>0x14d17</value>
         <object_component_ref idref="oc-38d"/>
      </symbol>
      <symbol id="sm-f08">
         <name>_vsprintf</name>
         <value>0x162ce</value>
         <object_component_ref idref="oc-36f"/>
      </symbol>
      <symbol id="sm-f20">
         <name>_scalbn</name>
         <value>0x16033</value>
         <object_component_ref idref="oc-3a0"/>
      </symbol>
      <symbol id="sm-f21">
         <name>_ldexp</name>
         <value>0x16033</value>
         <object_component_ref idref="oc-3a0"/>
      </symbol>
      <symbol id="sm-f22">
         <name>_scalbnf</name>
         <value>0x16033</value>
         <object_component_ref idref="oc-3a0"/>
      </symbol>
      <symbol id="sm-f23">
         <name>_ldexpf</name>
         <value>0x16033</value>
         <object_component_ref idref="oc-3a0"/>
      </symbol>
      <symbol id="sm-f3e">
         <name>FD$$ADD</name>
         <value>0x15a50</value>
         <object_component_ref idref="oc-2ec"/>
      </symbol>
      <symbol id="sm-f4f">
         <name>FS$$DIV</name>
         <value>0x15c0a</value>
         <object_component_ref idref="oc-2f1"/>
      </symbol>
      <symbol id="sm-f59">
         <name>_errno</name>
         <value>0xec3f</value>
         <object_component_ref idref="oc-2f8"/>
      </symbol>
      <symbol id="sm-10b8">
         <name>___TI_printfi</name>
         <value>0x111d4</value>
         <object_component_ref idref="oc-389"/>
      </symbol>
      <symbol id="sm-10c6">
         <name>_ltoa</name>
         <value>0x1629e</value>
         <object_component_ref idref="oc-396"/>
      </symbol>
      <symbol id="sm-10d5">
         <name>_memccpy</name>
         <value>0x1656a</value>
         <object_component_ref idref="oc-39c"/>
      </symbol>
      <symbol id="sm-10e4">
         <name>_strchr</name>
         <value>0x16583</value>
         <object_component_ref idref="oc-399"/>
      </symbol>
      <symbol id="sm-10f1">
         <name>_strcpy</name>
         <value>0x165b2</value>
         <object_component_ref idref="oc-39b"/>
      </symbol>
      <symbol id="sm-10fd">
         <name>_copysignf</name>
         <value>0x16529</value>
         <object_component_ref idref="oc-3a4"/>
      </symbol>
      <symbol id="sm-10fe">
         <name>_copysign</name>
         <value>0x16529</value>
         <object_component_ref idref="oc-3a4"/>
      </symbol>
      <symbol id="sm-1111">
         <name>_frexpl</name>
         <value>0x15fd9</value>
         <object_component_ref idref="oc-397"/>
      </symbol>
      <symbol id="sm-112f">
         <name>_scalbnl</name>
         <value>0x15861</value>
         <object_component_ref idref="oc-398"/>
      </symbol>
      <symbol id="sm-1130">
         <name>_ldexpl</name>
         <value>0x15861</value>
         <object_component_ref idref="oc-398"/>
      </symbol>
      <symbol id="sm-113d">
         <name>_copysignl</name>
         <value>0x163c9</value>
         <object_component_ref idref="oc-3a3"/>
      </symbol>
      <symbol id="sm-114d">
         <name>FD$$CMP</name>
         <value>0x162fe</value>
         <object_component_ref idref="oc-32b"/>
      </symbol>
      <symbol id="sm-115a">
         <name>FD$$NEG</name>
         <value>0x16598</value>
         <object_component_ref idref="oc-330"/>
      </symbol>
      <symbol id="sm-1169">
         <name>FD$$TOI</name>
         <value>0x16412</value>
         <object_component_ref idref="oc-335"/>
      </symbol>
      <symbol id="sm-1177">
         <name>ULL$$CMP</name>
         <value>0x16464</value>
         <object_component_ref idref="oc-33a"/>
      </symbol>
      <symbol id="sm-1178">
         <name>LL$$CMP</name>
         <value>0x16452</value>
         <object_component_ref idref="oc-33a"/>
      </symbol>
      <symbol id="sm-11a4">
         <name>ULL$$MOD</name>
         <value>0x15561</value>
         <object_component_ref idref="oc-33f"/>
      </symbol>
      <symbol id="sm-11a5">
         <name>ULL$$DIV</name>
         <value>0x15532</value>
         <object_component_ref idref="oc-33f"/>
      </symbol>
      <symbol id="sm-11a6">
         <name>LL$$MOD</name>
         <value>0x154f8</value>
         <object_component_ref idref="oc-33f"/>
      </symbol>
      <symbol id="sm-11a7">
         <name>LL$$DIV</name>
         <value>0x154bc</value>
         <object_component_ref idref="oc-33f"/>
      </symbol>
      <symbol id="sm-11b7">
         <name>I$$TOFD</name>
         <value>0x16470</value>
         <object_component_ref idref="oc-344"/>
      </symbol>
      <symbol id="sm-11c7">
         <name>L$$TOFD</name>
         <value>0x164c6</value>
         <object_component_ref idref="oc-349"/>
      </symbol>
      <symbol id="sm-11d3">
         <name>UL$$MOD</name>
         <value>0x1634c</value>
         <object_component_ref idref="oc-34e"/>
      </symbol>
      <symbol id="sm-11d4">
         <name>L$$MOD</name>
         <value>0x16337</value>
         <object_component_ref idref="oc-34e"/>
      </symbol>
      <symbol id="sm-11d5">
         <name>L$$DIV</name>
         <value>0x16328</value>
         <object_component_ref idref="oc-34e"/>
      </symbol>
      <symbol id="sm-11d6">
         <name>UL$$DIV</name>
         <value>0x16345</value>
         <object_component_ref idref="oc-34e"/>
      </symbol>
      <symbol id="sm-11e6">
         <name>FS$$TOFD</name>
         <value>0x164aa</value>
         <object_component_ref idref="oc-353"/>
      </symbol>
      <symbol id="sm-11f4">
         <name>_wcslen</name>
         <value>0x165a1</value>
         <object_component_ref idref="oc-39d"/>
      </symbol>
   </symbol_table>
   <title>Link successful</title>
</link_info>
