<?xml version="1.0" encoding="ISO-8859-1" ?>
<link_info>
   <banner>TMS320C2000 Linker PC v18.1.4.LTS</banner>
   <copyright>Copyright (c) 1996-2018 Texas Instruments Incorporated</copyright>
   <link_time>0x5c470bc4</link_time>
   <link_errors>0x0</link_errors>
   <output_file>Project.out</output_file>
   <entry_point>
      <name>_c_int00</name>
      <address>0x1862f</address>
   </entry_point>
   <input_file_list>
      <input_file id="fl-2">
         <path>.\</path>
         <kind>object</kind>
         <file>usbhspe.obj</file>
         <name>usbhspe.obj</name>
      </input_file>
      <input_file id="fl-3">
         <path>.\Sources_App\</path>
         <kind>object</kind>
         <file>App_Main.obj</file>
         <name>App_Main.obj</name>
      </input_file>
      <input_file id="fl-4">
         <path>.\Sources_App\</path>
         <kind>object</kind>
         <file>App_MasterDeal.obj</file>
         <name>App_MasterDeal.obj</name>
      </input_file>
      <input_file id="fl-5">
         <path>.\Sources_Bsp\</path>
         <kind>object</kind>
         <file>Bsp.obj</file>
         <name>Bsp.obj</name>
      </input_file>
      <input_file id="fl-6">
         <path>.\Sources_Bsp\</path>
         <kind>object</kind>
         <file>Bsp_AD5546.obj</file>
         <name>Bsp_AD5546.obj</name>
      </input_file>
      <input_file id="fl-7">
         <path>.\Sources_Bsp\</path>
         <kind>object</kind>
         <file>Bsp_AD5663.obj</file>
         <name>Bsp_AD5663.obj</name>
      </input_file>
      <input_file id="fl-8">
         <path>.\Sources_Bsp\</path>
         <kind>object</kind>
         <file>Bsp_AD7622.obj</file>
         <name>Bsp_AD7622.obj</name>
      </input_file>
      <input_file id="fl-9">
         <path>.\Sources_Bsp\</path>
         <kind>object</kind>
         <file>Bsp_AT24C512.obj</file>
         <name>Bsp_AT24C512.obj</name>
      </input_file>
      <input_file id="fl-a">
         <path>.\Sources_Bsp\</path>
         <kind>object</kind>
         <file>Bsp_Converter.obj</file>
         <name>Bsp_Converter.obj</name>
      </input_file>
      <input_file id="fl-b">
         <path>.\Sources_Bsp\</path>
         <kind>object</kind>
         <file>Bsp_Dma.obj</file>
         <name>Bsp_Dma.obj</name>
      </input_file>
      <input_file id="fl-c">
         <path>.\Sources_Bsp\</path>
         <kind>object</kind>
         <file>Bsp_Gpio.obj</file>
         <name>Bsp_Gpio.obj</name>
      </input_file>
      <input_file id="fl-d">
         <path>.\Sources_Bsp\</path>
         <kind>object</kind>
         <file>Bsp_I2C.obj</file>
         <name>Bsp_I2C.obj</name>
      </input_file>
      <input_file id="fl-e">
         <path>.\Sources_Bsp\</path>
         <kind>object</kind>
         <file>Bsp_SoftTimer.obj</file>
         <name>Bsp_SoftTimer.obj</name>
      </input_file>
      <input_file id="fl-f">
         <path>.\Sources_Bsp\</path>
         <kind>object</kind>
         <file>Bsp_Spi.obj</file>
         <name>Bsp_Spi.obj</name>
      </input_file>
      <input_file id="fl-10">
         <path>.\Sources_Bsp\</path>
         <kind>object</kind>
         <file>Bsp_Sram.obj</file>
         <name>Bsp_Sram.obj</name>
      </input_file>
      <input_file id="fl-11">
         <path>.\Sources_Bsp\</path>
         <kind>object</kind>
         <file>Bsp_Timer.obj</file>
         <name>Bsp_Timer.obj</name>
      </input_file>
      <input_file id="fl-12">
         <path>.\Sources_Bsp\</path>
         <kind>object</kind>
         <file>Bsp_Usart.obj</file>
         <name>Bsp_Usart.obj</name>
      </input_file>
      <input_file id="fl-13">
         <path>.\Sources_Drive\</path>
         <kind>object</kind>
         <file>F2837xD_Adc.obj</file>
         <name>F2837xD_Adc.obj</name>
      </input_file>
      <input_file id="fl-14">
         <path>.\Sources_Drive\</path>
         <kind>object</kind>
         <file>F2837xD_CodeStartBranch.obj</file>
         <name>F2837xD_CodeStartBranch.obj</name>
      </input_file>
      <input_file id="fl-15">
         <path>.\Sources_Drive\</path>
         <kind>object</kind>
         <file>F2837xD_CpuTimers.obj</file>
         <name>F2837xD_CpuTimers.obj</name>
      </input_file>
      <input_file id="fl-16">
         <path>.\Sources_Drive\</path>
         <kind>object</kind>
         <file>F2837xD_DBGIER.obj</file>
         <name>F2837xD_DBGIER.obj</name>
      </input_file>
      <input_file id="fl-17">
         <path>.\Sources_Drive\</path>
         <kind>object</kind>
         <file>F2837xD_DefaultISR.obj</file>
         <name>F2837xD_DefaultISR.obj</name>
      </input_file>
      <input_file id="fl-18">
         <path>.\Sources_Drive\</path>
         <kind>object</kind>
         <file>F2837xD_Dma.obj</file>
         <name>F2837xD_Dma.obj</name>
      </input_file>
      <input_file id="fl-19">
         <path>.\Sources_Drive\</path>
         <kind>object</kind>
         <file>F2837xD_ECap.obj</file>
         <name>F2837xD_ECap.obj</name>
      </input_file>
      <input_file id="fl-1a">
         <path>.\Sources_Drive\</path>
         <kind>object</kind>
         <file>F2837xD_EPwm.obj</file>
         <name>F2837xD_EPwm.obj</name>
      </input_file>
      <input_file id="fl-1b">
         <path>.\Sources_Drive\</path>
         <kind>object</kind>
         <file>F2837xD_EQep.obj</file>
         <name>F2837xD_EQep.obj</name>
      </input_file>
      <input_file id="fl-1c">
         <path>.\Sources_Drive\</path>
         <kind>object</kind>
         <file>F2837xD_Emif.obj</file>
         <name>F2837xD_Emif.obj</name>
      </input_file>
      <input_file id="fl-1d">
         <path>.\Sources_Drive\</path>
         <kind>object</kind>
         <file>F2837xD_GlobalVariableDefs.obj</file>
         <name>F2837xD_GlobalVariableDefs.obj</name>
      </input_file>
      <input_file id="fl-1e">
         <path>.\Sources_Drive\</path>
         <kind>object</kind>
         <file>F2837xD_Gpio.obj</file>
         <name>F2837xD_Gpio.obj</name>
      </input_file>
      <input_file id="fl-1f">
         <path>.\Sources_Drive\</path>
         <kind>object</kind>
         <file>F2837xD_I2C.obj</file>
         <name>F2837xD_I2C.obj</name>
      </input_file>
      <input_file id="fl-20">
         <path>.\Sources_Drive\</path>
         <kind>object</kind>
         <file>F2837xD_Ipc.obj</file>
         <name>F2837xD_Ipc.obj</name>
      </input_file>
      <input_file id="fl-21">
         <path>.\Sources_Drive\</path>
         <kind>object</kind>
         <file>F2837xD_Ipc_Driver.obj</file>
         <name>F2837xD_Ipc_Driver.obj</name>
      </input_file>
      <input_file id="fl-22">
         <path>.\Sources_Drive\</path>
         <kind>object</kind>
         <file>F2837xD_Ipc_Driver_Lite.obj</file>
         <name>F2837xD_Ipc_Driver_Lite.obj</name>
      </input_file>
      <input_file id="fl-23">
         <path>.\Sources_Drive\</path>
         <kind>object</kind>
         <file>F2837xD_Ipc_Driver_Util.obj</file>
         <name>F2837xD_Ipc_Driver_Util.obj</name>
      </input_file>
      <input_file id="fl-24">
         <path>.\Sources_Drive\</path>
         <kind>object</kind>
         <file>F2837xD_Mcbsp.obj</file>
         <name>F2837xD_Mcbsp.obj</name>
      </input_file>
      <input_file id="fl-25">
         <path>.\Sources_Drive\</path>
         <kind>object</kind>
         <file>F2837xD_PieCtrl.obj</file>
         <name>F2837xD_PieCtrl.obj</name>
      </input_file>
      <input_file id="fl-26">
         <path>.\Sources_Drive\</path>
         <kind>object</kind>
         <file>F2837xD_PieVect.obj</file>
         <name>F2837xD_PieVect.obj</name>
      </input_file>
      <input_file id="fl-27">
         <path>.\Sources_Drive\</path>
         <kind>object</kind>
         <file>F2837xD_Sci.obj</file>
         <name>F2837xD_Sci.obj</name>
      </input_file>
      <input_file id="fl-28">
         <path>.\Sources_Drive\</path>
         <kind>object</kind>
         <file>F2837xD_Spi.obj</file>
         <name>F2837xD_Spi.obj</name>
      </input_file>
      <input_file id="fl-29">
         <path>.\Sources_Drive\</path>
         <kind>object</kind>
         <file>F2837xD_SysCtrl.obj</file>
         <name>F2837xD_SysCtrl.obj</name>
      </input_file>
      <input_file id="fl-2a">
         <path>.\Sources_Drive\</path>
         <kind>object</kind>
         <file>F2837xD_TempSensorConv.obj</file>
         <name>F2837xD_TempSensorConv.obj</name>
      </input_file>
      <input_file id="fl-2b">
         <path>.\Sources_Drive\</path>
         <kind>object</kind>
         <file>F2837xD_Upp.obj</file>
         <name>F2837xD_Upp.obj</name>
      </input_file>
      <input_file id="fl-2c">
         <path>.\Sources_Drive\</path>
         <kind>object</kind>
         <file>F2837xD_can.obj</file>
         <name>F2837xD_can.obj</name>
      </input_file>
      <input_file id="fl-2d">
         <path>.\Sources_Drive\</path>
         <kind>object</kind>
         <file>F2837xD_sci_io.obj</file>
         <name>F2837xD_sci_io.obj</name>
      </input_file>
      <input_file id="fl-2e">
         <path>.\Sources_Drive\</path>
         <kind>object</kind>
         <file>F2837xD_sdfm_drivers.obj</file>
         <name>F2837xD_sdfm_drivers.obj</name>
      </input_file>
      <input_file id="fl-2f">
         <path>.\Sources_Drive\</path>
         <kind>object</kind>
         <file>F2837xD_struct.obj</file>
         <name>F2837xD_struct.obj</name>
      </input_file>
      <input_file id="fl-30">
         <path>.\Sources_Drive\</path>
         <kind>object</kind>
         <file>F2837xD_usDelay.obj</file>
         <name>F2837xD_usDelay.obj</name>
      </input_file>
      <input_file id="fl-31">
         <path>.\Sources_DriveLib\</path>
         <kind>object</kind>
         <file>can.obj</file>
         <name>can.obj</name>
      </input_file>
      <input_file id="fl-32">
         <path>.\Sources_DriveLib\</path>
         <kind>object</kind>
         <file>interrupt.obj</file>
         <name>interrupt.obj</name>
      </input_file>
      <input_file id="fl-33">
         <path>.\Sources_DriveLib\</path>
         <kind>object</kind>
         <file>sysctl.obj</file>
         <name>sysctl.obj</name>
      </input_file>
      <input_file id="fl-34">
         <path>.\Sources_DriveLib\</path>
         <kind>object</kind>
         <file>systick.obj</file>
         <name>systick.obj</name>
      </input_file>
      <input_file id="fl-35">
         <path>.\Sources_DriveLib\</path>
         <kind>object</kind>
         <file>uart.obj</file>
         <name>uart.obj</name>
      </input_file>
      <input_file id="fl-36">
         <path>.\Sources_DriveLib\</path>
         <kind>object</kind>
         <file>uartstdio.obj</file>
         <name>uartstdio.obj</name>
      </input_file>
      <input_file id="fl-37">
         <path>.\Sources_DriveLib\</path>
         <kind>object</kind>
         <file>usb.obj</file>
         <name>usb.obj</name>
      </input_file>
      <input_file id="fl-38">
         <path>.\Sources_DriveLib\</path>
         <kind>object</kind>
         <file>usb_hal.obj</file>
         <name>usb_hal.obj</name>
      </input_file>
      <input_file id="fl-39">
         <path>.\Sources_Mod\</path>
         <kind>object</kind>
         <file>Mod_CRC16.obj</file>
         <name>Mod_CRC16.obj</name>
      </input_file>
      <input_file id="fl-3a">
         <path>.\Sources_Mod\</path>
         <kind>object</kind>
         <file>Mod_StdbusCode.obj</file>
         <name>Mod_StdbusCode.obj</name>
      </input_file>
      <input_file id="fl-3b">
         <path>.\Sources_Mod\</path>
         <kind>object</kind>
         <file>Mod_StdbusMaster.obj</file>
         <name>Mod_StdbusMaster.obj</name>
      </input_file>
      <input_file id="fl-3c">
         <path>.\Sources_Mod\</path>
         <kind>object</kind>
         <file>Mod_StdbusSlave.obj</file>
         <name>Mod_StdbusSlave.obj</name>
      </input_file>
      <input_file id="fl-3d">
         <path>.\Sources_Mod\</path>
         <kind>object</kind>
         <file>Mod_Usb4000.obj</file>
         <name>Mod_Usb4000.obj</name>
      </input_file>
      <input_file id="fl-3e">
         <path>.\Sources_Mod\</path>
         <kind>object</kind>
         <file>Mod_UsbHost.obj</file>
         <name>Mod_UsbHost.obj</name>
      </input_file>
      <input_file id="fl-44">
         <kind>object</kind>
         <file>&lt;internal&gt;</file>
         <name>&lt;internal&gt;</name>
      </input_file>
      <input_file id="fl-45">
         <path>D:\Wangjiangbo\Documents\GitHub\__CCS\Gas_LaserBoard\F2837xD_common\lib\</path>
         <kind>archive</kind>
         <file>usblib.lib</file>
         <name>usbdesc.obj</name>
      </input_file>
      <input_file id="fl-46">
         <path>D:\Wangjiangbo\Documents\GitHub\__CCS\Gas_LaserBoard\F2837xD_common\lib\</path>
         <kind>archive</kind>
         <file>usblib.lib</file>
         <name>usbmode.obj</name>
      </input_file>
      <input_file id="fl-47">
         <path>D:\Wangjiangbo\Documents\GitHub\__CCS\Gas_LaserBoard\F2837xD_common\lib\</path>
         <kind>archive</kind>
         <file>usblib.lib</file>
         <name>usbtick.obj</name>
      </input_file>
      <input_file id="fl-48">
         <path>D:\Wangjiangbo\Documents\GitHub\__CCS\Gas_LaserBoard\F2837xD_common\lib\</path>
         <kind>archive</kind>
         <file>usblib.lib</file>
         <name>usbhostenum.obj</name>
      </input_file>
      <input_file id="fl-49">
         <path>D:\Wangjiangbo\Documents\GitHub\__CCS\Gas_LaserBoard\F2837xD_common\lib\</path>
         <kind>archive</kind>
         <file>usblib.lib</file>
         <name>usbdenum.obj</name>
      </input_file>
      <input_file id="fl-4a">
         <path>D:\Wangjiangbo\Documents\GitHub\__CCS\Gas_LaserBoard\F2837xD_common\lib\</path>
         <kind>archive</kind>
         <file>usblib.lib</file>
         <name>usbdhandler.obj</name>
      </input_file>
      <input_file id="fl-4b">
         <path>D:\Wangjiangbo\Documents\GitHub\__CCS\Gas_LaserBoard\F2837xD_common\lib\</path>
         <kind>archive</kind>
         <file>usblib.lib</file>
         <name>usbdma.obj</name>
      </input_file>
      <input_file id="fl-4c">
         <path>D:\Wangjiangbo\Documents\GitHub\__CCS\Gas_LaserBoard\F2837xD_common\lib\</path>
         <kind>archive</kind>
         <file>usblib.lib</file>
         <name>usbhhub.obj</name>
      </input_file>
      <input_file id="fl-4d">
         <path>D:\Wangjiangbo\Documents\GitHub\__CCS\Gas_LaserBoard\F2837xD_common\lib\</path>
         <kind>archive</kind>
         <file>usblib.lib</file>
         <name>usbdcdesc.obj</name>
      </input_file>
      <input_file id="fl-4e">
         <path>D:\Wangjiangbo\Documents\GitHub\__CCS\Gas_LaserBoard\F2837xD_common\lib\</path>
         <kind>archive</kind>
         <file>usblib.lib</file>
         <name>usbdconfig.obj</name>
      </input_file>
      <input_file id="fl-4f">
         <path>C:\ti\ccsv8\tools\compiler\ti-cgt-c2000_18.1.4.LTS\lib\</path>
         <kind>archive</kind>
         <file>rts2800_fpu32.lib</file>
         <name>boot28.asm.obj</name>
      </input_file>
      <input_file id="fl-50">
         <path>C:\ti\ccsv8\tools\compiler\ti-cgt-c2000_18.1.4.LTS\lib\</path>
         <kind>archive</kind>
         <file>rts2800_fpu32.lib</file>
         <name>fd_div28.asm.obj</name>
      </input_file>
      <input_file id="fl-51">
         <path>C:\ti\ccsv8\tools\compiler\ti-cgt-c2000_18.1.4.LTS\lib\</path>
         <kind>archive</kind>
         <file>rts2800_fpu32.lib</file>
         <name>fd_mpy28.asm.obj</name>
      </input_file>
      <input_file id="fl-52">
         <path>C:\ti\ccsv8\tools\compiler\ti-cgt-c2000_18.1.4.LTS\lib\</path>
         <kind>archive</kind>
         <file>rts2800_fpu32.lib</file>
         <name>fd_sub28.asm.obj</name>
      </input_file>
      <input_file id="fl-53">
         <path>C:\ti\ccsv8\tools\compiler\ti-cgt-c2000_18.1.4.LTS\lib\</path>
         <kind>archive</kind>
         <file>rts2800_fpu32.lib</file>
         <name>fd_tol28.asm.obj</name>
      </input_file>
      <input_file id="fl-54">
         <path>C:\ti\ccsv8\tools\compiler\ti-cgt-c2000_18.1.4.LTS\lib\</path>
         <kind>archive</kind>
         <file>rts2800_fpu32.lib</file>
         <name>ll_aox28.asm.obj</name>
      </input_file>
      <input_file id="fl-55">
         <path>C:\ti\ccsv8\tools\compiler\ti-cgt-c2000_18.1.4.LTS\lib\</path>
         <kind>archive</kind>
         <file>rts2800_fpu32.lib</file>
         <name>ul_tofd28.asm.obj</name>
      </input_file>
      <input_file id="fl-56">
         <path>C:\ti\ccsv8\tools\compiler\ti-cgt-c2000_18.1.4.LTS\lib\</path>
         <kind>archive</kind>
         <file>rts2800_fpu32.lib</file>
         <name>cpy_tbl.c.obj</name>
      </input_file>
      <input_file id="fl-57">
         <path>C:\ti\ccsv8\tools\compiler\ti-cgt-c2000_18.1.4.LTS\lib\</path>
         <kind>archive</kind>
         <file>rts2800_fpu32.lib</file>
         <name>memcpy.c.obj</name>
      </input_file>
      <input_file id="fl-58">
         <path>C:\ti\ccsv8\tools\compiler\ti-cgt-c2000_18.1.4.LTS\lib\</path>
         <kind>archive</kind>
         <file>rts2800_fpu32.lib</file>
         <name>pre_init.c.obj</name>
      </input_file>
      <input_file id="fl-59">
         <path>C:\ti\ccsv8\tools\compiler\ti-cgt-c2000_18.1.4.LTS\lib\</path>
         <kind>archive</kind>
         <file>rts2800_fpu32.lib</file>
         <name>startup.c.obj</name>
      </input_file>
      <input_file id="fl-5a">
         <path>C:\ti\ccsv8\tools\compiler\ti-cgt-c2000_18.1.4.LTS\lib\</path>
         <kind>archive</kind>
         <file>rts2800_fpu32.lib</file>
         <name>exit.c.obj</name>
      </input_file>
      <input_file id="fl-5b">
         <path>C:\ti\ccsv8\tools\compiler\ti-cgt-c2000_18.1.4.LTS\lib\</path>
         <kind>archive</kind>
         <file>rts2800_fpu32.lib</file>
         <name>_lock.c.obj</name>
      </input_file>
      <input_file id="fl-5c">
         <path>C:\ti\ccsv8\tools\compiler\ti-cgt-c2000_18.1.4.LTS\lib\</path>
         <kind>archive</kind>
         <file>rts2800_fpu32.lib</file>
         <name>args_main.c.obj</name>
      </input_file>
      <input_file id="fl-5d">
         <path>C:\ti\ccsv8\tools\compiler\ti-cgt-c2000_18.1.4.LTS\lib\</path>
         <kind>archive</kind>
         <file>rts2800_fpu32.lib</file>
         <name>atof.c.obj</name>
      </input_file>
      <input_file id="fl-5e">
         <path>C:\ti\ccsv8\tools\compiler\ti-cgt-c2000_18.1.4.LTS\lib\</path>
         <kind>archive</kind>
         <file>rts2800_fpu32.lib</file>
         <name>atoi.c.obj</name>
      </input_file>
      <input_file id="fl-5f">
         <path>C:\ti\ccsv8\tools\compiler\ti-cgt-c2000_18.1.4.LTS\lib\</path>
         <kind>archive</kind>
         <file>rts2800_fpu32.lib</file>
         <name>ctype.c.obj</name>
      </input_file>
      <input_file id="fl-60">
         <path>C:\ti\ccsv8\tools\compiler\ti-cgt-c2000_18.1.4.LTS\lib\</path>
         <kind>archive</kind>
         <file>rts2800_fpu32.lib</file>
         <name>memset.c.obj</name>
      </input_file>
      <input_file id="fl-61">
         <path>C:\ti\ccsv8\tools\compiler\ti-cgt-c2000_18.1.4.LTS\lib\</path>
         <kind>archive</kind>
         <file>rts2800_fpu32.lib</file>
         <name>strlen.c.obj</name>
      </input_file>
      <input_file id="fl-62">
         <path>C:\ti\ccsv8\tools\compiler\ti-cgt-c2000_18.1.4.LTS\lib\</path>
         <kind>archive</kind>
         <file>rts2800_fpu32.lib</file>
         <name>strtod.c.obj</name>
      </input_file>
      <input_file id="fl-63">
         <path>C:\ti\ccsv8\tools\compiler\ti-cgt-c2000_18.1.4.LTS\lib\</path>
         <kind>archive</kind>
         <file>rts2800_fpu32.lib</file>
         <name>vsprintf.c.obj</name>
      </input_file>
      <input_file id="fl-64">
         <path>C:\ti\ccsv8\tools\compiler\ti-cgt-c2000_18.1.4.LTS\lib\</path>
         <kind>archive</kind>
         <file>rts2800_fpu32.lib</file>
         <name>s_scalbnf.c.obj</name>
      </input_file>
      <input_file id="fl-65">
         <path>C:\ti\ccsv8\tools\compiler\ti-cgt-c2000_18.1.4.LTS\lib\</path>
         <kind>archive</kind>
         <file>rts2800_fpu32.lib</file>
         <name>fd_add28.asm.obj</name>
      </input_file>
      <input_file id="fl-66">
         <path>C:\ti\ccsv8\tools\compiler\ti-cgt-c2000_18.1.4.LTS\lib\</path>
         <kind>archive</kind>
         <file>rts2800_fpu32.lib</file>
         <name>fs_div28.asm.obj</name>
      </input_file>
      <input_file id="fl-67">
         <path>C:\ti\ccsv8\tools\compiler\ti-cgt-c2000_18.1.4.LTS\lib\</path>
         <kind>archive</kind>
         <file>rts2800_fpu32.lib</file>
         <name>errno.c.obj</name>
      </input_file>
      <input_file id="fl-68">
         <path>C:\ti\ccsv8\tools\compiler\ti-cgt-c2000_18.1.4.LTS\lib\</path>
         <kind>archive</kind>
         <file>rts2800_fpu32.lib</file>
         <name>_printfi.c.obj</name>
      </input_file>
      <input_file id="fl-69">
         <path>C:\ti\ccsv8\tools\compiler\ti-cgt-c2000_18.1.4.LTS\lib\</path>
         <kind>archive</kind>
         <file>rts2800_fpu32.lib</file>
         <name>ltoa.c.obj</name>
      </input_file>
      <input_file id="fl-6a">
         <path>C:\ti\ccsv8\tools\compiler\ti-cgt-c2000_18.1.4.LTS\lib\</path>
         <kind>archive</kind>
         <file>rts2800_fpu32.lib</file>
         <name>memccpy.c.obj</name>
      </input_file>
      <input_file id="fl-6b">
         <path>C:\ti\ccsv8\tools\compiler\ti-cgt-c2000_18.1.4.LTS\lib\</path>
         <kind>archive</kind>
         <file>rts2800_fpu32.lib</file>
         <name>strchr.c.obj</name>
      </input_file>
      <input_file id="fl-6c">
         <path>C:\ti\ccsv8\tools\compiler\ti-cgt-c2000_18.1.4.LTS\lib\</path>
         <kind>archive</kind>
         <file>rts2800_fpu32.lib</file>
         <name>strcpy.c.obj</name>
      </input_file>
      <input_file id="fl-6d">
         <path>C:\ti\ccsv8\tools\compiler\ti-cgt-c2000_18.1.4.LTS\lib\</path>
         <kind>archive</kind>
         <file>rts2800_fpu32.lib</file>
         <name>s_copysignf.c.obj</name>
      </input_file>
      <input_file id="fl-6e">
         <path>C:\ti\ccsv8\tools\compiler\ti-cgt-c2000_18.1.4.LTS\lib\</path>
         <kind>archive</kind>
         <file>rts2800_fpu32.lib</file>
         <name>s_frexp.c.obj</name>
      </input_file>
      <input_file id="fl-6f">
         <path>C:\ti\ccsv8\tools\compiler\ti-cgt-c2000_18.1.4.LTS\lib\</path>
         <kind>archive</kind>
         <file>rts2800_fpu32.lib</file>
         <name>s_scalbn.c.obj</name>
      </input_file>
      <input_file id="fl-70">
         <path>C:\ti\ccsv8\tools\compiler\ti-cgt-c2000_18.1.4.LTS\lib\</path>
         <kind>archive</kind>
         <file>rts2800_fpu32.lib</file>
         <name>s_copysign.c.obj</name>
      </input_file>
      <input_file id="fl-71">
         <path>C:\ti\ccsv8\tools\compiler\ti-cgt-c2000_18.1.4.LTS\lib\</path>
         <kind>archive</kind>
         <file>rts2800_fpu32.lib</file>
         <name>fd_cmp28.asm.obj</name>
      </input_file>
      <input_file id="fl-72">
         <path>C:\ti\ccsv8\tools\compiler\ti-cgt-c2000_18.1.4.LTS\lib\</path>
         <kind>archive</kind>
         <file>rts2800_fpu32.lib</file>
         <name>fd_neg28.asm.obj</name>
      </input_file>
      <input_file id="fl-73">
         <path>C:\ti\ccsv8\tools\compiler\ti-cgt-c2000_18.1.4.LTS\lib\</path>
         <kind>archive</kind>
         <file>rts2800_fpu32.lib</file>
         <name>fd_toi28.asm.obj</name>
      </input_file>
      <input_file id="fl-74">
         <path>C:\ti\ccsv8\tools\compiler\ti-cgt-c2000_18.1.4.LTS\lib\</path>
         <kind>archive</kind>
         <file>rts2800_fpu32.lib</file>
         <name>ll_cmp28.asm.obj</name>
      </input_file>
      <input_file id="fl-75">
         <path>C:\ti\ccsv8\tools\compiler\ti-cgt-c2000_18.1.4.LTS\lib\</path>
         <kind>archive</kind>
         <file>rts2800_fpu32.lib</file>
         <name>ll_div28.asm.obj</name>
      </input_file>
      <input_file id="fl-76">
         <path>C:\ti\ccsv8\tools\compiler\ti-cgt-c2000_18.1.4.LTS\lib\</path>
         <kind>archive</kind>
         <file>rts2800_fpu32.lib</file>
         <name>i_tofd28.asm.obj</name>
      </input_file>
      <input_file id="fl-77">
         <path>C:\ti\ccsv8\tools\compiler\ti-cgt-c2000_18.1.4.LTS\lib\</path>
         <kind>archive</kind>
         <file>rts2800_fpu32.lib</file>
         <name>l_tofd28.asm.obj</name>
      </input_file>
      <input_file id="fl-78">
         <path>C:\ti\ccsv8\tools\compiler\ti-cgt-c2000_18.1.4.LTS\lib\</path>
         <kind>archive</kind>
         <file>rts2800_fpu32.lib</file>
         <name>l_div28.asm.obj</name>
      </input_file>
      <input_file id="fl-79">
         <path>C:\ti\ccsv8\tools\compiler\ti-cgt-c2000_18.1.4.LTS\lib\</path>
         <kind>archive</kind>
         <file>rts2800_fpu32.lib</file>
         <name>fs_tofdfpu32.asm.obj</name>
      </input_file>
      <input_file id="fl-7a">
         <path>C:\ti\ccsv8\tools\compiler\ti-cgt-c2000_18.1.4.LTS\lib\</path>
         <kind>archive</kind>
         <file>rts2800_fpu32.lib</file>
         <name>wcslen.c.obj</name>
      </input_file>
   </input_file_list>
   <object_component_list>
      <object_component id="oc-f3">
         <name>codestart</name>
         <load_address>0x0</load_address>
         <run_address>0x0</run_address>
         <size>0x2</size>
         <input_file_ref idref="fl-14"/>
      </object_component>
      <object_component id="oc-36d">
         <name>.text</name>
         <load_address>0x11000</load_address>
         <run_address>0x11000</run_address>
         <size>0x1603</size>
         <input_file_ref idref="fl-48"/>
      </object_component>
      <object_component id="oc-366">
         <name>.text</name>
         <load_address>0x12603</load_address>
         <run_address>0x12603</run_address>
         <size>0x1</size>
         <input_file_ref idref="fl-59"/>
      </object_component>
      <object_component id="oc-390">
         <name>.text</name>
         <load_address>0x12604</load_address>
         <run_address>0x12604</run_address>
         <size>0xd6f</size>
         <input_file_ref idref="fl-68"/>
      </object_component>
      <object_component id="oc-37a">
         <name>.text</name>
         <load_address>0x13373</load_address>
         <run_address>0x13373</run_address>
         <size>0x85d</size>
         <input_file_ref idref="fl-49"/>
      </object_component>
      <object_component id="oc-379">
         <name>.text</name>
         <load_address>0x13bd0</load_address>
         <run_address>0x13bd0</run_address>
         <size>0x80b</size>
         <input_file_ref idref="fl-37"/>
      </object_component>
      <object_component id="oc-38b">
         <name>.text</name>
         <load_address>0x143db</load_address>
         <run_address>0x143db</run_address>
         <size>0x6c7</size>
         <input_file_ref idref="fl-3a"/>
      </object_component>
      <object_component id="oc-104">
         <name>.text:retain</name>
         <load_address>0x14aa2</load_address>
         <run_address>0x14aa2</run_address>
         <size>0x585</size>
         <input_file_ref idref="fl-17"/>
      </object_component>
      <object_component id="oc-371">
         <name>.text</name>
         <load_address>0x15027</load_address>
         <run_address>0x15027</run_address>
         <size>0x406</size>
         <input_file_ref idref="fl-4c"/>
      </object_component>
      <object_component id="oc-387">
         <name>.text</name>
         <load_address>0x1542d</load_address>
         <run_address>0x1542d</run_address>
         <size>0x404</size>
         <input_file_ref idref="fl-18"/>
      </object_component>
      <object_component id="oc-380">
         <name>.text</name>
         <load_address>0x15831</load_address>
         <run_address>0x15831</run_address>
         <size>0x391</size>
         <input_file_ref idref="fl-2"/>
      </object_component>
      <object_component id="oc-39a">
         <name>.text</name>
         <load_address>0x15bc2</load_address>
         <run_address>0x15bc2</run_address>
         <size>0x371</size>
         <input_file_ref idref="fl-4"/>
      </object_component>
      <object_component id="oc-385">
         <name>.text</name>
         <load_address>0x15f33</load_address>
         <run_address>0x15f33</run_address>
         <size>0x33b</size>
         <input_file_ref idref="fl-29"/>
      </object_component>
      <object_component id="oc-36b">
         <name>.text</name>
         <load_address>0x1626e</load_address>
         <run_address>0x1626e</run_address>
         <size>0x323</size>
         <input_file_ref idref="fl-12"/>
      </object_component>
      <object_component id="oc-36e">
         <name>.text</name>
         <load_address>0x16591</load_address>
         <run_address>0x16591</run_address>
         <size>0x25c</size>
         <input_file_ref idref="fl-46"/>
      </object_component>
      <object_component id="oc-369">
         <name>.text</name>
         <load_address>0x167ed</load_address>
         <run_address>0x167ed</run_address>
         <size>0x244</size>
         <input_file_ref idref="fl-1e"/>
      </object_component>
      <object_component id="oc-37e">
         <name>.text</name>
         <load_address>0x16a31</load_address>
         <run_address>0x16a31</run_address>
         <size>0x243</size>
         <input_file_ref idref="fl-33"/>
      </object_component>
      <object_component id="oc-3a8">
         <name>.text</name>
         <load_address>0x16c74</load_address>
         <run_address>0x16c74</run_address>
         <size>0x231</size>
         <input_file_ref idref="fl-a"/>
      </object_component>
      <object_component id="oc-393">
         <name>.text</name>
         <load_address>0x16ea5</load_address>
         <run_address>0x16ea5</run_address>
         <size>0x210</size>
         <input_file_ref idref="fl-4e"/>
      </object_component>
      <object_component id="oc-e8">
         <name>.text:retain</name>
         <load_address>0x170b5</load_address>
         <run_address>0x170b5</run_address>
         <size>0x204</size>
         <input_file_ref idref="fl-12"/>
      </object_component>
      <object_component id="oc-394">
         <name>.text</name>
         <load_address>0x172b9</load_address>
         <run_address>0x172b9</run_address>
         <size>0x203</size>
         <input_file_ref idref="fl-62"/>
      </object_component>
      <object_component id="oc-37b">
         <name>.text</name>
         <load_address>0x174bc</load_address>
         <run_address>0x174bc</run_address>
         <size>0x1ca</size>
         <input_file_ref idref="fl-32"/>
      </object_component>
      <object_component id="oc-36a">
         <name>.text</name>
         <load_address>0x17686</load_address>
         <run_address>0x17686</run_address>
         <size>0x178</size>
         <input_file_ref idref="fl-c"/>
      </object_component>
      <object_component id="oc-392">
         <name>.text</name>
         <load_address>0x177fe</load_address>
         <run_address>0x177fe</run_address>
         <size>0x157</size>
         <input_file_ref idref="fl-4d"/>
      </object_component>
      <object_component id="oc-377">
         <name>.text</name>
         <load_address>0x17955</load_address>
         <run_address>0x17955</run_address>
         <size>0x109</size>
         <input_file_ref idref="fl-e"/>
      </object_component>
      <object_component id="oc-346">
         <name>.text</name>
         <load_address>0x17a5e</load_address>
         <run_address>0x17a5e</run_address>
         <size>0x107</size>
         <input_file_ref idref="fl-75"/>
      </object_component>
      <object_component id="oc-36f">
         <name>.text</name>
         <load_address>0x17b65</load_address>
         <run_address>0x17b65</run_address>
         <size>0xf4</size>
         <input_file_ref idref="fl-3d"/>
      </object_component>
      <object_component id="oc-37c">
         <name>.text</name>
         <load_address>0x17c59</load_address>
         <run_address>0x17c59</run_address>
         <size>0xd8</size>
         <input_file_ref idref="fl-4b"/>
      </object_component>
      <object_component id="oc-37f">
         <name>.text</name>
         <load_address>0x17d31</load_address>
         <run_address>0x17d31</run_address>
         <size>0xd2</size>
         <input_file_ref idref="fl-45"/>
      </object_component>
      <object_component id="oc-39f">
         <name>.text</name>
         <load_address>0x17e03</load_address>
         <run_address>0x17e03</run_address>
         <size>0xae</size>
         <input_file_ref idref="fl-6f"/>
      </object_component>
      <object_component id="oc-c0">
         <name>.text:retain</name>
         <load_address>0x17eb1</load_address>
         <run_address>0x17eb1</run_address>
         <size>0xa2</size>
         <input_file_ref idref="fl-c"/>
      </object_component>
      <object_component id="oc-ba">
         <name>.text:retain</name>
         <load_address>0x17f53</load_address>
         <run_address>0x17f53</run_address>
         <size>0x9f</size>
         <input_file_ref idref="fl-b"/>
      </object_component>
      <object_component id="oc-2f3">
         <name>.text</name>
         <load_address>0x17ff2</load_address>
         <run_address>0x17ff2</run_address>
         <size>0x9c</size>
         <input_file_ref idref="fl-65"/>
      </object_component>
      <object_component id="oc-215">
         <name>.text:retain</name>
         <load_address>0x1808e</load_address>
         <run_address>0x1808e</run_address>
         <size>0x93</size>
         <input_file_ref idref="fl-38"/>
      </object_component>
      <object_component id="oc-28a">
         <name>.text</name>
         <load_address>0x18121</load_address>
         <run_address>0x18121</run_address>
         <size>0x8b</size>
         <input_file_ref idref="fl-50"/>
      </object_component>
      <object_component id="oc-2f8">
         <name>.text</name>
         <load_address>0x181ac</load_address>
         <run_address>0x181ac</run_address>
         <size>0x88</size>
         <input_file_ref idref="fl-66"/>
      </object_component>
      <object_component id="oc-37d">
         <name>.text</name>
         <load_address>0x18234</load_address>
         <run_address>0x18234</run_address>
         <size>0x88</size>
         <input_file_ref idref="fl-47"/>
      </object_component>
      <object_component id="oc-370">
         <name>.text</name>
         <load_address>0x182bc</load_address>
         <run_address>0x182bc</run_address>
         <size>0x84</size>
         <input_file_ref idref="fl-3e"/>
      </object_component>
      <object_component id="oc-28f">
         <name>.text</name>
         <load_address>0x18340</load_address>
         <run_address>0x18340</run_address>
         <size>0x83</size>
         <input_file_ref idref="fl-51"/>
      </object_component>
      <object_component id="oc-386">
         <name>.text</name>
         <load_address>0x183c3</load_address>
         <run_address>0x183c3</run_address>
         <size>0x7c</size>
         <input_file_ref idref="fl-15"/>
      </object_component>
      <object_component id="oc-383">
         <name>.text</name>
         <load_address>0x1843f</load_address>
         <run_address>0x1843f</run_address>
         <size>0x72</size>
         <input_file_ref idref="fl-38"/>
      </object_component>
      <object_component id="oc-e0">
         <name>.text:retain</name>
         <load_address>0x184b1</load_address>
         <run_address>0x184b1</run_address>
         <size>0x6a</size>
         <input_file_ref idref="fl-11"/>
      </object_component>
      <object_component id="oc-399">
         <name>.text</name>
         <load_address>0x1851b</load_address>
         <run_address>0x1851b</run_address>
         <size>0x60</size>
         <input_file_ref idref="fl-11"/>
      </object_component>
      <object_component id="oc-39e">
         <name>.text</name>
         <load_address>0x1857b</load_address>
         <run_address>0x1857b</run_address>
         <size>0x5a</size>
         <input_file_ref idref="fl-6e"/>
      </object_component>
      <object_component id="oc-3a7">
         <name>.text</name>
         <load_address>0x185d5</load_address>
         <run_address>0x185d5</run_address>
         <size>0x5a</size>
         <input_file_ref idref="fl-64"/>
      </object_component>
      <object_component id="oc-83">
         <name>.text</name>
         <load_address>0x1862f</load_address>
         <run_address>0x1862f</run_address>
         <size>0x56</size>
         <input_file_ref idref="fl-4f"/>
      </object_component>
      <object_component id="oc-38d">
         <name>.text</name>
         <load_address>0x18685</load_address>
         <run_address>0x18685</run_address>
         <size>0x50</size>
         <input_file_ref idref="fl-3b"/>
      </object_component>
      <object_component id="oc-38c">
         <name>.text</name>
         <load_address>0x186d5</load_address>
         <run_address>0x186d5</run_address>
         <size>0x50</size>
         <input_file_ref idref="fl-3c"/>
      </object_component>
      <object_component id="oc-373">
         <name>.text</name>
         <load_address>0x18725</load_address>
         <run_address>0x18725</run_address>
         <size>0x43</size>
         <input_file_ref idref="fl-3"/>
      </object_component>
      <object_component id="oc-38a">
         <name>.text</name>
         <load_address>0x18768</load_address>
         <run_address>0x18768</run_address>
         <size>0x3c</size>
         <input_file_ref idref="fl-5"/>
      </object_component>
      <object_component id="oc-39b">
         <name>.text</name>
         <load_address>0x187a4</load_address>
         <run_address>0x187a4</run_address>
         <size>0x36</size>
         <input_file_ref idref="fl-39"/>
      </object_component>
      <object_component id="oc-382">
         <name>.text</name>
         <load_address>0x187da</load_address>
         <run_address>0x187da</run_address>
         <size>0x31</size>
         <input_file_ref idref="fl-5e"/>
      </object_component>
      <object_component id="oc-39d">
         <name>.text</name>
         <load_address>0x1880b</load_address>
         <run_address>0x1880b</run_address>
         <size>0x30</size>
         <input_file_ref idref="fl-69"/>
      </object_component>
      <object_component id="oc-376">
         <name>.text</name>
         <load_address>0x1883b</load_address>
         <run_address>0x1883b</run_address>
         <size>0x30</size>
         <input_file_ref idref="fl-63"/>
      </object_component>
      <object_component id="oc-332">
         <name>.text</name>
         <load_address>0x1886b</load_address>
         <run_address>0x1886b</run_address>
         <size>0x2a</size>
         <input_file_ref idref="fl-71"/>
      </object_component>
      <object_component id="oc-355">
         <name>.text</name>
         <load_address>0x18895</load_address>
         <run_address>0x18895</run_address>
         <size>0x2a</size>
         <input_file_ref idref="fl-78"/>
      </object_component>
      <object_component id="oc-368">
         <name>.text</name>
         <load_address>0x188bf</load_address>
         <run_address>0x188bf</run_address>
         <size>0x29</size>
         <input_file_ref idref="fl-5a"/>
      </object_component>
      <object_component id="oc-388">
         <name>.text</name>
         <load_address>0x188e8</load_address>
         <run_address>0x188e8</run_address>
         <size>0x28</size>
         <input_file_ref idref="fl-25"/>
      </object_component>
      <object_component id="oc-389">
         <name>.text</name>
         <load_address>0x18910</load_address>
         <run_address>0x18910</run_address>
         <size>0x26</size>
         <input_file_ref idref="fl-26"/>
      </object_component>
      <object_component id="oc-3ac">
         <name>.text</name>
         <load_address>0x18936</load_address>
         <run_address>0x18936</run_address>
         <size>0x25</size>
         <input_file_ref idref="fl-70"/>
      </object_component>
      <object_component id="oc-365">
         <name>.text</name>
         <load_address>0x1895b</load_address>
         <run_address>0x1895b</run_address>
         <size>0x24</size>
         <input_file_ref idref="fl-56"/>
      </object_component>
      <object_component id="oc-33c">
         <name>.text</name>
         <load_address>0x1897f</load_address>
         <run_address>0x1897f</run_address>
         <size>0x21</size>
         <input_file_ref idref="fl-73"/>
      </object_component>
      <object_component id="oc-299">
         <name>.text</name>
         <load_address>0x189a0</load_address>
         <run_address>0x189a0</run_address>
         <size>0x1f</size>
         <input_file_ref idref="fl-53"/>
      </object_component>
      <object_component id="oc-341">
         <name>.text</name>
         <load_address>0x189bf</load_address>
         <run_address>0x189bf</run_address>
         <size>0x1e</size>
         <input_file_ref idref="fl-74"/>
      </object_component>
      <object_component id="oc-34b">
         <name>.text</name>
         <load_address>0x189dd</load_address>
         <run_address>0x189dd</run_address>
         <size>0x1d</size>
         <input_file_ref idref="fl-76"/>
      </object_component>
      <object_component id="oc-372">
         <name>.text</name>
         <load_address>0x189fa</load_address>
         <run_address>0x189fa</run_address>
         <size>0x1d</size>
         <input_file_ref idref="fl-57"/>
      </object_component>
      <object_component id="oc-35a">
         <name>.text</name>
         <load_address>0x18a17</load_address>
         <run_address>0x18a17</run_address>
         <size>0x1c</size>
         <input_file_ref idref="fl-79"/>
      </object_component>
      <object_component id="oc-350">
         <name>.text</name>
         <load_address>0x18a33</load_address>
         <run_address>0x18a33</run_address>
         <size>0x1c</size>
         <input_file_ref idref="fl-77"/>
      </object_component>
      <object_component id="oc-367">
         <name>.text</name>
         <load_address>0x18a4f</load_address>
         <run_address>0x18a4f</run_address>
         <size>0x19</size>
         <input_file_ref idref="fl-5c"/>
      </object_component>
      <object_component id="oc-29e">
         <name>.text</name>
         <load_address>0x18a68</load_address>
         <run_address>0x18a68</run_address>
         <size>0x18</size>
         <input_file_ref idref="fl-54"/>
      </object_component>
      <object_component id="oc-2a3">
         <name>.text</name>
         <load_address>0x18a80</load_address>
         <run_address>0x18a80</run_address>
         <size>0x16</size>
         <input_file_ref idref="fl-55"/>
      </object_component>
      <object_component id="oc-3ad">
         <name>.text</name>
         <load_address>0x18a96</load_address>
         <run_address>0x18a96</run_address>
         <size>0x12</size>
         <input_file_ref idref="fl-6d"/>
      </object_component>
      <object_component id="oc-36c">
         <name>.text</name>
         <load_address>0x18aa8</load_address>
         <run_address>0x18aa8</run_address>
         <size>0x12</size>
         <input_file_ref idref="fl-4a"/>
      </object_component>
      <object_component id="oc-1f1">
         <name>.text:retain</name>
         <load_address>0x18aba</load_address>
         <run_address>0x18aba</run_address>
         <size>0xf</size>
         <input_file_ref idref="fl-32"/>
      </object_component>
      <object_component id="oc-294">
         <name>.text</name>
         <load_address>0x18ac9</load_address>
         <run_address>0x18ac9</run_address>
         <size>0xe</size>
         <input_file_ref idref="fl-52"/>
      </object_component>
      <object_component id="oc-3a3">
         <name>.text</name>
         <load_address>0x18ad7</load_address>
         <run_address>0x18ad7</run_address>
         <size>0xd</size>
         <input_file_ref idref="fl-6a"/>
      </object_component>
      <object_component id="oc-3a1">
         <name>.text</name>
         <load_address>0x18ae4</load_address>
         <run_address>0x18ae4</run_address>
         <size>0xc</size>
         <input_file_ref idref="fl-60"/>
      </object_component>
      <object_component id="oc-3a0">
         <name>.text</name>
         <load_address>0x18af0</load_address>
         <run_address>0x18af0</run_address>
         <size>0xc</size>
         <input_file_ref idref="fl-6b"/>
      </object_component>
      <object_component id="oc-38e">
         <name>.text</name>
         <load_address>0x18afc</load_address>
         <run_address>0x18afc</run_address>
         <size>0x9</size>
         <input_file_ref idref="fl-5b"/>
      </object_component>
      <object_component id="oc-337">
         <name>.text</name>
         <load_address>0x18b05</load_address>
         <run_address>0x18b05</run_address>
         <size>0x9</size>
         <input_file_ref idref="fl-72"/>
      </object_component>
      <object_component id="oc-3a4">
         <name>.text</name>
         <load_address>0x18b0e</load_address>
         <run_address>0x18b0e</run_address>
         <size>0x9</size>
         <input_file_ref idref="fl-7a"/>
      </object_component>
      <object_component id="oc-378">
         <name>.text</name>
         <load_address>0x18b17</load_address>
         <run_address>0x18b17</run_address>
         <size>0x8</size>
         <input_file_ref idref="fl-61"/>
      </object_component>
      <object_component id="oc-3a2">
         <name>.text</name>
         <load_address>0x18b1f</load_address>
         <run_address>0x18b1f</run_address>
         <size>0x5</size>
         <input_file_ref idref="fl-6c"/>
      </object_component>
      <object_component id="oc-381">
         <name>.text</name>
         <load_address>0x18b24</load_address>
         <run_address>0x18b24</run_address>
         <size>0x4</size>
         <input_file_ref idref="fl-5d"/>
      </object_component>
      <object_component id="oc-fe">
         <name>.text</name>
         <load_address>0x18b28</load_address>
         <run_address>0x18b28</run_address>
         <size>0x3</size>
         <input_file_ref idref="fl-16"/>
      </object_component>
      <object_component id="oc-364">
         <name>.text</name>
         <load_address>0x18b2b</load_address>
         <run_address>0x18b2b</run_address>
         <size>0x2</size>
         <input_file_ref idref="fl-58"/>
      </object_component>
      <object_component id="oc-e6">
         <name>.cinit</name>
         <load_address>0x122</load_address>
         <run_address>0x122</run_address>
         <size>0x94</size>
         <input_file_ref idref="fl-12"/>
      </object_component>
      <object_component id="oc-1e3">
         <name>.cinit</name>
         <load_address>0x1b6</load_address>
         <run_address>0x1b6</run_address>
         <size>0x90</size>
         <input_file_ref idref="fl-2f"/>
      </object_component>
      <object_component id="oc-25b">
         <name>.cinit</name>
         <load_address>0x246</load_address>
         <run_address>0x246</run_address>
         <size>0x46</size>
         <input_file_ref idref="fl-48"/>
      </object_component>
      <object_component id="oc-229">
         <name>.cinit</name>
         <load_address>0x28c</load_address>
         <run_address>0x28c</run_address>
         <size>0x41</size>
         <input_file_ref idref="fl-3b"/>
      </object_component>
      <object_component id="oc-231">
         <name>.cinit</name>
         <load_address>0x2cd</load_address>
         <run_address>0x2cd</run_address>
         <size>0x41</size>
         <input_file_ref idref="fl-3c"/>
      </object_component>
      <object_component id="oc-239">
         <name>.cinit</name>
         <load_address>0x30e</load_address>
         <run_address>0x30e</run_address>
         <size>0x14</size>
         <input_file_ref idref="fl-3d"/>
      </object_component>
      <object_component id="oc-b8">
         <name>.cinit</name>
         <load_address>0x322</load_address>
         <run_address>0x322</run_address>
         <size>0xf</size>
         <input_file_ref idref="fl-b"/>
      </object_component>
      <object_component id="oc-2bd">
         <name>.cinit</name>
         <load_address>0x331</load_address>
         <run_address>0x331</run_address>
         <size>0xe</size>
         <input_file_ref idref="fl-5a"/>
      </object_component>
      <object_component id="oc-254">
         <name>.cinit</name>
         <load_address>0x33f</load_address>
         <run_address>0x33f</run_address>
         <size>0xe</size>
         <input_file_ref idref="fl-47"/>
      </object_component>
      <object_component id="oc-24d">
         <name>.cinit</name>
         <load_address>0x34d</load_address>
         <run_address>0x34d</run_address>
         <size>0xd</size>
         <input_file_ref idref="fl-46"/>
      </object_component>
      <object_component id="oc-240">
         <name>.cinit</name>
         <load_address>0x35a</load_address>
         <run_address>0x35a</run_address>
         <size>0xb</size>
         <input_file_ref idref="fl-3e"/>
      </object_component>
      <object_component id="oc-de">
         <name>.cinit</name>
         <load_address>0x365</load_address>
         <run_address>0x365</run_address>
         <size>0xa</size>
         <input_file_ref idref="fl-11"/>
      </object_component>
      <object_component id="oc-207">
         <name>.cinit</name>
         <load_address>0x36f</load_address>
         <run_address>0x36f</run_address>
         <size>0x9</size>
         <input_file_ref idref="fl-36"/>
      </object_component>
      <object_component id="oc-221">
         <name>.cinit</name>
         <load_address>0x378</load_address>
         <run_address>0x378</run_address>
         <size>0x8</size>
         <input_file_ref idref="fl-3a"/>
      </object_component>
      <object_component id="oc-cc">
         <name>.cinit</name>
         <load_address>0x380</load_address>
         <run_address>0x380</run_address>
         <size>0x7</size>
         <input_file_ref idref="fl-e"/>
      </object_component>
      <object_component id="oc-85">
         <name>.cinit</name>
         <load_address>0x387</load_address>
         <run_address>0x387</run_address>
         <size>0x7</size>
         <input_file_ref idref="fl-2"/>
      </object_component>
      <object_component id="oc-375">
         <name>.cinit:__lock</name>
         <load_address>0x38e</load_address>
         <run_address>0x38e</run_address>
         <size>0x5</size>
         <input_file_ref idref="fl-5b"/>
      </object_component>
      <object_component id="oc-38f">
         <name>.cinit:__unlock</name>
         <load_address>0x393</load_address>
         <run_address>0x393</run_address>
         <size>0x5</size>
         <input_file_ref idref="fl-5b"/>
      </object_component>
      <object_component id="oc-262">
         <name>.cinit</name>
         <load_address>0x398</load_address>
         <run_address>0x398</run_address>
         <size>0x5</size>
         <input_file_ref idref="fl-49"/>
      </object_component>
      <object_component id="oc-1d7">
         <name>.cinit</name>
         <load_address>0x39d</load_address>
         <run_address>0x39d</run_address>
         <size>0x4</size>
         <input_file_ref idref="fl-2d"/>
      </object_component>
      <object_component id="oc-2fe">
         <name>.cinit</name>
         <load_address>0x3a1</load_address>
         <run_address>0x3a1</run_address>
         <size>0x4</size>
         <input_file_ref idref="fl-67"/>
      </object_component>
      <object_component id="oc-3a9">
         <name>.switch:_App_StdbusMasterDealFram</name>
         <load_address>0x3a8</load_address>
         <run_address>0x3a8</run_address>
         <size>0x18</size>
         <input_file_ref idref="fl-4"/>
      </object_component>
      <object_component id="oc-285">
         <name>.reset</name>
         <load_address>0x3fffc0</load_address>
         <run_address>0x3fffc0</run_address>
         <size>0x2</size>
         <input_file_ref idref="fl-4f"/>
      </object_component>
      <object_component id="oc-284">
         <name>.stack</name>
         <uninitialized>true</uninitialized>
         <run_address>0x400</run_address>
         <size>0x0</size>
         <input_file_ref idref="fl-4f"/>
      </object_component>
      <object_component id="oc-436">
         <name>.stack</name>
         <uninitialized>true</uninitialized>
         <run_address>0x400</run_address>
         <size>0x0</size>
      </object_component>
      <object_component id="oc-86">
         <name>.ebss</name>
         <uninitialized>true</uninitialized>
         <run_address>0xfcf0</run_address>
         <size>0x10</size>
         <input_file_ref idref="fl-2"/>
      </object_component>
      <object_component id="oc-93">
         <name>.ebss</name>
         <uninitialized>true</uninitialized>
         <run_address>0xd000</run_address>
         <size>0x1c80</size>
         <input_file_ref idref="fl-4"/>
      </object_component>
      <object_component id="oc-b9">
         <name>.ebss</name>
         <uninitialized>true</uninitialized>
         <run_address>0x104f8</run_address>
         <size>0x6</size>
         <input_file_ref idref="fl-b"/>
      </object_component>
      <object_component id="oc-c6">
         <name>.ebss</name>
         <uninitialized>true</uninitialized>
         <run_address>0x107ae</run_address>
         <size>0xa</size>
         <input_file_ref idref="fl-d"/>
      </object_component>
      <object_component id="oc-cd">
         <name>.ebss</name>
         <uninitialized>true</uninitialized>
         <run_address>0x104ce</run_address>
         <size>0x2a</size>
         <input_file_ref idref="fl-e"/>
      </object_component>
      <object_component id="oc-df">
         <name>.ebss</name>
         <uninitialized>true</uninitialized>
         <run_address>0x10a34</run_address>
         <size>0x4</size>
         <input_file_ref idref="fl-11"/>
      </object_component>
      <object_component id="oc-e7">
         <name>.ebss</name>
         <uninitialized>true</uninitialized>
         <run_address>0x10500</run_address>
         <size>0x290</size>
         <input_file_ref idref="fl-12"/>
      </object_component>
      <object_component id="oc-f9">
         <name>.ebss</name>
         <uninitialized>true</uninitialized>
         <run_address>0x10a0c</run_address>
         <size>0x18</size>
         <input_file_ref idref="fl-15"/>
      </object_component>
      <object_component id="oc-1c7">
         <name>.ebss</name>
         <uninitialized>true</uninitialized>
         <run_address>0x107b8</run_address>
         <size>0x6</size>
         <input_file_ref idref="fl-2a"/>
      </object_component>
      <object_component id="oc-1d8">
         <name>.ebss</name>
         <uninitialized>true</uninitialized>
         <run_address>0x108be</run_address>
         <size>0x1</size>
         <input_file_ref idref="fl-2d"/>
      </object_component>
      <object_component id="oc-1e4">
         <name>.ebss</name>
         <uninitialized>true</uninitialized>
         <run_address>0x10ac0</run_address>
         <size>0x78</size>
         <input_file_ref idref="fl-2f"/>
      </object_component>
      <object_component id="oc-208">
         <name>.ebss</name>
         <uninitialized>true</uninitialized>
         <run_address>0x10a38</run_address>
         <size>0x4</size>
         <input_file_ref idref="fl-36"/>
      </object_component>
      <object_component id="oc-222">
         <name>.ebss</name>
         <uninitialized>true</uninitialized>
         <run_address>0x108a4</run_address>
         <size>0x1a</size>
         <input_file_ref idref="fl-3a"/>
      </object_component>
      <object_component id="oc-22a">
         <name>.ebss</name>
         <uninitialized>true</uninitialized>
         <run_address>0xfd00</run_address>
         <size>0x440</size>
         <input_file_ref idref="fl-3b"/>
      </object_component>
      <object_component id="oc-232">
         <name>.ebss</name>
         <uninitialized>true</uninitialized>
         <run_address>0x107c0</run_address>
         <size>0xe4</size>
         <input_file_ref idref="fl-3c"/>
      </object_component>
      <object_component id="oc-23a">
         <name>.ebss</name>
         <uninitialized>true</uninitialized>
         <run_address>0xec80</run_address>
         <size>0x1070</size>
         <input_file_ref idref="fl-3d"/>
      </object_component>
      <object_component id="oc-241">
         <name>.ebss</name>
         <uninitialized>true</uninitialized>
         <run_address>0x108c0</run_address>
         <size>0xc0</size>
         <input_file_ref idref="fl-3e"/>
      </object_component>
      <object_component id="oc-24e">
         <name>.ebss</name>
         <uninitialized>true</uninitialized>
         <run_address>0x10a24</run_address>
         <size>0xa</size>
         <input_file_ref idref="fl-46"/>
      </object_component>
      <object_component id="oc-255">
         <name>.ebss</name>
         <uninitialized>true</uninitialized>
         <run_address>0x10790</run_address>
         <size>0x1e</size>
         <input_file_ref idref="fl-47"/>
      </object_component>
      <object_component id="oc-25c">
         <name>.ebss</name>
         <uninitialized>true</uninitialized>
         <run_address>0x10140</run_address>
         <size>0x38e</size>
         <input_file_ref idref="fl-48"/>
      </object_component>
      <object_component id="oc-263">
         <name>.ebss</name>
         <uninitialized>true</uninitialized>
         <run_address>0x10a40</run_address>
         <size>0x80</size>
         <input_file_ref idref="fl-49"/>
      </object_component>
      <object_component id="oc-26e">
         <name>.ebss</name>
         <uninitialized>true</uninitialized>
         <run_address>0x10980</run_address>
         <size>0x8c</size>
         <input_file_ref idref="fl-4b"/>
      </object_component>
      <object_component id="oc-274">
         <name>.ebss</name>
         <uninitialized>true</uninitialized>
         <run_address>0x10b40</run_address>
         <size>0x3e</size>
         <input_file_ref idref="fl-4c"/>
      </object_component>
      <object_component id="oc-2be">
         <name>.ebss</name>
         <uninitialized>true</uninitialized>
         <run_address>0x10a2e</run_address>
         <size>0x6</size>
         <input_file_ref idref="fl-5a"/>
      </object_component>
      <object_component id="oc-39c">
         <name>.ebss:__unlock</name>
         <uninitialized>true</uninitialized>
         <run_address>0x107be</run_address>
         <size>0x2</size>
         <input_file_ref idref="fl-5b"/>
      </object_component>
      <object_component id="oc-374">
         <name>.ebss:__lock</name>
         <uninitialized>true</uninitialized>
         <run_address>0x104fe</run_address>
         <size>0x2</size>
         <input_file_ref idref="fl-5b"/>
      </object_component>
      <object_component id="oc-2ff">
         <name>.ebss</name>
         <uninitialized>true</uninitialized>
         <run_address>0x108bf</run_address>
         <size>0x1</size>
         <input_file_ref idref="fl-67"/>
      </object_component>
      <object_component id="oc-94">
         <name>.econst:.string</name>
         <load_address>0x8000</load_address>
         <run_address>0x8000</run_address>
         <size>0x363</size>
         <input_file_ref idref="fl-4"/>
      </object_component>
      <object_component id="oc-223">
         <name>.econst:.string</name>
         <load_address>0x8364</load_address>
         <run_address>0x8364</run_address>
         <size>0x20a</size>
         <input_file_ref idref="fl-3a"/>
      </object_component>
      <object_component id="oc-398">
         <name>.econst:_PieVectTableInit</name>
         <load_address>0x856e</load_address>
         <run_address>0x856e</run_address>
         <size>0x1c0</size>
         <input_file_ref idref="fl-26"/>
      </object_component>
      <object_component id="oc-8d">
         <name>.econst:.string</name>
         <load_address>0x872e</load_address>
         <run_address>0x872e</run_address>
         <size>0x157</size>
         <input_file_ref idref="fl-3"/>
      </object_component>
      <object_component id="oc-395">
         <name>.econst:.string:__ctypes_</name>
         <load_address>0x8885</load_address>
         <run_address>0x8885</run_address>
         <size>0x101</size>
         <input_file_ref idref="fl-5f"/>
      </object_component>
      <object_component id="oc-3aa">
         <name>.econst:.string:_auch_CRCHi</name>
         <load_address>0x8986</load_address>
         <run_address>0x8986</run_address>
         <size>0x100</size>
         <input_file_ref idref="fl-39"/>
      </object_component>
      <object_component id="oc-3ab">
         <name>.econst:.string:_auch_CRCLo</name>
         <load_address>0x8a86</load_address>
         <run_address>0x8a86</run_address>
         <size>0x100</size>
         <input_file_ref idref="fl-39"/>
      </object_component>
      <object_component id="oc-242">
         <name>.econst:.string</name>
         <load_address>0x8b86</load_address>
         <run_address>0x8b86</run_address>
         <size>0xa3</size>
         <input_file_ref idref="fl-3e"/>
      </object_component>
      <object_component id="oc-87">
         <name>.econst:.string</name>
         <load_address>0x8c2a</load_address>
         <run_address>0x8c2a</run_address>
         <size>0x5b</size>
         <input_file_ref idref="fl-2"/>
      </object_component>
      <object_component id="oc-303">
         <name>.econst:.string</name>
         <load_address>0x8c86</load_address>
         <run_address>0x8c86</run_address>
         <size>0x26</size>
         <input_file_ref idref="fl-68"/>
      </object_component>
      <object_component id="oc-20a">
         <name>.econst:.string</name>
         <load_address>0x8cac</load_address>
         <run_address>0x8cac</run_address>
         <size>0x22</size>
         <input_file_ref idref="fl-36"/>
      </object_component>
      <object_component id="oc-3a5">
         <name>.econst:_digits</name>
         <load_address>0x8cce</load_address>
         <run_address>0x8cce</run_address>
         <size>0x20</size>
         <input_file_ref idref="fl-62"/>
      </object_component>
      <object_component id="oc-302">
         <name>.econst</name>
         <load_address>0x8cee</load_address>
         <run_address>0x8cee</run_address>
         <size>0x1c</size>
         <input_file_ref idref="fl-68"/>
      </object_component>
      <object_component id="oc-328">
         <name>.econst</name>
         <load_address>0x8d0a</load_address>
         <run_address>0x8d0a</run_address>
         <size>0x1c</size>
         <input_file_ref idref="fl-6f"/>
      </object_component>
      <object_component id="oc-391">
         <name>.econst:_g_psUSBDStdRequests</name>
         <load_address>0x8d26</load_address>
         <run_address>0x8d26</run_address>
         <size>0x1a</size>
         <input_file_ref idref="fl-49"/>
      </object_component>
      <object_component id="oc-e9">
         <name>.econst:.string</name>
         <load_address>0x8d40</load_address>
         <run_address>0x8d40</run_address>
         <size>0x17</size>
         <input_file_ref idref="fl-12"/>
      </object_component>
      <object_component id="oc-22b">
         <name>.econst:.string</name>
         <load_address>0x8d58</load_address>
         <run_address>0x8d58</run_address>
         <size>0x17</size>
         <input_file_ref idref="fl-3b"/>
      </object_component>
      <object_component id="oc-233">
         <name>.econst:.string</name>
         <load_address>0x8d70</load_address>
         <run_address>0x8d70</run_address>
         <size>0x11</size>
         <input_file_ref idref="fl-3c"/>
      </object_component>
      <object_component id="oc-ce">
         <name>.econst</name>
         <load_address>0x8d82</load_address>
         <run_address>0x8d82</run_address>
         <size>0xc</size>
         <input_file_ref idref="fl-e"/>
      </object_component>
      <object_component id="oc-3a6">
         <name>.econst:_powerof10</name>
         <load_address>0x8d8e</load_address>
         <run_address>0x8d8e</run_address>
         <size>0xc</size>
         <input_file_ref idref="fl-62"/>
      </object_component>
      <object_component id="oc-216">
         <name>.econst</name>
         <load_address>0x8d9a</load_address>
         <run_address>0x8d9a</run_address>
         <size>0xc</size>
         <input_file_ref idref="fl-38"/>
      </object_component>
      <object_component id="oc-397">
         <name>.econst:_g_sUSBEventDriver</name>
         <load_address>0x8da6</load_address>
         <run_address>0x8da6</run_address>
         <size>0x8</size>
         <input_file_ref idref="fl-3e"/>
      </object_component>
      <object_component id="oc-396">
         <name>.econst:_g_sUSBHostSPEClassDriver</name>
         <load_address>0x8dae</load_address>
         <run_address>0x8dae</run_address>
         <size>0x8</size>
         <input_file_ref idref="fl-2"/>
      </object_component>
      <object_component id="oc-322">
         <name>.econst</name>
         <load_address>0x8db6</load_address>
         <run_address>0x8db6</run_address>
         <size>0x8</size>
         <input_file_ref idref="fl-6e"/>
      </object_component>
      <object_component id="oc-275">
         <name>.econst</name>
         <load_address>0x8dbe</load_address>
         <run_address>0x8dbe</run_address>
         <size>0x8</size>
         <input_file_ref idref="fl-4c"/>
      </object_component>
      <object_component id="oc-2ee">
         <name>.econst</name>
         <load_address>0x8dc6</load_address>
         <run_address>0x8dc6</run_address>
         <size>0x6</size>
         <input_file_ref idref="fl-64"/>
      </object_component>
      <object_component id="oc-384">
         <name>.econst:_g_ppHostClassDrivers</name>
         <load_address>0x8dcc</load_address>
         <run_address>0x8dcc</run_address>
         <size>0x4</size>
         <input_file_ref idref="fl-3e"/>
      </object_component>
      <object_component id="oc-209">
         <name>.econst</name>
         <load_address>0x8dd0</load_address>
         <run_address>0x8dd0</run_address>
         <size>0x2</size>
         <input_file_ref idref="fl-36"/>
      </object_component>
      <object_component id="oc-1e6">
         <name>.TI.ramfunc</name>
         <load_address>0x3c0</load_address>
         <run_address>0x3c0</run_address>
         <size>0x4</size>
         <input_file_ref idref="fl-30"/>
      </object_component>
      <object_component id="oc-1f7">
         <name>.TI.ramfunc</name>
         <load_address>0x3c4</load_address>
         <run_address>0x3c4</run_address>
         <size>0x4</size>
         <input_file_ref idref="fl-33"/>
      </object_component>
      <object_component id="oc-19b">
         <name>PUTBUFFER</name>
         <uninitialized>true</uninitialized>
         <run_address>0x3fc00</run_address>
         <size>0x80</size>
         <input_file_ref idref="fl-21"/>
      </object_component>
      <object_component id="oc-198">
         <name>PUTWRITEIDX</name>
         <uninitialized>true</uninitialized>
         <run_address>0x3fc80</run_address>
         <size>0x4</size>
         <input_file_ref idref="fl-21"/>
      </object_component>
      <object_component id="oc-19a">
         <name>GETREADIDX</name>
         <uninitialized>true</uninitialized>
         <run_address>0x3fc84</run_address>
         <size>0x4</size>
         <input_file_ref idref="fl-21"/>
      </object_component>
      <object_component id="oc-19c">
         <name>GETBUFFER</name>
         <uninitialized>true</uninitialized>
         <run_address>0x3f800</run_address>
         <size>0x80</size>
         <input_file_ref idref="fl-21"/>
      </object_component>
      <object_component id="oc-197">
         <name>GETWRITEIDX</name>
         <uninitialized>true</uninitialized>
         <run_address>0x3f880</run_address>
         <size>0x4</size>
         <input_file_ref idref="fl-21"/>
      </object_component>
      <object_component id="oc-199">
         <name>PUTREADIDX</name>
         <uninitialized>true</uninitialized>
         <run_address>0x3f884</run_address>
         <size>0x4</size>
         <input_file_ref idref="fl-21"/>
      </object_component>
      <object_component id="oc-185">
         <name>PieVectTableFile</name>
         <uninitialized>true</uninitialized>
         <run_address>0xd00</run_address>
         <size>0x1c0</size>
         <input_file_ref idref="fl-1d"/>
      </object_component>
      <object_component id="oc-124">
         <name>EmuKeyVar</name>
         <uninitialized>true</uninitialized>
         <run_address>0xd00</run_address>
         <size>0x1</size>
         <input_file_ref idref="fl-1d"/>
      </object_component>
      <object_component id="oc-123">
         <name>EmuBModeVar</name>
         <uninitialized>true</uninitialized>
         <run_address>0xd01</run_address>
         <size>0x1</size>
         <input_file_ref idref="fl-1d"/>
      </object_component>
      <object_component id="oc-13b">
         <name>AdcaResultFile</name>
         <uninitialized>true</uninitialized>
         <run_address>0xb00</run_address>
         <size>0x18</size>
         <input_file_ref idref="fl-1d"/>
      </object_component>
      <object_component id="oc-13c">
         <name>AdcbResultFile</name>
         <uninitialized>true</uninitialized>
         <run_address>0xb20</run_address>
         <size>0x18</size>
         <input_file_ref idref="fl-1d"/>
      </object_component>
      <object_component id="oc-13a">
         <name>AdccResultFile</name>
         <uninitialized>true</uninitialized>
         <run_address>0xb40</run_address>
         <size>0x18</size>
         <input_file_ref idref="fl-1d"/>
      </object_component>
      <object_component id="oc-13d">
         <name>AdcdResultFile</name>
         <uninitialized>true</uninitialized>
         <run_address>0xb60</run_address>
         <size>0x18</size>
         <input_file_ref idref="fl-1d"/>
      </object_component>
      <object_component id="oc-170">
         <name>AdcaRegsFile</name>
         <uninitialized>true</uninitialized>
         <run_address>0x7400</run_address>
         <size>0x80</size>
         <input_file_ref idref="fl-1d"/>
      </object_component>
      <object_component id="oc-16d">
         <name>AdcbRegsFile</name>
         <uninitialized>true</uninitialized>
         <run_address>0x7480</run_address>
         <size>0x80</size>
         <input_file_ref idref="fl-1d"/>
      </object_component>
      <object_component id="oc-16c">
         <name>AdccRegsFile</name>
         <uninitialized>true</uninitialized>
         <run_address>0x7500</run_address>
         <size>0x80</size>
         <input_file_ref idref="fl-1d"/>
      </object_component>
      <object_component id="oc-171">
         <name>AdcdRegsFile</name>
         <uninitialized>true</uninitialized>
         <run_address>0x7580</run_address>
         <size>0x80</size>
         <input_file_ref idref="fl-1d"/>
      </object_component>
      <object_component id="oc-167">
         <name>AnalogSubsysRegsFile</name>
         <uninitialized>true</uninitialized>
         <run_address>0x5d180</run_address>
         <size>0x48</size>
         <input_file_ref idref="fl-1d"/>
      </object_component>
      <object_component id="oc-181">
         <name>CanaRegsFile</name>
         <uninitialized>true</uninitialized>
         <run_address>0x48000</run_address>
         <size>0x164</size>
         <input_file_ref idref="fl-1d"/>
      </object_component>
      <object_component id="oc-182">
         <name>CanbRegsFile</name>
         <uninitialized>true</uninitialized>
         <run_address>0x4a000</run_address>
         <size>0x164</size>
         <input_file_ref idref="fl-1d"/>
      </object_component>
      <object_component id="oc-162">
         <name>Cla1RegsFile</name>
         <uninitialized>true</uninitialized>
         <run_address>0x1400</run_address>
         <size>0x3e</size>
         <input_file_ref idref="fl-1d"/>
      </object_component>
      <object_component id="oc-128">
         <name>Cla1SoftIntRegsFile</name>
         <uninitialized>true</uninitialized>
         <run_address>0xce0</run_address>
         <size>0x4</size>
         <input_file_ref idref="fl-1d"/>
      </object_component>
      <object_component id="oc-14e">
         <name>Cmpss1RegsFile</name>
         <uninitialized>true</uninitialized>
         <run_address>0x5c80</run_address>
         <size>0x20</size>
         <input_file_ref idref="fl-1d"/>
      </object_component>
      <object_component id="oc-14d">
         <name>Cmpss2RegsFile</name>
         <uninitialized>true</uninitialized>
         <run_address>0x5ca0</run_address>
         <size>0x20</size>
         <input_file_ref idref="fl-1d"/>
      </object_component>
      <object_component id="oc-150">
         <name>Cmpss3RegsFile</name>
         <uninitialized>true</uninitialized>
         <run_address>0x5cc0</run_address>
         <size>0x20</size>
         <input_file_ref idref="fl-1d"/>
      </object_component>
      <object_component id="oc-14f">
         <name>Cmpss4RegsFile</name>
         <uninitialized>true</uninitialized>
         <run_address>0x5ce0</run_address>
         <size>0x20</size>
         <input_file_ref idref="fl-1d"/>
      </object_component>
      <object_component id="oc-14a">
         <name>Cmpss5RegsFile</name>
         <uninitialized>true</uninitialized>
         <run_address>0x5d00</run_address>
         <size>0x20</size>
         <input_file_ref idref="fl-1d"/>
      </object_component>
      <object_component id="oc-149">
         <name>Cmpss6RegsFile</name>
         <uninitialized>true</uninitialized>
         <run_address>0x5d20</run_address>
         <size>0x20</size>
         <input_file_ref idref="fl-1d"/>
      </object_component>
      <object_component id="oc-14c">
         <name>Cmpss7RegsFile</name>
         <uninitialized>true</uninitialized>
         <run_address>0x5d40</run_address>
         <size>0x20</size>
         <input_file_ref idref="fl-1d"/>
      </object_component>
      <object_component id="oc-14b">
         <name>Cmpss8RegsFile</name>
         <uninitialized>true</uninitialized>
         <run_address>0x5d60</run_address>
         <size>0x20</size>
         <input_file_ref idref="fl-1d"/>
      </object_component>
      <object_component id="oc-12c">
         <name>CpuTimer0RegsFile</name>
         <uninitialized>true</uninitialized>
         <run_address>0xc00</run_address>
         <size>0x8</size>
         <input_file_ref idref="fl-1d"/>
      </object_component>
      <object_component id="oc-12f">
         <name>CpuTimer1RegsFile</name>
         <uninitialized>true</uninitialized>
         <run_address>0xc08</run_address>
         <size>0x8</size>
         <input_file_ref idref="fl-1d"/>
      </object_component>
      <object_component id="oc-12e">
         <name>CpuTimer2RegsFile</name>
         <uninitialized>true</uninitialized>
         <run_address>0xc10</run_address>
         <size>0x8</size>
         <input_file_ref idref="fl-1d"/>
      </object_component>
      <object_component id="oc-12d">
         <name>DacaRegsFile</name>
         <uninitialized>true</uninitialized>
         <run_address>0x5c00</run_address>
         <size>0x8</size>
         <input_file_ref idref="fl-1d"/>
      </object_component>
      <object_component id="oc-130">
         <name>DacbRegsFile</name>
         <uninitialized>true</uninitialized>
         <run_address>0x5c10</run_address>
         <size>0x8</size>
         <input_file_ref idref="fl-1d"/>
      </object_component>
      <object_component id="oc-12b">
         <name>DaccRegsFile</name>
         <uninitialized>true</uninitialized>
         <run_address>0x5c20</run_address>
         <size>0x8</size>
         <input_file_ref idref="fl-1d"/>
      </object_component>
      <object_component id="oc-15b">
         <name>DcsmZ1RegsFile</name>
         <uninitialized>true</uninitialized>
         <run_address>0x5f000</run_address>
         <size>0x24</size>
         <input_file_ref idref="fl-1d"/>
      </object_component>
      <object_component id="oc-15a">
         <name>DcsmZ2RegsFile</name>
         <uninitialized>true</uninitialized>
         <run_address>0x5f040</run_address>
         <size>0x24</size>
         <input_file_ref idref="fl-1d"/>
      </object_component>
      <object_component id="oc-131">
         <name>DcsmCommonRegsFile</name>
         <uninitialized>true</uninitialized>
         <run_address>0x5f070</run_address>
         <size>0x8</size>
         <input_file_ref idref="fl-1d"/>
      </object_component>
      <object_component id="oc-153">
         <name>DcsmZ1OtpFile</name>
         <uninitialized>true</uninitialized>
         <run_address>0x78000</run_address>
         <size>0x20</size>
         <input_file_ref idref="fl-1d"/>
      </object_component>
      <object_component id="oc-151">
         <name>DcsmZ2OtpFile</name>
         <uninitialized>true</uninitialized>
         <run_address>0x78200</run_address>
         <size>0x20</size>
         <input_file_ref idref="fl-1d"/>
      </object_component>
      <object_component id="oc-173">
         <name>DmaRegsFile</name>
         <uninitialized>true</uninitialized>
         <run_address>0x1000</run_address>
         <size>0xe0</size>
         <input_file_ref idref="fl-1d"/>
      </object_component>
      <object_component id="oc-13f">
         <name>DmaClaSrcSelRegsFile</name>
         <uninitialized>true</uninitialized>
         <run_address>0x7980</run_address>
         <size>0x1a</size>
         <input_file_ref idref="fl-1d"/>
      </object_component>
      <object_component id="oc-152">
         <name>ECap1RegsFile</name>
         <uninitialized>true</uninitialized>
         <run_address>0x5000</run_address>
         <size>0x20</size>
         <input_file_ref idref="fl-1d"/>
      </object_component>
      <object_component id="oc-142">
         <name>ECap2RegsFile</name>
         <uninitialized>true</uninitialized>
         <run_address>0x5020</run_address>
         <size>0x20</size>
         <input_file_ref idref="fl-1d"/>
      </object_component>
      <object_component id="oc-148">
         <name>ECap3RegsFile</name>
         <uninitialized>true</uninitialized>
         <run_address>0x5040</run_address>
         <size>0x20</size>
         <input_file_ref idref="fl-1d"/>
      </object_component>
      <object_component id="oc-140">
         <name>ECap4RegsFile</name>
         <uninitialized>true</uninitialized>
         <run_address>0x5060</run_address>
         <size>0x20</size>
         <input_file_ref idref="fl-1d"/>
      </object_component>
      <object_component id="oc-141">
         <name>ECap5RegsFile</name>
         <uninitialized>true</uninitialized>
         <run_address>0x5080</run_address>
         <size>0x20</size>
         <input_file_ref idref="fl-1d"/>
      </object_component>
      <object_component id="oc-147">
         <name>ECap6RegsFile</name>
         <uninitialized>true</uninitialized>
         <run_address>0x50a0</run_address>
         <size>0x20</size>
         <input_file_ref idref="fl-1d"/>
      </object_component>
      <object_component id="oc-169">
         <name>Emif1RegsFile</name>
         <uninitialized>true</uninitialized>
         <run_address>0x47000</run_address>
[...]
         <name>_USBHCDResume</name>
         <value>0x11ad5</value>
         <object_component_ref idref="oc-36d"/>
      </symbol>
      <symbol id="sm-bfb">
         <name>_USBHCDPipeRead</name>
         <value>0x11678</value>
         <object_component_ref idref="oc-36d"/>
      </symbol>
      <symbol id="sm-bfc">
         <name>_USBHCDPipeReadNonBlocking</name>
         <value>0x11630</value>
         <object_component_ref idref="oc-36d"/>
      </symbol>
      <symbol id="sm-bfd">
         <name>_USBHCDPipeWrite</name>
         <value>0x11487</value>
         <object_component_ref idref="oc-36d"/>
      </symbol>
      <symbol id="sm-bfe">
         <name>_USBHCDMain</name>
         <value>0x121bb</value>
         <object_component_ref idref="oc-36d"/>
      </symbol>
      <symbol id="sm-bff">
         <name>_USBHostIntHandlerInternal</name>
         <value>0x11d1a</value>
         <object_component_ref idref="oc-36d"/>
      </symbol>
      <symbol id="sm-c00">
         <name>_ConfigDescAlloc</name>
         <value>0x11000</value>
         <object_component_ref idref="oc-36d"/>
      </symbol>
      <symbol id="sm-c01">
         <name>_USBHCDRegisterDrivers</name>
         <value>0x11a39</value>
         <object_component_ref idref="oc-36d"/>
      </symbol>
      <symbol id="sm-c02">
         <name>_USBHCDSetConfig</name>
         <value>0x11c3e</value>
         <object_component_ref idref="oc-36d"/>
      </symbol>
      <symbol id="sm-c03">
         <name>_USBHCDSetInterface</name>
         <value>0x11c62</value>
         <object_component_ref idref="oc-36d"/>
      </symbol>
      <symbol id="sm-c04">
         <name>_InternalUSBHCDSendEvent</name>
         <value>0x1210e</value>
         <object_component_ref idref="oc-36d"/>
      </symbol>
      <symbol id="sm-c05">
         <name>_USBHCDPipeSchedule</name>
         <value>0x11589</value>
         <object_component_ref idref="oc-36d"/>
      </symbol>
      <symbol id="sm-c06">
         <name>_USBHCDDevSubClass</name>
         <value>0x125b9</value>
         <object_component_ref idref="oc-36d"/>
      </symbol>
      <symbol id="sm-c07">
         <name>_USBHCDTerm</name>
         <value>0x11a44</value>
         <object_component_ref idref="oc-36d"/>
      </symbol>
      <symbol id="sm-c08">
         <name>_USBHCDPipeConfig</name>
         <value>0x113b2</value>
         <object_component_ref idref="oc-36d"/>
      </symbol>
      <symbol id="sm-c09">
         <name>_USBHCDHubDeviceConnected</name>
         <value>0x12414</value>
         <object_component_ref idref="oc-36d"/>
      </symbol>
      <symbol id="sm-c0a">
         <name>_USBHCDPipeFree</name>
         <value>0x11790</value>
         <object_component_ref idref="oc-36d"/>
      </symbol>
      <symbol id="sm-c0b">
         <name>_USBHCDDevHubPort</name>
         <value>0x1256c</value>
         <object_component_ref idref="oc-36d"/>
      </symbol>
      <symbol id="sm-c0c">
         <name>_USBHostCheckPipes</name>
         <value>0x11c8e</value>
         <object_component_ref idref="oc-36d"/>
      </symbol>
      <symbol id="sm-c0d">
         <name>_USBHCDControlTransfer</name>
         <value>0x12382</value>
         <object_component_ref idref="oc-36d"/>
      </symbol>
      <symbol id="sm-c0e">
         <name>_USBHCDEventEnable</name>
         <value>0x110c5</value>
         <object_component_ref idref="oc-36d"/>
      </symbol>
      <symbol id="sm-c0f">
         <name>_USBHCDPipeAlloc</name>
         <value>0x113a3</value>
         <object_component_ref idref="oc-36d"/>
      </symbol>
      <symbol id="sm-c10">
         <name>_USBHCDDevAddress</name>
         <value>0x12580</value>
         <object_component_ref idref="oc-36d"/>
      </symbol>
      <symbol id="sm-c11">
         <name>_USBHCDPowerConfigGet</name>
         <value>0x119a7</value>
         <object_component_ref idref="oc-36d"/>
      </symbol>
      <symbol id="sm-cb9">
         <name>_USBDCDInit</name>
         <value>0x13385</value>
         <object_component_ref idref="oc-37a"/>
      </symbol>
      <symbol id="sm-cba">
         <name>_g_psDCDInst</name>
         <value>0x10a44</value>
         <object_component_ref idref="oc-263"/>
      </symbol>
      <symbol id="sm-cbb">
         <name>_USBDeviceEnumResetHandler</name>
         <value>0x135c4</value>
         <object_component_ref idref="oc-37a"/>
      </symbol>
      <symbol id="sm-cbc">
         <name>_USBDCDDeviceInfoInit</name>
         <value>0x13373</value>
         <object_component_ref idref="oc-37a"/>
      </symbol>
      <symbol id="sm-cbd">
         <name>_USBDCDStallEP0</name>
         <value>0x13461</value>
         <object_component_ref idref="oc-37a"/>
      </symbol>
      <symbol id="sm-cbe">
         <name>_USBDCDTerm</name>
         <value>0x13407</value>
         <object_component_ref idref="oc-37a"/>
      </symbol>
      <symbol id="sm-cbf">
         <name>_USBDCDRequestDataEP0</name>
         <value>0x1343c</value>
         <object_component_ref idref="oc-37a"/>
      </symbol>
      <symbol id="sm-cc0">
         <name>_USBDeviceIntHandlerInternal</name>
         <value>0x13b38</value>
         <object_component_ref idref="oc-37a"/>
      </symbol>
      <symbol id="sm-cc1">
         <name>_USBDeviceEnumHandler</name>
         <value>0x13503</value>
         <object_component_ref idref="oc-37a"/>
      </symbol>
      <symbol id="sm-cc2">
         <name>_g_ppsDevInfo</name>
         <value>0x10a40</value>
         <object_component_ref idref="oc-263"/>
      </symbol>
      <symbol id="sm-cc3">
         <name>_USBDCDSendDataEP0</name>
         <value>0x1344a</value>
         <object_component_ref idref="oc-37a"/>
      </symbol>
      <symbol id="sm-cc4">
         <name>_USBDeviceResumeTickHandler</name>
         <value>0x13495</value>
         <object_component_ref idref="oc-37a"/>
      </symbol>
      <symbol id="sm-cc5">
         <name>_USBDCDRemoteWakeupRequest</name>
         <value>0x1347f</value>
         <object_component_ref idref="oc-37a"/>
      </symbol>
      <symbol id="sm-cc6">
         <name>_USBDCDSetDefaultConfiguration</name>
         <value>0x13459</value>
         <object_component_ref idref="oc-37a"/>
      </symbol>
      <symbol id="sm-cc7">
         <name>_USBDCDPowerStatusSet</name>
         <value>0x13472</value>
         <object_component_ref idref="oc-37a"/>
      </symbol>
      <symbol id="sm-cd4">
         <name>_USB0DeviceIntHandler</name>
         <value>0x18aa8</value>
         <object_component_ref idref="oc-36c"/>
      </symbol>
      <symbol id="sm-cf7">
         <name>_USBLibDMAInit</name>
         <value>0x17cd4</value>
         <object_component_ref idref="oc-37c"/>
      </symbol>
      <symbol id="sm-d50">
         <name>_USBHHubInit</name>
         <value>0x15420</value>
         <object_component_ref idref="oc-371"/>
      </symbol>
      <symbol id="sm-d51">
         <name>_USBHHubOpen</name>
         <value>0x15409</value>
         <object_component_ref idref="oc-371"/>
      </symbol>
      <symbol id="sm-d52">
         <name>_g_sUSBHubClassDriver</name>
         <value>0x8dbe</value>
         <object_component_ref idref="oc-275"/>
      </symbol>
      <symbol id="sm-d53">
         <name>_USBHHubClose</name>
         <value>0x15417</value>
         <object_component_ref idref="oc-371"/>
      </symbol>
      <symbol id="sm-d54">
         <name>_USBHHubMain</name>
         <value>0x152fa</value>
         <object_component_ref idref="oc-371"/>
      </symbol>
      <symbol id="sm-d55">
         <name>_USBHHubEnumerationComplete</name>
         <value>0x153e7</value>
         <object_component_ref idref="oc-371"/>
      </symbol>
      <symbol id="sm-d56">
         <name>_USBHHubEnumerationError</name>
         <value>0x153f8</value>
         <object_component_ref idref="oc-371"/>
      </symbol>
      <symbol id="sm-d7e">
         <name>_USBDCDConfigGetInterface</name>
         <value>0x1790a</value>
         <object_component_ref idref="oc-392"/>
      </symbol>
      <symbol id="sm-d7f">
         <name>_USBDCDConfigDescGetNum</name>
         <value>0x17879</value>
         <object_component_ref idref="oc-392"/>
      </symbol>
      <symbol id="sm-d80">
         <name>_USBDCDConfigDescGetSize</name>
         <value>0x1785f</value>
         <object_component_ref idref="oc-392"/>
      </symbol>
      <symbol id="sm-d81">
         <name>_USBDCDConfigGetInterfaceEndpoint</name>
         <value>0x17923</value>
         <object_component_ref idref="oc-392"/>
      </symbol>
      <symbol id="sm-d82">
         <name>_USBDCDConfigDescGet</name>
         <value>0x1789f</value>
         <object_component_ref idref="oc-392"/>
      </symbol>
      <symbol id="sm-d83">
         <name>_USBDCDConfigGetNumAlternateInterfaces</name>
         <value>0x178e5</value>
         <object_component_ref idref="oc-392"/>
      </symbol>
      <symbol id="sm-dbc">
         <name>_USBDeviceConfigAlternate</name>
         <value>0x17048</value>
         <object_component_ref idref="oc-393"/>
      </symbol>
      <symbol id="sm-dbd">
         <name>_USBDeviceConfig</name>
         <value>0x16eff</value>
         <object_component_ref idref="oc-393"/>
      </symbol>
      <symbol id="sm-dd8">
         <name>_c_int00</name>
         <value>0x1862f</value>
         <object_component_ref idref="oc-83"/>
      </symbol>
      <symbol id="sm-dd9">
         <name>__stack</name>
         <value>0x400</value>
         <object_component_ref idref="oc-284"/>
      </symbol>
      <symbol id="sm-df0">
         <name>FD$$DIV</name>
         <value>0x18121</value>
         <object_component_ref idref="oc-28a"/>
      </symbol>
      <symbol id="sm-e02">
         <name>FD$$MPY</name>
         <value>0x18340</value>
         <object_component_ref idref="oc-28f"/>
      </symbol>
      <symbol id="sm-e0e">
         <name>FD$$SUB</name>
         <value>0x18ac9</value>
         <object_component_ref idref="oc-294"/>
      </symbol>
      <symbol id="sm-e1d">
         <name>FD$$TOL</name>
         <value>0x189a0</value>
         <object_component_ref idref="oc-299"/>
      </symbol>
      <symbol id="sm-e29">
         <name>LL$$AND</name>
         <value>0x18a68</value>
         <object_component_ref idref="oc-29e"/>
      </symbol>
      <symbol id="sm-e2a">
         <name>LL$$OR</name>
         <value>0x18a70</value>
         <object_component_ref idref="oc-29e"/>
      </symbol>
      <symbol id="sm-e2b">
         <name>LL$$XOR</name>
         <value>0x18a78</value>
         <object_component_ref idref="oc-29e"/>
      </symbol>
      <symbol id="sm-e3c">
         <name>UL$$TOFD</name>
         <value>0x18a80</value>
         <object_component_ref idref="oc-2a3"/>
      </symbol>
      <symbol id="sm-e4b">
         <name>_copy_in</name>
         <value>0x1895b</value>
         <object_component_ref idref="oc-365"/>
      </symbol>
      <symbol id="sm-e5c">
         <name>_memcpy</name>
         <value>0x189fa</value>
         <object_component_ref idref="oc-372"/>
      </symbol>
      <symbol id="sm-e68">
         <name>__system_pre_init</name>
         <value>0x18b2b</value>
         <object_component_ref idref="oc-364"/>
      </symbol>
      <symbol id="sm-e75">
         <name>__system_post_cinit</name>
         <value>0x12603</value>
         <object_component_ref idref="oc-366"/>
      </symbol>
      <symbol id="sm-e89">
         <name>C$$EXIT</name>
         <value>0x188bf</value>
         <object_component_ref idref="oc-368"/>
      </symbol>
      <symbol id="sm-e8a">
         <name>_exit</name>
         <value>0x188c1</value>
         <object_component_ref idref="oc-368"/>
      </symbol>
      <symbol id="sm-e8b">
         <name>___TI_cleanup_ptr</name>
         <value>0x10a30</value>
         <object_component_ref idref="oc-2be"/>
      </symbol>
      <symbol id="sm-e8c">
         <name>___TI_enable_exit_profile_output</name>
         <value>0x10a2e</value>
         <object_component_ref idref="oc-2be"/>
      </symbol>
      <symbol id="sm-e8d">
         <name>_abort</name>
         <value>0x188bf</value>
         <object_component_ref idref="oc-368"/>
      </symbol>
      <symbol id="sm-e8e">
         <name>___TI_dtors_ptr</name>
         <value>0x10a32</value>
         <object_component_ref idref="oc-2be"/>
      </symbol>
      <symbol id="sm-ea2">
         <name>__unlock</name>
         <value>0x107be</value>
         <object_component_ref idref="oc-39c"/>
      </symbol>
      <symbol id="sm-ea3">
         <name>__lock</name>
         <value>0x104fe</value>
         <object_component_ref idref="oc-374"/>
      </symbol>
      <symbol id="sm-ea4">
         <name>__register_lock</name>
         <value>0x18b00</value>
         <object_component_ref idref="oc-38e"/>
      </symbol>
      <symbol id="sm-ea5">
         <name>__nop</name>
         <value>0x18b04</value>
         <object_component_ref idref="oc-38e"/>
      </symbol>
      <symbol id="sm-ea6">
         <name>__register_unlock</name>
         <value>0x18afc</value>
         <object_component_ref idref="oc-38e"/>
      </symbol>
      <symbol id="sm-eb5">
         <name>__args_main</name>
         <value>0x18a4f</value>
         <object_component_ref idref="oc-367"/>
      </symbol>
      <symbol id="sm-ec1">
         <name>_atof</name>
         <value>0x18b24</value>
         <object_component_ref idref="oc-381"/>
      </symbol>
      <symbol id="sm-ed5">
         <name>_atoi</name>
         <value>0x187da</value>
         <object_component_ref idref="oc-382"/>
      </symbol>
      <symbol id="sm-edd">
         <name>__ctypes_</name>
         <value>0x8885</value>
         <object_component_ref idref="oc-395"/>
      </symbol>
      <symbol id="sm-eeb">
         <name>_memset</name>
         <value>0x18ae4</value>
         <object_component_ref idref="oc-3a1"/>
      </symbol>
      <symbol id="sm-ef8">
         <name>_strlen</name>
         <value>0x18b17</value>
         <object_component_ref idref="oc-378"/>
      </symbol>
      <symbol id="sm-f54">
         <name>_strtod</name>
         <value>0x172b9</value>
         <object_component_ref idref="oc-394"/>
      </symbol>
      <symbol id="sm-f55">
         <name>_strtof</name>
         <value>0x172b9</value>
         <object_component_ref idref="oc-394"/>
      </symbol>
      <symbol id="sm-f63">
         <name>_vsprintf</name>
         <value>0x1883b</value>
         <object_component_ref idref="oc-376"/>
      </symbol>
      <symbol id="sm-f7b">
         <name>_scalbn</name>
         <value>0x185d5</value>
         <object_component_ref idref="oc-3a7"/>
      </symbol>
      <symbol id="sm-f7c">
         <name>_ldexp</name>
         <value>0x185d5</value>
         <object_component_ref idref="oc-3a7"/>
      </symbol>
      <symbol id="sm-f7d">
         <name>_scalbnf</name>
         <value>0x185d5</value>
         <object_component_ref idref="oc-3a7"/>
      </symbol>
      <symbol id="sm-f7e">
         <name>_ldexpf</name>
         <value>0x185d5</value>
         <object_component_ref idref="oc-3a7"/>
      </symbol>
      <symbol id="sm-f99">
         <name>FD$$ADD</name>
         <value>0x17ff2</value>
         <object_component_ref idref="oc-2f3"/>
      </symbol>
      <symbol id="sm-faa">
         <name>FS$$DIV</name>
         <value>0x181ac</value>
         <object_component_ref idref="oc-2f8"/>
      </symbol>
      <symbol id="sm-fb4">
         <name>_errno</name>
         <value>0x108bf</value>
         <object_component_ref idref="oc-2ff"/>
      </symbol>
      <symbol id="sm-1113">
         <name>___TI_printfi</name>
         <value>0x131d4</value>
         <object_component_ref idref="oc-390"/>
      </symbol>
      <symbol id="sm-1121">
         <name>_ltoa</name>
         <value>0x1880b</value>
         <object_component_ref idref="oc-39d"/>
      </symbol>
      <symbol id="sm-1130">
         <name>_memccpy</name>
         <value>0x18ad7</value>
         <object_component_ref idref="oc-3a3"/>
      </symbol>
      <symbol id="sm-113f">
         <name>_strchr</name>
         <value>0x18af0</value>
         <object_component_ref idref="oc-3a0"/>
      </symbol>
      <symbol id="sm-114c">
         <name>_strcpy</name>
         <value>0x18b1f</value>
         <object_component_ref idref="oc-3a2"/>
      </symbol>
      <symbol id="sm-1158">
         <name>_copysignf</name>
         <value>0x18a96</value>
         <object_component_ref idref="oc-3ad"/>
      </symbol>
      <symbol id="sm-1159">
         <name>_copysign</name>
         <value>0x18a96</value>
         <object_component_ref idref="oc-3ad"/>
      </symbol>
      <symbol id="sm-116c">
         <name>_frexpl</name>
         <value>0x1857b</value>
         <object_component_ref idref="oc-39e"/>
      </symbol>
      <symbol id="sm-118a">
         <name>_scalbnl</name>
         <value>0x17e03</value>
         <object_component_ref idref="oc-39f"/>
      </symbol>
      <symbol id="sm-118b">
         <name>_ldexpl</name>
         <value>0x17e03</value>
         <object_component_ref idref="oc-39f"/>
      </symbol>
      <symbol id="sm-1198">
         <name>_copysignl</name>
         <value>0x18936</value>
         <object_component_ref idref="oc-3ac"/>
      </symbol>
      <symbol id="sm-11a8">
         <name>FD$$CMP</name>
         <value>0x1886b</value>
         <object_component_ref idref="oc-332"/>
      </symbol>
      <symbol id="sm-11b5">
         <name>FD$$NEG</name>
         <value>0x18b05</value>
         <object_component_ref idref="oc-337"/>
      </symbol>
      <symbol id="sm-11c4">
         <name>FD$$TOI</name>
         <value>0x1897f</value>
         <object_component_ref idref="oc-33c"/>
      </symbol>
      <symbol id="sm-11d2">
         <name>ULL$$CMP</name>
         <value>0x189d1</value>
         <object_component_ref idref="oc-341"/>
      </symbol>
      <symbol id="sm-11d3">
         <name>LL$$CMP</name>
         <value>0x189bf</value>
         <object_component_ref idref="oc-341"/>
      </symbol>
      <symbol id="sm-11ff">
         <name>ULL$$MOD</name>
         <value>0x17b03</value>
         <object_component_ref idref="oc-346"/>
      </symbol>
      <symbol id="sm-1200">
         <name>ULL$$DIV</name>
         <value>0x17ad4</value>
         <object_component_ref idref="oc-346"/>
      </symbol>
      <symbol id="sm-1201">
         <name>LL$$MOD</name>
         <value>0x17a9a</value>
         <object_component_ref idref="oc-346"/>
      </symbol>
      <symbol id="sm-1202">
         <name>LL$$DIV</name>
         <value>0x17a5e</value>
         <object_component_ref idref="oc-346"/>
      </symbol>
      <symbol id="sm-1212">
         <name>I$$TOFD</name>
         <value>0x189dd</value>
         <object_component_ref idref="oc-34b"/>
      </symbol>
      <symbol id="sm-1222">
         <name>L$$TOFD</name>
         <value>0x18a33</value>
         <object_component_ref idref="oc-350"/>
      </symbol>
      <symbol id="sm-122e">
         <name>UL$$MOD</name>
         <value>0x188b9</value>
         <object_component_ref idref="oc-355"/>
      </symbol>
      <symbol id="sm-122f">
         <name>L$$MOD</name>
         <value>0x188a4</value>
         <object_component_ref idref="oc-355"/>
      </symbol>
      <symbol id="sm-1230">
         <name>L$$DIV</name>
         <value>0x18895</value>
         <object_component_ref idref="oc-355"/>
      </symbol>
      <symbol id="sm-1231">
         <name>UL$$DIV</name>
         <value>0x188b2</value>
         <object_component_ref idref="oc-355"/>
      </symbol>
      <symbol id="sm-1241">
         <name>FS$$TOFD</name>
         <value>0x18a17</value>
         <object_component_ref idref="oc-35a"/>
      </symbol>
      <symbol id="sm-124f">
         <name>_wcslen</name>
         <value>0x18b0e</value>
         <object_component_ref idref="oc-3a4"/>
      </symbol>
   </symbol_table>
   <title>Link successful</title>
</link_info>
