<?xml version="1.0" encoding="ISO-8859-1" ?>
<link_info>
   <banner>TMS320C2000 Linker PC v18.1.4.LTS</banner>
   <copyright>Copyright (c) 1996-2018 Texas Instruments Incorporated</copyright>
   <link_time>0x5c41d241</link_time>
   <link_errors>0x0</link_errors>
   <output_file>Project.out</output_file>
   <entry_point>
      <name>_c_int00</name>
      <address>0x89300</address>
   </entry_point>
   <input_file_list>
      <input_file id="fl-2">
         <path>.\</path>
         <kind>object</kind>
         <file>usbhspe.obj</file>
         <name>usbhspe.obj</name>
      </input_file>
      <input_file id="fl-3">
         <path>.\Sources_App\</path>
         <kind>object</kind>
         <file>App_Main.obj</file>
         <name>App_Main.obj</name>
      </input_file>
      <input_file id="fl-4">
         <path>.\Sources_App\</path>
         <kind>object</kind>
         <file>App_MasterDeal.obj</file>
         <name>App_MasterDeal.obj</name>
      </input_file>
      <input_file id="fl-5">
         <path>.\Sources_Bsp\</path>
         <kind>object</kind>
         <file>Bsp.obj</file>
         <name>Bsp.obj</name>
      </input_file>
      <input_file id="fl-6">
         <path>.\Sources_Bsp\</path>
         <kind>object</kind>
         <file>Bsp_Gpio.obj</file>
         <name>Bsp_Gpio.obj</name>
      </input_file>
      <input_file id="fl-7">
         <path>.\Sources_Bsp\</path>
         <kind>object</kind>
         <file>Bsp_SoftTimer.obj</file>
         <name>Bsp_SoftTimer.obj</name>
      </input_file>
      <input_file id="fl-8">
         <path>.\Sources_Bsp\</path>
         <kind>object</kind>
         <file>Bsp_Timer.obj</file>
         <name>Bsp_Timer.obj</name>
      </input_file>
      <input_file id="fl-9">
         <path>.\Sources_Bsp\</path>
         <kind>object</kind>
         <file>Bsp_Usart.obj</file>
         <name>Bsp_Usart.obj</name>
      </input_file>
      <input_file id="fl-a">
         <path>.\Sources_Drive\</path>
         <kind>object</kind>
         <file>F2837xD_Adc.obj</file>
         <name>F2837xD_Adc.obj</name>
      </input_file>
      <input_file id="fl-b">
         <path>.\Sources_Drive\</path>
         <kind>object</kind>
         <file>F2837xD_CodeStartBranch.obj</file>
         <name>F2837xD_CodeStartBranch.obj</name>
      </input_file>
      <input_file id="fl-c">
         <path>.\Sources_Drive\</path>
         <kind>object</kind>
         <file>F2837xD_CpuTimers.obj</file>
         <name>F2837xD_CpuTimers.obj</name>
      </input_file>
      <input_file id="fl-d">
         <path>.\Sources_Drive\</path>
         <kind>object</kind>
         <file>F2837xD_DBGIER.obj</file>
         <name>F2837xD_DBGIER.obj</name>
      </input_file>
      <input_file id="fl-e">
         <path>.\Sources_Drive\</path>
         <kind>object</kind>
         <file>F2837xD_DefaultISR.obj</file>
         <name>F2837xD_DefaultISR.obj</name>
      </input_file>
      <input_file id="fl-f">
         <path>.\Sources_Drive\</path>
         <kind>object</kind>
         <file>F2837xD_Dma.obj</file>
         <name>F2837xD_Dma.obj</name>
      </input_file>
      <input_file id="fl-10">
         <path>.\Sources_Drive\</path>
         <kind>object</kind>
         <file>F2837xD_ECap.obj</file>
         <name>F2837xD_ECap.obj</name>
      </input_file>
      <input_file id="fl-11">
         <path>.\Sources_Drive\</path>
         <kind>object</kind>
         <file>F2837xD_EPwm.obj</file>
         <name>F2837xD_EPwm.obj</name>
      </input_file>
      <input_file id="fl-12">
         <path>.\Sources_Drive\</path>
         <kind>object</kind>
         <file>F2837xD_EQep.obj</file>
         <name>F2837xD_EQep.obj</name>
      </input_file>
      <input_file id="fl-13">
         <path>.\Sources_Drive\</path>
         <kind>object</kind>
         <file>F2837xD_Emif.obj</file>
         <name>F2837xD_Emif.obj</name>
      </input_file>
      <input_file id="fl-14">
         <path>.\Sources_Drive\</path>
         <kind>object</kind>
         <file>F2837xD_GlobalVariableDefs.obj</file>
         <name>F2837xD_GlobalVariableDefs.obj</name>
      </input_file>
      <input_file id="fl-15">
         <path>.\Sources_Drive\</path>
         <kind>object</kind>
         <file>F2837xD_Gpio.obj</file>
         <name>F2837xD_Gpio.obj</name>
      </input_file>
      <input_file id="fl-16">
         <path>.\Sources_Drive\</path>
         <kind>object</kind>
         <file>F2837xD_I2C.obj</file>
         <name>F2837xD_I2C.obj</name>
      </input_file>
      <input_file id="fl-17">
         <path>.\Sources_Drive\</path>
         <kind>object</kind>
         <file>F2837xD_Ipc.obj</file>
         <name>F2837xD_Ipc.obj</name>
      </input_file>
      <input_file id="fl-18">
         <path>.\Sources_Drive\</path>
         <kind>object</kind>
         <file>F2837xD_Ipc_Driver.obj</file>
         <name>F2837xD_Ipc_Driver.obj</name>
      </input_file>
      <input_file id="fl-19">
         <path>.\Sources_Drive\</path>
         <kind>object</kind>
         <file>F2837xD_Ipc_Driver_Lite.obj</file>
         <name>F2837xD_Ipc_Driver_Lite.obj</name>
      </input_file>
      <input_file id="fl-1a">
         <path>.\Sources_Drive\</path>
         <kind>object</kind>
         <file>F2837xD_Ipc_Driver_Util.obj</file>
         <name>F2837xD_Ipc_Driver_Util.obj</name>
      </input_file>
      <input_file id="fl-1b">
         <path>.\Sources_Drive\</path>
         <kind>object</kind>
         <file>F2837xD_Mcbsp.obj</file>
         <name>F2837xD_Mcbsp.obj</name>
      </input_file>
      <input_file id="fl-1c">
         <path>.\Sources_Drive\</path>
         <kind>object</kind>
         <file>F2837xD_PieCtrl.obj</file>
         <name>F2837xD_PieCtrl.obj</name>
      </input_file>
      <input_file id="fl-1d">
         <path>.\Sources_Drive\</path>
         <kind>object</kind>
         <file>F2837xD_PieVect.obj</file>
         <name>F2837xD_PieVect.obj</name>
      </input_file>
      <input_file id="fl-1e">
         <path>.\Sources_Drive\</path>
         <kind>object</kind>
         <file>F2837xD_Sci.obj</file>
         <name>F2837xD_Sci.obj</name>
      </input_file>
      <input_file id="fl-1f">
         <path>.\Sources_Drive\</path>
         <kind>object</kind>
         <file>F2837xD_Spi.obj</file>
         <name>F2837xD_Spi.obj</name>
      </input_file>
      <input_file id="fl-20">
         <path>.\Sources_Drive\</path>
         <kind>object</kind>
         <file>F2837xD_SysCtrl.obj</file>
         <name>F2837xD_SysCtrl.obj</name>
      </input_file>
      <input_file id="fl-21">
         <path>.\Sources_Drive\</path>
         <kind>object</kind>
         <file>F2837xD_TempSensorConv.obj</file>
         <name>F2837xD_TempSensorConv.obj</name>
      </input_file>
      <input_file id="fl-22">
         <path>.\Sources_Drive\</path>
         <kind>object</kind>
         <file>F2837xD_Upp.obj</file>
         <name>F2837xD_Upp.obj</name>
      </input_file>
      <input_file id="fl-23">
         <path>.\Sources_Drive\</path>
         <kind>object</kind>
         <file>F2837xD_can.obj</file>
         <name>F2837xD_can.obj</name>
      </input_file>
      <input_file id="fl-24">
         <path>.\Sources_Drive\</path>
         <kind>object</kind>
         <file>F2837xD_sci_io.obj</file>
         <name>F2837xD_sci_io.obj</name>
      </input_file>
      <input_file id="fl-25">
         <path>.\Sources_Drive\</path>
         <kind>object</kind>
         <file>F2837xD_sdfm_drivers.obj</file>
         <name>F2837xD_sdfm_drivers.obj</name>
      </input_file>
      <input_file id="fl-26">
         <path>.\Sources_Drive\</path>
         <kind>object</kind>
         <file>F2837xD_struct.obj</file>
         <name>F2837xD_struct.obj</name>
      </input_file>
      <input_file id="fl-27">
         <path>.\Sources_Drive\</path>
         <kind>object</kind>
         <file>F2837xD_usDelay.obj</file>
         <name>F2837xD_usDelay.obj</name>
      </input_file>
      <input_file id="fl-28">
         <path>.\Sources_DriveLib\</path>
         <kind>object</kind>
         <file>can.obj</file>
         <name>can.obj</name>
      </input_file>
      <input_file id="fl-29">
         <path>.\Sources_DriveLib\</path>
         <kind>object</kind>
         <file>interrupt.obj</file>
         <name>interrupt.obj</name>
      </input_file>
      <input_file id="fl-2a">
         <path>.\Sources_DriveLib\</path>
         <kind>object</kind>
         <file>sysctl.obj</file>
         <name>sysctl.obj</name>
      </input_file>
      <input_file id="fl-2b">
         <path>.\Sources_DriveLib\</path>
         <kind>object</kind>
         <file>systick.obj</file>
         <name>systick.obj</name>
      </input_file>
      <input_file id="fl-2c">
         <path>.\Sources_DriveLib\</path>
         <kind>object</kind>
         <file>uart.obj</file>
         <name>uart.obj</name>
      </input_file>
      <input_file id="fl-2d">
         <path>.\Sources_DriveLib\</path>
         <kind>object</kind>
         <file>uartstdio.obj</file>
         <name>uartstdio.obj</name>
      </input_file>
      <input_file id="fl-2e">
         <path>.\Sources_DriveLib\</path>
         <kind>object</kind>
         <file>usb.obj</file>
         <name>usb.obj</name>
      </input_file>
      <input_file id="fl-2f">
         <path>.\Sources_DriveLib\</path>
         <kind>object</kind>
         <file>usb_hal.obj</file>
         <name>usb_hal.obj</name>
      </input_file>
      <input_file id="fl-30">
         <path>.\Sources_Mod\</path>
         <kind>object</kind>
         <file>Mod_CRC16.obj</file>
         <name>Mod_CRC16.obj</name>
      </input_file>
      <input_file id="fl-31">
         <path>.\Sources_Mod\</path>
         <kind>object</kind>
         <file>Mod_StdbusCode.obj</file>
         <name>Mod_StdbusCode.obj</name>
      </input_file>
      <input_file id="fl-32">
         <path>.\Sources_Mod\</path>
         <kind>object</kind>
         <file>Mod_StdbusMaster.obj</file>
         <name>Mod_StdbusMaster.obj</name>
      </input_file>
      <input_file id="fl-33">
         <path>.\Sources_Mod\</path>
         <kind>object</kind>
         <file>Mod_StdbusSlave.obj</file>
         <name>Mod_StdbusSlave.obj</name>
      </input_file>
      <input_file id="fl-34">
         <path>.\Sources_Mod\</path>
         <kind>object</kind>
         <file>Mod_Usb4000.obj</file>
         <name>Mod_Usb4000.obj</name>
      </input_file>
      <input_file id="fl-35">
         <path>.\Sources_Mod\</path>
         <kind>object</kind>
         <file>Mod_UsbHost.obj</file>
         <name>Mod_UsbHost.obj</name>
      </input_file>
      <input_file id="fl-3b">
         <kind>object</kind>
         <file>&lt;internal&gt;</file>
         <name>&lt;internal&gt;</name>
      </input_file>
      <input_file id="fl-3c">
         <path>D:\Wangjiangbo\Documents\GitHub\__CCS\Gas_LaserBoard\F2837xD_common\lib\</path>
         <kind>archive</kind>
         <file>usblib.lib</file>
         <name>usbdesc.obj</name>
      </input_file>
      <input_file id="fl-3d">
         <path>D:\Wangjiangbo\Documents\GitHub\__CCS\Gas_LaserBoard\F2837xD_common\lib\</path>
         <kind>archive</kind>
         <file>usblib.lib</file>
         <name>usbmode.obj</name>
      </input_file>
      <input_file id="fl-3e">
         <path>D:\Wangjiangbo\Documents\GitHub\__CCS\Gas_LaserBoard\F2837xD_common\lib\</path>
         <kind>archive</kind>
         <file>usblib.lib</file>
         <name>usbtick.obj</name>
      </input_file>
      <input_file id="fl-3f">
         <path>D:\Wangjiangbo\Documents\GitHub\__CCS\Gas_LaserBoard\F2837xD_common\lib\</path>
         <kind>archive</kind>
         <file>usblib.lib</file>
         <name>usbhostenum.obj</name>
      </input_file>
      <input_file id="fl-40">
         <path>D:\Wangjiangbo\Documents\GitHub\__CCS\Gas_LaserBoard\F2837xD_common\lib\</path>
         <kind>archive</kind>
         <file>usblib.lib</file>
         <name>usbdenum.obj</name>
      </input_file>
      <input_file id="fl-41">
         <path>D:\Wangjiangbo\Documents\GitHub\__CCS\Gas_LaserBoard\F2837xD_common\lib\</path>
         <kind>archive</kind>
         <file>usblib.lib</file>
         <name>usbdhandler.obj</name>
      </input_file>
      <input_file id="fl-42">
         <path>D:\Wangjiangbo\Documents\GitHub\__CCS\Gas_LaserBoard\F2837xD_common\lib\</path>
         <kind>archive</kind>
         <file>usblib.lib</file>
         <name>usbdma.obj</name>
      </input_file>
      <input_file id="fl-43">
         <path>D:\Wangjiangbo\Documents\GitHub\__CCS\Gas_LaserBoard\F2837xD_common\lib\</path>
         <kind>archive</kind>
         <file>usblib.lib</file>
         <name>usbhhub.obj</name>
      </input_file>
      <input_file id="fl-44">
         <path>D:\Wangjiangbo\Documents\GitHub\__CCS\Gas_LaserBoard\F2837xD_common\lib\</path>
         <kind>archive</kind>
         <file>usblib.lib</file>
         <name>usbdcdesc.obj</name>
      </input_file>
      <input_file id="fl-45">
         <path>D:\Wangjiangbo\Documents\GitHub\__CCS\Gas_LaserBoard\F2837xD_common\lib\</path>
         <kind>archive</kind>
         <file>usblib.lib</file>
         <name>usbdconfig.obj</name>
      </input_file>
      <input_file id="fl-46">
         <path>C:\ti\ccsv8\tools\compiler\ti-cgt-c2000_18.1.4.LTS\lib\</path>
         <kind>archive</kind>
         <file>rts2800_fpu32.lib</file>
         <name>boot28.asm.obj</name>
      </input_file>
      <input_file id="fl-47">
         <path>C:\ti\ccsv8\tools\compiler\ti-cgt-c2000_18.1.4.LTS\lib\</path>
         <kind>archive</kind>
         <file>rts2800_fpu32.lib</file>
         <name>fd_div28.asm.obj</name>
      </input_file>
      <input_file id="fl-48">
         <path>C:\ti\ccsv8\tools\compiler\ti-cgt-c2000_18.1.4.LTS\lib\</path>
         <kind>archive</kind>
         <file>rts2800_fpu32.lib</file>
         <name>fd_mpy28.asm.obj</name>
      </input_file>
      <input_file id="fl-49">
         <path>C:\ti\ccsv8\tools\compiler\ti-cgt-c2000_18.1.4.LTS\lib\</path>
         <kind>archive</kind>
         <file>rts2800_fpu32.lib</file>
         <name>fd_sub28.asm.obj</name>
      </input_file>
      <input_file id="fl-4a">
         <path>C:\ti\ccsv8\tools\compiler\ti-cgt-c2000_18.1.4.LTS\lib\</path>
         <kind>archive</kind>
         <file>rts2800_fpu32.lib</file>
         <name>fd_tol28.asm.obj</name>
      </input_file>
      <input_file id="fl-4b">
         <path>C:\ti\ccsv8\tools\compiler\ti-cgt-c2000_18.1.4.LTS\lib\</path>
         <kind>archive</kind>
         <file>rts2800_fpu32.lib</file>
         <name>ll_aox28.asm.obj</name>
      </input_file>
      <input_file id="fl-4c">
         <path>C:\ti\ccsv8\tools\compiler\ti-cgt-c2000_18.1.4.LTS\lib\</path>
         <kind>archive</kind>
         <file>rts2800_fpu32.lib</file>
         <name>ul_tofd28.asm.obj</name>
      </input_file>
      <input_file id="fl-4d">
         <path>C:\ti\ccsv8\tools\compiler\ti-cgt-c2000_18.1.4.LTS\lib\</path>
         <kind>archive</kind>
         <file>rts2800_fpu32.lib</file>
         <name>cpy_tbl.c.obj</name>
      </input_file>
      <input_file id="fl-4e">
         <path>C:\ti\ccsv8\tools\compiler\ti-cgt-c2000_18.1.4.LTS\lib\</path>
         <kind>archive</kind>
         <file>rts2800_fpu32.lib</file>
         <name>memcpy.c.obj</name>
      </input_file>
      <input_file id="fl-4f">
         <path>C:\ti\ccsv8\tools\compiler\ti-cgt-c2000_18.1.4.LTS\lib\</path>
         <kind>archive</kind>
         <file>rts2800_fpu32.lib</file>
         <name>pre_init.c.obj</name>
      </input_file>
      <input_file id="fl-50">
         <path>C:\ti\ccsv8\tools\compiler\ti-cgt-c2000_18.1.4.LTS\lib\</path>
         <kind>archive</kind>
         <file>rts2800_fpu32.lib</file>
         <name>startup.c.obj</name>
      </input_file>
      <input_file id="fl-51">
         <path>C:\ti\ccsv8\tools\compiler\ti-cgt-c2000_18.1.4.LTS\lib\</path>
         <kind>archive</kind>
         <file>rts2800_fpu32.lib</file>
         <name>exit.c.obj</name>
      </input_file>
      <input_file id="fl-52">
         <path>C:\ti\ccsv8\tools\compiler\ti-cgt-c2000_18.1.4.LTS\lib\</path>
         <kind>archive</kind>
         <file>rts2800_fpu32.lib</file>
         <name>_lock.c.obj</name>
      </input_file>
      <input_file id="fl-53">
         <path>C:\ti\ccsv8\tools\compiler\ti-cgt-c2000_18.1.4.LTS\lib\</path>
         <kind>archive</kind>
         <file>rts2800_fpu32.lib</file>
         <name>args_main.c.obj</name>
      </input_file>
      <input_file id="fl-54">
         <path>C:\ti\ccsv8\tools\compiler\ti-cgt-c2000_18.1.4.LTS\lib\</path>
         <kind>archive</kind>
         <file>rts2800_fpu32.lib</file>
         <name>atof.c.obj</name>
      </input_file>
      <input_file id="fl-55">
         <path>C:\ti\ccsv8\tools\compiler\ti-cgt-c2000_18.1.4.LTS\lib\</path>
         <kind>archive</kind>
         <file>rts2800_fpu32.lib</file>
         <name>atoi.c.obj</name>
      </input_file>
      <input_file id="fl-56">
         <path>C:\ti\ccsv8\tools\compiler\ti-cgt-c2000_18.1.4.LTS\lib\</path>
         <kind>archive</kind>
         <file>rts2800_fpu32.lib</file>
         <name>ctype.c.obj</name>
      </input_file>
      <input_file id="fl-57">
         <path>C:\ti\ccsv8\tools\compiler\ti-cgt-c2000_18.1.4.LTS\lib\</path>
         <kind>archive</kind>
         <file>rts2800_fpu32.lib</file>
         <name>memset.c.obj</name>
      </input_file>
      <input_file id="fl-58">
         <path>C:\ti\ccsv8\tools\compiler\ti-cgt-c2000_18.1.4.LTS\lib\</path>
         <kind>archive</kind>
         <file>rts2800_fpu32.lib</file>
         <name>strlen.c.obj</name>
      </input_file>
      <input_file id="fl-59">
         <path>C:\ti\ccsv8\tools\compiler\ti-cgt-c2000_18.1.4.LTS\lib\</path>
         <kind>archive</kind>
         <file>rts2800_fpu32.lib</file>
         <name>strtod.c.obj</name>
      </input_file>
      <input_file id="fl-5a">
         <path>C:\ti\ccsv8\tools\compiler\ti-cgt-c2000_18.1.4.LTS\lib\</path>
         <kind>archive</kind>
         <file>rts2800_fpu32.lib</file>
         <name>vsprintf.c.obj</name>
      </input_file>
      <input_file id="fl-5b">
         <path>C:\ti\ccsv8\tools\compiler\ti-cgt-c2000_18.1.4.LTS\lib\</path>
         <kind>archive</kind>
         <file>rts2800_fpu32.lib</file>
         <name>s_scalbnf.c.obj</name>
      </input_file>
      <input_file id="fl-5c">
         <path>C:\ti\ccsv8\tools\compiler\ti-cgt-c2000_18.1.4.LTS\lib\</path>
         <kind>archive</kind>
         <file>rts2800_fpu32.lib</file>
         <name>fd_add28.asm.obj</name>
      </input_file>
      <input_file id="fl-5d">
         <path>C:\ti\ccsv8\tools\compiler\ti-cgt-c2000_18.1.4.LTS\lib\</path>
         <kind>archive</kind>
         <file>rts2800_fpu32.lib</file>
         <name>fs_div28.asm.obj</name>
      </input_file>
      <input_file id="fl-5e">
         <path>C:\ti\ccsv8\tools\compiler\ti-cgt-c2000_18.1.4.LTS\lib\</path>
         <kind>archive</kind>
         <file>rts2800_fpu32.lib</file>
         <name>errno.c.obj</name>
      </input_file>
      <input_file id="fl-5f">
         <path>C:\ti\ccsv8\tools\compiler\ti-cgt-c2000_18.1.4.LTS\lib\</path>
         <kind>archive</kind>
         <file>rts2800_fpu32.lib</file>
         <name>_printfi.c.obj</name>
      </input_file>
      <input_file id="fl-60">
         <path>C:\ti\ccsv8\tools\compiler\ti-cgt-c2000_18.1.4.LTS\lib\</path>
         <kind>archive</kind>
         <file>rts2800_fpu32.lib</file>
         <name>ltoa.c.obj</name>
      </input_file>
      <input_file id="fl-61">
         <path>C:\ti\ccsv8\tools\compiler\ti-cgt-c2000_18.1.4.LTS\lib\</path>
         <kind>archive</kind>
         <file>rts2800_fpu32.lib</file>
         <name>memccpy.c.obj</name>
      </input_file>
      <input_file id="fl-62">
         <path>C:\ti\ccsv8\tools\compiler\ti-cgt-c2000_18.1.4.LTS\lib\</path>
         <kind>archive</kind>
         <file>rts2800_fpu32.lib</file>
         <name>strchr.c.obj</name>
      </input_file>
      <input_file id="fl-63">
         <path>C:\ti\ccsv8\tools\compiler\ti-cgt-c2000_18.1.4.LTS\lib\</path>
         <kind>archive</kind>
         <file>rts2800_fpu32.lib</file>
         <name>strcpy.c.obj</name>
      </input_file>
      <input_file id="fl-64">
         <path>C:\ti\ccsv8\tools\compiler\ti-cgt-c2000_18.1.4.LTS\lib\</path>
         <kind>archive</kind>
         <file>rts2800_fpu32.lib</file>
         <name>s_copysignf.c.obj</name>
      </input_file>
      <input_file id="fl-65">
         <path>C:\ti\ccsv8\tools\compiler\ti-cgt-c2000_18.1.4.LTS\lib\</path>
         <kind>archive</kind>
         <file>rts2800_fpu32.lib</file>
         <name>s_frexp.c.obj</name>
      </input_file>
      <input_file id="fl-66">
         <path>C:\ti\ccsv8\tools\compiler\ti-cgt-c2000_18.1.4.LTS\lib\</path>
         <kind>archive</kind>
         <file>rts2800_fpu32.lib</file>
         <name>s_scalbn.c.obj</name>
      </input_file>
      <input_file id="fl-67">
         <path>C:\ti\ccsv8\tools\compiler\ti-cgt-c2000_18.1.4.LTS\lib\</path>
         <kind>archive</kind>
         <file>rts2800_fpu32.lib</file>
         <name>s_copysign.c.obj</name>
      </input_file>
      <input_file id="fl-68">
         <path>C:\ti\ccsv8\tools\compiler\ti-cgt-c2000_18.1.4.LTS\lib\</path>
         <kind>archive</kind>
         <file>rts2800_fpu32.lib</file>
         <name>fd_cmp28.asm.obj</name>
      </input_file>
      <input_file id="fl-69">
         <path>C:\ti\ccsv8\tools\compiler\ti-cgt-c2000_18.1.4.LTS\lib\</path>
         <kind>archive</kind>
         <file>rts2800_fpu32.lib</file>
         <name>fd_neg28.asm.obj</name>
      </input_file>
      <input_file id="fl-6a">
         <path>C:\ti\ccsv8\tools\compiler\ti-cgt-c2000_18.1.4.LTS\lib\</path>
         <kind>archive</kind>
         <file>rts2800_fpu32.lib</file>
         <name>fd_toi28.asm.obj</name>
      </input_file>
      <input_file id="fl-6b">
         <path>C:\ti\ccsv8\tools\compiler\ti-cgt-c2000_18.1.4.LTS\lib\</path>
         <kind>archive</kind>
         <file>rts2800_fpu32.lib</file>
         <name>ll_cmp28.asm.obj</name>
      </input_file>
      <input_file id="fl-6c">
         <path>C:\ti\ccsv8\tools\compiler\ti-cgt-c2000_18.1.4.LTS\lib\</path>
         <kind>archive</kind>
         <file>rts2800_fpu32.lib</file>
         <name>ll_div28.asm.obj</name>
      </input_file>
      <input_file id="fl-6d">
         <path>C:\ti\ccsv8\tools\compiler\ti-cgt-c2000_18.1.4.LTS\lib\</path>
         <kind>archive</kind>
         <file>rts2800_fpu32.lib</file>
         <name>i_tofd28.asm.obj</name>
      </input_file>
      <input_file id="fl-6e">
         <path>C:\ti\ccsv8\tools\compiler\ti-cgt-c2000_18.1.4.LTS\lib\</path>
         <kind>archive</kind>
         <file>rts2800_fpu32.lib</file>
         <name>l_tofd28.asm.obj</name>
      </input_file>
      <input_file id="fl-6f">
         <path>C:\ti\ccsv8\tools\compiler\ti-cgt-c2000_18.1.4.LTS\lib\</path>
         <kind>archive</kind>
         <file>rts2800_fpu32.lib</file>
         <name>l_div28.asm.obj</name>
      </input_file>
      <input_file id="fl-70">
         <path>C:\ti\ccsv8\tools\compiler\ti-cgt-c2000_18.1.4.LTS\lib\</path>
         <kind>archive</kind>
         <file>rts2800_fpu32.lib</file>
         <name>fs_tofdfpu32.asm.obj</name>
      </input_file>
      <input_file id="fl-71">
         <path>C:\ti\ccsv8\tools\compiler\ti-cgt-c2000_18.1.4.LTS\lib\</path>
         <kind>archive</kind>
         <file>rts2800_fpu32.lib</file>
         <name>wcslen.c.obj</name>
      </input_file>
   </input_file_list>
   <object_component_list>
      <object_component id="oc-b0">
         <name>.cinit</name>
         <load_address>0x82000</load_address>
         <run_address>0x82000</run_address>
         <size>0x94</size>
         <input_file_ref idref="fl-9"/>
      </object_component>
      <object_component id="oc-1ad">
         <name>.cinit</name>
         <load_address>0x82094</load_address>
         <run_address>0x82094</run_address>
         <size>0x90</size>
         <input_file_ref idref="fl-26"/>
      </object_component>
      <object_component id="oc-225">
         <name>.cinit</name>
         <load_address>0x82124</load_address>
         <run_address>0x82124</run_address>
         <size>0x46</size>
         <input_file_ref idref="fl-3f"/>
      </object_component>
      <object_component id="oc-1f2">
         <name>.cinit</name>
         <load_address>0x8216a</load_address>
         <run_address>0x8216a</run_address>
         <size>0x41</size>
         <input_file_ref idref="fl-32"/>
      </object_component>
      <object_component id="oc-1fa">
         <name>.cinit</name>
         <load_address>0x821ab</load_address>
         <run_address>0x821ab</run_address>
         <size>0x41</size>
         <input_file_ref idref="fl-33"/>
      </object_component>
      <object_component id="oc-202">
         <name>.cinit</name>
         <load_address>0x821ec</load_address>
         <run_address>0x821ec</run_address>
         <size>0x14</size>
         <input_file_ref idref="fl-34"/>
      </object_component>
      <object_component id="oc-287">
         <name>.cinit</name>
         <load_address>0x82200</load_address>
         <run_address>0x82200</run_address>
         <size>0xe</size>
         <input_file_ref idref="fl-51"/>
      </object_component>
      <object_component id="oc-21e">
         <name>.cinit</name>
         <load_address>0x8220e</load_address>
         <run_address>0x8220e</run_address>
         <size>0xe</size>
         <input_file_ref idref="fl-3e"/>
      </object_component>
      <object_component id="oc-217">
         <name>.cinit</name>
         <load_address>0x8221c</load_address>
         <run_address>0x8221c</run_address>
         <size>0xd</size>
         <input_file_ref idref="fl-3d"/>
      </object_component>
      <object_component id="oc-20a">
         <name>.cinit</name>
         <load_address>0x82229</load_address>
         <run_address>0x82229</run_address>
         <size>0xb</size>
         <input_file_ref idref="fl-35"/>
      </object_component>
      <object_component id="oc-a8">
         <name>.cinit</name>
         <load_address>0x82234</load_address>
         <run_address>0x82234</run_address>
         <size>0xa</size>
         <input_file_ref idref="fl-8"/>
      </object_component>
      <object_component id="oc-1d1">
         <name>.cinit</name>
         <load_address>0x8223e</load_address>
         <run_address>0x8223e</run_address>
         <size>0x9</size>
         <input_file_ref idref="fl-2d"/>
      </object_component>
      <object_component id="oc-1eb">
         <name>.cinit</name>
         <load_address>0x82247</load_address>
         <run_address>0x82247</run_address>
         <size>0x8</size>
         <input_file_ref idref="fl-31"/>
      </object_component>
      <object_component id="oc-a0">
         <name>.cinit</name>
         <load_address>0x8224f</load_address>
         <run_address>0x8224f</run_address>
         <size>0x7</size>
         <input_file_ref idref="fl-7"/>
      </object_component>
      <object_component id="oc-82">
         <name>.cinit</name>
         <load_address>0x82256</load_address>
         <run_address>0x82256</run_address>
         <size>0x7</size>
         <input_file_ref idref="fl-2"/>
      </object_component>
      <object_component id="oc-33f">
         <name>.cinit:__lock</name>
         <load_address>0x8225d</load_address>
         <run_address>0x8225d</run_address>
         <size>0x5</size>
         <input_file_ref idref="fl-52"/>
      </object_component>
      <object_component id="oc-358">
         <name>.cinit:__unlock</name>
         <load_address>0x82262</load_address>
         <run_address>0x82262</run_address>
         <size>0x5</size>
         <input_file_ref idref="fl-52"/>
      </object_component>
      <object_component id="oc-22c">
         <name>.cinit</name>
         <load_address>0x82267</load_address>
         <run_address>0x82267</run_address>
         <size>0x5</size>
         <input_file_ref idref="fl-40"/>
      </object_component>
      <object_component id="oc-1a1">
         <name>.cinit</name>
         <load_address>0x8226c</load_address>
         <run_address>0x8226c</run_address>
         <size>0x4</size>
         <input_file_ref idref="fl-24"/>
      </object_component>
      <object_component id="oc-2c8">
         <name>.cinit</name>
         <load_address>0x82270</load_address>
         <run_address>0x82270</run_address>
         <size>0x4</size>
         <input_file_ref idref="fl-5e"/>
      </object_component>
      <object_component id="oc-337">
         <name>.text</name>
         <load_address>0x82278</load_address>
         <run_address>0x82278</run_address>
         <size>0x1603</size>
         <input_file_ref idref="fl-3f"/>
      </object_component>
      <object_component id="oc-364">
         <name>.text</name>
         <load_address>0x8387b</load_address>
         <run_address>0x8387b</run_address>
         <size>0x665</size>
         <input_file_ref idref="fl-31"/>
      </object_component>
      <object_component id="oc-339">
         <name>.text</name>
         <load_address>0x83ee0</load_address>
         <run_address>0x83ee0</run_address>
         <size>0x114</size>
         <input_file_ref idref="fl-34"/>
      </object_component>
      <object_component id="oc-36a">
         <name>.text</name>
         <load_address>0x83ff4</load_address>
         <run_address>0x83ff4</run_address>
         <size>0xc</size>
         <input_file_ref idref="fl-57"/>
      </object_component>
      <object_component id="oc-359">
         <name>.text</name>
         <load_address>0x84000</load_address>
         <run_address>0x84000</run_address>
         <size>0xd6f</size>
         <input_file_ref idref="fl-5f"/>
      </object_component>
      <object_component id="oc-344">
         <name>.text</name>
         <load_address>0x84d6f</load_address>
         <run_address>0x84d6f</run_address>
         <size>0x85d</size>
         <input_file_ref idref="fl-40"/>
      </object_component>
      <object_component id="oc-343">
         <name>.text</name>
         <load_address>0x855cc</load_address>
         <run_address>0x855cc</run_address>
         <size>0x80b</size>
         <input_file_ref idref="fl-2e"/>
      </object_component>
      <object_component id="oc-35c">
         <name>.text</name>
         <load_address>0x85dd7</load_address>
         <run_address>0x85dd7</run_address>
         <size>0x210</size>
         <input_file_ref idref="fl-45"/>
      </object_component>
      <object_component id="oc-331">
         <name>.text</name>
         <load_address>0x85fe7</load_address>
         <run_address>0x85fe7</run_address>
         <size>0x19</size>
         <input_file_ref idref="fl-53"/>
      </object_component>
      <object_component id="oc-ce">
         <name>.text:retain</name>
         <load_address>0x86040</load_address>
         <run_address>0x86040</run_address>
         <size>0x585</size>
         <input_file_ref idref="fl-e"/>
      </object_component>
      <object_component id="oc-33b">
         <name>.text</name>
         <load_address>0x865c5</load_address>
         <run_address>0x865c5</run_address>
         <size>0x406</size>
         <input_file_ref idref="fl-43"/>
      </object_component>
      <object_component id="oc-351">
         <name>.text</name>
         <load_address>0x869cb</load_address>
         <run_address>0x869cb</run_address>
         <size>0x404</size>
         <input_file_ref idref="fl-f"/>
      </object_component>
      <object_component id="oc-34a">
         <name>.text</name>
         <load_address>0x86dcf</load_address>
         <run_address>0x86dcf</run_address>
         <size>0x391</size>
         <input_file_ref idref="fl-2"/>
      </object_component>
      <object_component id="oc-34f">
         <name>.text</name>
         <load_address>0x87160</load_address>
         <run_address>0x87160</run_address>
         <size>0x347</size>
         <input_file_ref idref="fl-20"/>
      </object_component>
      <object_component id="oc-335">
         <name>.text</name>
         <load_address>0x874a7</load_address>
         <run_address>0x874a7</run_address>
         <size>0x323</size>
         <input_file_ref idref="fl-9"/>
      </object_component>
      <object_component id="oc-338">
         <name>.text</name>
         <load_address>0x877ca</load_address>
         <run_address>0x877ca</run_address>
         <size>0x25c</size>
         <input_file_ref idref="fl-3d"/>
      </object_component>
      <object_component id="oc-333">
         <name>.text</name>
         <load_address>0x87a26</load_address>
         <run_address>0x87a26</run_address>
         <size>0x244</size>
         <input_file_ref idref="fl-15"/>
      </object_component>
      <object_component id="oc-348">
         <name>.text</name>
         <load_address>0x87c6a</load_address>
         <run_address>0x87c6a</run_address>
         <size>0x243</size>
         <input_file_ref idref="fl-2a"/>
      </object_component>
      <object_component id="oc-341">
         <name>.text</name>
         <load_address>0x87ead</load_address>
         <run_address>0x87ead</run_address>
         <size>0x109</size>
         <input_file_ref idref="fl-7"/>
      </object_component>
      <object_component id="oc-33d">
         <name>.text</name>
         <load_address>0x87fb6</load_address>
         <run_address>0x87fb6</run_address>
         <size>0x42</size>
         <input_file_ref idref="fl-3"/>
      </object_component>
      <object_component id="oc-342">
         <name>.text</name>
         <load_address>0x87ff8</load_address>
         <run_address>0x87ff8</run_address>
         <size>0x8</size>
         <input_file_ref idref="fl-58"/>
      </object_component>
      <object_component id="oc-b2">
         <name>.text:retain</name>
         <load_address>0x88000</load_address>
         <run_address>0x88000</run_address>
         <size>0x204</size>
         <input_file_ref idref="fl-9"/>
      </object_component>
      <object_component id="oc-35d">
         <name>.text</name>
         <load_address>0x88204</load_address>
         <run_address>0x88204</run_address>
         <size>0x203</size>
         <input_file_ref idref="fl-59"/>
      </object_component>
      <object_component id="oc-345">
         <name>.text</name>
         <load_address>0x88407</load_address>
         <run_address>0x88407</run_address>
         <size>0x1ca</size>
         <input_file_ref idref="fl-29"/>
      </object_component>
      <object_component id="oc-334">
         <name>.text</name>
         <load_address>0x885d1</load_address>
         <run_address>0x885d1</run_address>
         <size>0x178</size>
         <input_file_ref idref="fl-6"/>
      </object_component>
      <object_component id="oc-35b">
         <name>.text</name>
         <load_address>0x88749</load_address>
         <run_address>0x88749</run_address>
         <size>0x157</size>
         <input_file_ref idref="fl-44"/>
      </object_component>
      <object_component id="oc-310">
         <name>.text</name>
         <load_address>0x888a0</load_address>
         <run_address>0x888a0</run_address>
         <size>0x107</size>
         <input_file_ref idref="fl-6c"/>
      </object_component>
      <object_component id="oc-346">
         <name>.text</name>
         <load_address>0x889a7</load_address>
         <run_address>0x889a7</run_address>
         <size>0xd8</size>
         <input_file_ref idref="fl-42"/>
      </object_component>
      <object_component id="oc-349">
         <name>.text</name>
         <load_address>0x88a7f</load_address>
         <run_address>0x88a7f</run_address>
         <size>0xd2</size>
         <input_file_ref idref="fl-3c"/>
      </object_component>
      <object_component id="oc-368">
         <name>.text</name>
         <load_address>0x88b51</load_address>
         <run_address>0x88b51</run_address>
         <size>0xae</size>
         <input_file_ref idref="fl-66"/>
      </object_component>
      <object_component id="oc-33a">
         <name>.text</name>
         <load_address>0x88bff</load_address>
         <run_address>0x88bff</run_address>
         <size>0xa6</size>
         <input_file_ref idref="fl-35"/>
      </object_component>
      <object_component id="oc-9a">
         <name>.text:retain</name>
         <load_address>0x88ca5</load_address>
         <run_address>0x88ca5</run_address>
         <size>0xa2</size>
         <input_file_ref idref="fl-6"/>
      </object_component>
      <object_component id="oc-2bd">
         <name>.text</name>
         <load_address>0x88d47</load_address>
         <run_address>0x88d47</run_address>
         <size>0x9c</size>
         <input_file_ref idref="fl-5c"/>
      </object_component>
      <object_component id="oc-1df">
         <name>.text:retain</name>
         <load_address>0x88de3</load_address>
         <run_address>0x88de3</run_address>
         <size>0x93</size>
         <input_file_ref idref="fl-2f"/>
      </object_component>
      <object_component id="oc-254">
         <name>.text</name>
         <load_address>0x88e76</load_address>
         <run_address>0x88e76</run_address>
         <size>0x8b</size>
         <input_file_ref idref="fl-47"/>
      </object_component>
      <object_component id="oc-2c2">
         <name>.text</name>
         <load_address>0x88f01</load_address>
         <run_address>0x88f01</run_address>
         <size>0x88</size>
         <input_file_ref idref="fl-5d"/>
      </object_component>
      <object_component id="oc-347">
         <name>.text</name>
         <load_address>0x88f89</load_address>
         <run_address>0x88f89</run_address>
         <size>0x88</size>
         <input_file_ref idref="fl-3e"/>
      </object_component>
      <object_component id="oc-259">
         <name>.text</name>
         <load_address>0x89011</load_address>
         <run_address>0x89011</run_address>
         <size>0x83</size>
         <input_file_ref idref="fl-48"/>
      </object_component>
      <object_component id="oc-350">
         <name>.text</name>
         <load_address>0x89094</load_address>
         <run_address>0x89094</run_address>
         <size>0x7c</size>
         <input_file_ref idref="fl-c"/>
      </object_component>
      <object_component id="oc-34d">
         <name>.text</name>
         <load_address>0x89110</load_address>
         <run_address>0x89110</run_address>
         <size>0x72</size>
         <input_file_ref idref="fl-2f"/>
      </object_component>
      <object_component id="oc-aa">
         <name>.text:retain</name>
         <load_address>0x89182</load_address>
         <run_address>0x89182</run_address>
         <size>0x6a</size>
         <input_file_ref idref="fl-8"/>
      </object_component>
      <object_component id="oc-363">
         <name>.text</name>
         <load_address>0x891ec</load_address>
         <run_address>0x891ec</run_address>
         <size>0x60</size>
         <input_file_ref idref="fl-8"/>
      </object_component>
      <object_component id="oc-367">
         <name>.text</name>
         <load_address>0x8924c</load_address>
         <run_address>0x8924c</run_address>
         <size>0x5a</size>
         <input_file_ref idref="fl-65"/>
      </object_component>
      <object_component id="oc-370">
         <name>.text</name>
         <load_address>0x892a6</load_address>
         <run_address>0x892a6</run_address>
         <size>0x5a</size>
         <input_file_ref idref="fl-5b"/>
      </object_component>
      <object_component id="oc-80">
         <name>.text</name>
         <load_address>0x89300</load_address>
         <run_address>0x89300</run_address>
         <size>0x56</size>
         <input_file_ref idref="fl-46"/>
      </object_component>
      <object_component id="oc-356">
         <name>.text</name>
         <load_address>0x89356</load_address>
         <run_address>0x89356</run_address>
         <size>0x50</size>
         <input_file_ref idref="fl-32"/>
      </object_component>
      <object_component id="oc-355">
         <name>.text</name>
         <load_address>0x893a6</load_address>
         <run_address>0x893a6</run_address>
         <size>0x50</size>
         <input_file_ref idref="fl-33"/>
      </object_component>
      <object_component id="oc-354">
         <name>.text</name>
         <load_address>0x893f6</load_address>
         <run_address>0x893f6</run_address>
         <size>0x3c</size>
         <input_file_ref idref="fl-5"/>
      </object_component>
      <object_component id="oc-372">
         <name>.text</name>
         <load_address>0x89432</load_address>
         <run_address>0x89432</run_address>
         <size>0x36</size>
         <input_file_ref idref="fl-30"/>
      </object_component>
      <object_component id="oc-34c">
         <name>.text</name>
         <load_address>0x89468</load_address>
         <run_address>0x89468</run_address>
         <size>0x31</size>
         <input_file_ref idref="fl-55"/>
      </object_component>
      <object_component id="oc-366">
         <name>.text</name>
         <load_address>0x89499</load_address>
         <run_address>0x89499</run_address>
         <size>0x30</size>
         <input_file_ref idref="fl-60"/>
      </object_component>
      <object_component id="oc-340">
         <name>.text</name>
         <load_address>0x894c9</load_address>
         <run_address>0x894c9</run_address>
         <size>0x30</size>
         <input_file_ref idref="fl-5a"/>
      </object_component>
      <object_component id="oc-2fc">
         <name>.text</name>
         <load_address>0x894f9</load_address>
         <run_address>0x894f9</run_address>
         <size>0x2a</size>
         <input_file_ref idref="fl-68"/>
      </object_component>
      <object_component id="oc-31f">
         <name>.text</name>
         <load_address>0x89523</load_address>
         <run_address>0x89523</run_address>
         <size>0x2a</size>
         <input_file_ref idref="fl-6f"/>
      </object_component>
      <object_component id="oc-332">
         <name>.text</name>
         <load_address>0x8954d</load_address>
         <run_address>0x8954d</run_address>
         <size>0x29</size>
         <input_file_ref idref="fl-51"/>
      </object_component>
      <object_component id="oc-352">
         <name>.text</name>
         <load_address>0x89576</load_address>
         <run_address>0x89576</run_address>
         <size>0x28</size>
         <input_file_ref idref="fl-1c"/>
      </object_component>
      <object_component id="oc-353">
         <name>.text</name>
         <load_address>0x8959e</load_address>
         <run_address>0x8959e</run_address>
         <size>0x26</size>
         <input_file_ref idref="fl-1d"/>
      </object_component>
      <object_component id="oc-373">
         <name>.text</name>
         <load_address>0x895c4</load_address>
         <run_address>0x895c4</run_address>
         <size>0x25</size>
         <input_file_ref idref="fl-67"/>
      </object_component>
      <object_component id="oc-32f">
         <name>.text</name>
         <load_address>0x895e9</load_address>
         <run_address>0x895e9</run_address>
         <size>0x24</size>
         <input_file_ref idref="fl-4d"/>
      </object_component>
      <object_component id="oc-306">
         <name>.text</name>
         <load_address>0x8960d</load_address>
         <run_address>0x8960d</run_address>
         <size>0x21</size>
         <input_file_ref idref="fl-6a"/>
      </object_component>
      <object_component id="oc-263">
         <name>.text</name>
         <load_address>0x8962e</load_address>
         <run_address>0x8962e</run_address>
         <size>0x1f</size>
         <input_file_ref idref="fl-4a"/>
      </object_component>
      <object_component id="oc-30b">
         <name>.text</name>
         <load_address>0x8964d</load_address>
         <run_address>0x8964d</run_address>
         <size>0x1e</size>
         <input_file_ref idref="fl-6b"/>
      </object_component>
      <object_component id="oc-315">
         <name>.text</name>
         <load_address>0x8966b</load_address>
         <run_address>0x8966b</run_address>
         <size>0x1d</size>
         <input_file_ref idref="fl-6d"/>
      </object_component>
      <object_component id="oc-33c">
         <name>.text</name>
         <load_address>0x89688</load_address>
         <run_address>0x89688</run_address>
         <size>0x1d</size>
         <input_file_ref idref="fl-4e"/>
      </object_component>
      <object_component id="oc-324">
         <name>.text</name>
         <load_address>0x896a5</load_address>
         <run_address>0x896a5</run_address>
         <size>0x1c</size>
         <input_file_ref idref="fl-70"/>
      </object_component>
      <object_component id="oc-31a">
         <name>.text</name>
         <load_address>0x896c1</load_address>
         <run_address>0x896c1</run_address>
         <size>0x1c</size>
         <input_file_ref idref="fl-6e"/>
      </object_component>
      <object_component id="oc-268">
         <name>.text</name>
         <load_address>0x896dd</load_address>
         <run_address>0x896dd</run_address>
         <size>0x18</size>
         <input_file_ref idref="fl-4b"/>
      </object_component>
      <object_component id="oc-26d">
         <name>.text</name>
         <load_address>0x896f5</load_address>
         <run_address>0x896f5</run_address>
         <size>0x16</size>
         <input_file_ref idref="fl-4c"/>
      </object_component>
      <object_component id="oc-374">
         <name>.text</name>
         <load_address>0x8970b</load_address>
         <run_address>0x8970b</run_address>
         <size>0x12</size>
         <input_file_ref idref="fl-64"/>
      </object_component>
      <object_component id="oc-336">
         <name>.text</name>
         <load_address>0x8971d</load_address>
         <run_address>0x8971d</run_address>
         <size>0x12</size>
         <input_file_ref idref="fl-41"/>
      </object_component>
      <object_component id="oc-1bb">
         <name>.text:retain</name>
         <load_address>0x8972f</load_address>
         <run_address>0x8972f</run_address>
         <size>0xf</size>
         <input_file_ref idref="fl-29"/>
      </object_component>
      <object_component id="oc-25e">
         <name>.text</name>
         <load_address>0x8973e</load_address>
         <run_address>0x8973e</run_address>
         <size>0xe</size>
         <input_file_ref idref="fl-49"/>
      </object_component>
      <object_component id="oc-36c">
         <name>.text</name>
         <load_address>0x8974c</load_address>
         <run_address>0x8974c</run_address>
         <size>0xd</size>
         <input_file_ref idref="fl-61"/>
      </object_component>
      <object_component id="oc-369">
         <name>.text</name>
         <load_address>0x89759</load_address>
         <run_address>0x89759</run_address>
         <size>0xc</size>
         <input_file_ref idref="fl-62"/>
      </object_component>
      <object_component id="oc-357">
         <name>.text</name>
         <load_address>0x89765</load_address>
         <run_address>0x89765</run_address>
         <size>0x9</size>
         <input_file_ref idref="fl-52"/>
      </object_component>
      <object_component id="oc-301">
         <name>.text</name>
         <load_address>0x8976e</load_address>
         <run_address>0x8976e</run_address>
         <size>0x9</size>
         <input_file_ref idref="fl-69"/>
      </object_component>
      <object_component id="oc-36d">
         <name>.text</name>
         <load_address>0x89777</load_address>
         <run_address>0x89777</run_address>
         <size>0x9</size>
         <input_file_ref idref="fl-71"/>
      </object_component>
      <object_component id="oc-371">
         <name>.text</name>
         <load_address>0x89780</load_address>
         <run_address>0x89780</run_address>
         <size>0x6</size>
         <input_file_ref idref="fl-4"/>
      </object_component>
      <object_component id="oc-36b">
         <name>.text</name>
         <load_address>0x89786</load_address>
         <run_address>0x89786</run_address>
         <size>0x5</size>
         <input_file_ref idref="fl-63"/>
      </object_component>
      <object_component id="oc-34b">
         <name>.text</name>
         <load_address>0x8978b</load_address>
         <run_address>0x8978b</run_address>
         <size>0x4</size>
         <input_file_ref idref="fl-54"/>
      </object_component>
      <object_component id="oc-c8">
         <name>.text</name>
         <load_address>0x8978f</load_address>
         <run_address>0x8978f</run_address>
         <size>0x3</size>
         <input_file_ref idref="fl-d"/>
      </object_component>
      <object_component id="oc-32e">
         <name>.text</name>
         <load_address>0x89792</load_address>
         <run_address>0x89792</run_address>
         <size>0x2</size>
         <input_file_ref idref="fl-4f"/>
      </object_component>
      <object_component id="oc-330">
         <name>.text</name>
         <load_address>0x89794</load_address>
         <run_address>0x89794</run_address>
         <size>0x1</size>
         <input_file_ref idref="fl-50"/>
      </object_component>
      <object_component id="oc-bd">
         <name>codestart</name>
         <load_address>0x80000</load_address>
         <run_address>0x80000</run_address>
         <size>0x2</size>
         <input_file_ref idref="fl-b"/>
      </object_component>
      <object_component id="oc-24e">
         <name>.stack</name>
         <uninitialized>true</uninitialized>
         <run_address>0x400</run_address>
         <size>0x0</size>
         <input_file_ref idref="fl-46"/>
      </object_component>
      <object_component id="oc-3fc">
         <name>.stack</name>
         <uninitialized>true</uninitialized>
         <run_address>0x400</run_address>
         <size>0x0</size>
      </object_component>
      <object_component id="oc-203">
         <name>.ebss</name>
         <uninitialized>true</uninitialized>
         <run_address>0x8800</run_address>
         <size>0x1070</size>
         <input_file_ref idref="fl-34"/>
      </object_component>
      <object_component id="oc-83">
         <name>.ebss</name>
         <uninitialized>true</uninitialized>
         <run_address>0x9870</run_address>
         <size>0x10</size>
         <input_file_ref idref="fl-2"/>
      </object_component>
      <object_component id="oc-1f3">
         <name>.ebss</name>
         <uninitialized>true</uninitialized>
         <run_address>0x9880</run_address>
         <size>0x440</size>
         <input_file_ref idref="fl-32"/>
      </object_component>
      <object_component id="oc-226">
         <name>.ebss</name>
         <uninitialized>true</uninitialized>
         <run_address>0x9cc0</run_address>
         <size>0x38e</size>
         <input_file_ref idref="fl-3f"/>
      </object_component>
      <object_component id="oc-a1">
         <name>.ebss</name>
         <uninitialized>true</uninitialized>
         <run_address>0xa04e</run_address>
         <size>0x2a</size>
         <input_file_ref idref="fl-7"/>
      </object_component>
      <object_component id="oc-191">
         <name>.ebss</name>
         <uninitialized>true</uninitialized>
         <run_address>0xa078</run_address>
         <size>0x6</size>
         <input_file_ref idref="fl-21"/>
      </object_component>
      <object_component id="oc-33e">
         <name>.ebss:__lock</name>
         <uninitialized>true</uninitialized>
         <run_address>0xa07e</run_address>
         <size>0x2</size>
         <input_file_ref idref="fl-52"/>
      </object_component>
      <object_component id="oc-b1">
         <name>.ebss</name>
         <uninitialized>true</uninitialized>
         <run_address>0xa080</run_address>
         <size>0x290</size>
         <input_file_ref idref="fl-9"/>
      </object_component>
      <object_component id="oc-21f">
         <name>.ebss</name>
         <uninitialized>true</uninitialized>
         <run_address>0xa310</run_address>
         <size>0x1e</size>
         <input_file_ref idref="fl-3e"/>
      </object_component>
      <object_component id="oc-218">
         <name>.ebss</name>
         <uninitialized>true</uninitialized>
         <run_address>0xa32e</run_address>
         <size>0xa</size>
         <input_file_ref idref="fl-3d"/>
      </object_component>
      <object_component id="oc-288">
         <name>.ebss</name>
         <uninitialized>true</uninitialized>
         <run_address>0xa338</run_address>
         <size>0x6</size>
         <input_file_ref idref="fl-51"/>
      </object_component>
      <object_component id="oc-365">
         <name>.ebss:__unlock</name>
         <uninitialized>true</uninitialized>
         <run_address>0xa33e</run_address>
         <size>0x2</size>
         <input_file_ref idref="fl-52"/>
      </object_component>
      <object_component id="oc-1fb">
         <name>.ebss</name>
         <uninitialized>true</uninitialized>
         <run_address>0xa340</run_address>
         <size>0xe4</size>
         <input_file_ref idref="fl-33"/>
      </object_component>
      <object_component id="oc-1ec">
         <name>.ebss</name>
         <uninitialized>true</uninitialized>
         <run_address>0xa424</run_address>
         <size>0x1a</size>
         <input_file_ref idref="fl-31"/>
      </object_component>
      <object_component id="oc-1a2">
         <name>.ebss</name>
         <uninitialized>true</uninitialized>
         <run_address>0xa43e</run_address>
         <size>0x1</size>
         <input_file_ref idref="fl-24"/>
      </object_component>
      <object_component id="oc-2c9">
         <name>.ebss</name>
         <uninitialized>true</uninitialized>
         <run_address>0xa43f</run_address>
         <size>0x1</size>
         <input_file_ref idref="fl-5e"/>
      </object_component>
      <object_component id="oc-20b">
         <name>.ebss</name>
         <uninitialized>true</uninitialized>
         <run_address>0xa440</run_address>
         <size>0xc0</size>
         <input_file_ref idref="fl-35"/>
      </object_component>
      <object_component id="oc-238">
         <name>.ebss</name>
         <uninitialized>true</uninitialized>
         <run_address>0xa500</run_address>
         <size>0x8c</size>
         <input_file_ref idref="fl-42"/>
      </object_component>
      <object_component id="oc-c3">
         <name>.ebss</name>
         <uninitialized>true</uninitialized>
         <run_address>0xa58c</run_address>
         <size>0x18</size>
         <input_file_ref idref="fl-c"/>
      </object_component>
      <object_component id="oc-a9">
         <name>.ebss</name>
         <uninitialized>true</uninitialized>
         <run_address>0xa5a4</run_address>
         <size>0x4</size>
         <input_file_ref idref="fl-8"/>
      </object_component>
      <object_component id="oc-1d2">
         <name>.ebss</name>
         <uninitialized>true</uninitialized>
         <run_address>0xa5a8</run_address>
         <size>0x4</size>
         <input_file_ref idref="fl-2d"/>
      </object_component>
      <object_component id="oc-22d">
         <name>.ebss</name>
         <uninitialized>true</uninitialized>
         <run_address>0xa5c0</run_address>
         <size>0x80</size>
         <input_file_ref idref="fl-40"/>
      </object_component>
      <object_component id="oc-1ae">
         <name>.ebss</name>
         <uninitialized>true</uninitialized>
         <run_address>0xa640</run_address>
         <size>0x78</size>
         <input_file_ref idref="fl-26"/>
      </object_component>
      <object_component id="oc-23e">
         <name>.ebss</name>
         <uninitialized>true</uninitialized>
         <run_address>0xa6c0</run_address>
         <size>0x3e</size>
         <input_file_ref idref="fl-43"/>
      </object_component>
      <object_component id="oc-362">
         <name>.econst:_PieVectTableInit</name>
         <load_address>0x90000</load_address>
         <run_address>0x90000</run_address>
         <size>0x1c0</size>
         <input_file_ref idref="fl-1d"/>
      </object_component>
      <object_component id="oc-8a">
         <name>.econst:.string</name>
         <load_address>0x901c0</load_address>
         <run_address>0x901c0</run_address>
         <size>0x157</size>
         <input_file_ref idref="fl-3"/>
      </object_component>
      <object_component id="oc-20c">
         <name>.econst:.string</name>
         <load_address>0x90318</load_address>
         <run_address>0x90318</run_address>
         <size>0x10b</size>
         <input_file_ref idref="fl-35"/>
      </object_component>
      <object_component id="oc-35e">
         <name>.econst:.string:__ctypes_</name>
         <load_address>0x90423</load_address>
         <run_address>0x90423</run_address>
         <size>0x101</size>
         <input_file_ref idref="fl-56"/>
      </object_component>
      <object_component id="oc-375">
         <name>.econst:.string:_auch_CRCHi</name>
         <load_address>0x90524</load_address>
         <run_address>0x90524</run_address>
         <size>0x100</size>
         <input_file_ref idref="fl-30"/>
      </object_component>
      <object_component id="oc-376">
         <name>.econst:.string:_auch_CRCLo</name>
         <load_address>0x90624</load_address>
         <run_address>0x90624</run_address>
         <size>0x100</size>
         <input_file_ref idref="fl-30"/>
      </object_component>
      <object_component id="oc-84">
         <name>.econst:.string</name>
         <load_address>0x90724</load_address>
         <run_address>0x90724</run_address>
         <size>0x5b</size>
         <input_file_ref idref="fl-2"/>
      </object_component>
      <object_component id="oc-204">
         <name>.econst:.string</name>
         <load_address>0x90780</load_address>
         <run_address>0x90780</run_address>
         <size>0x4d</size>
         <input_file_ref idref="fl-34"/>
      </object_component>
      <object_component id="oc-2cd">
         <name>.econst:.string</name>
         <load_address>0x907ce</load_address>
         <run_address>0x907ce</run_address>
         <size>0x26</size>
         <input_file_ref idref="fl-5f"/>
      </object_component>
      <object_component id="oc-1d4">
         <name>.econst:.string</name>
         <load_address>0x907f4</load_address>
         <run_address>0x907f4</run_address>
         <size>0x22</size>
         <input_file_ref idref="fl-2d"/>
      </object_component>
      <object_component id="oc-36e">
         <name>.econst:_digits</name>
         <load_address>0x90816</load_address>
         <run_address>0x90816</run_address>
         <size>0x20</size>
         <input_file_ref idref="fl-59"/>
      </object_component>
      <object_component id="oc-2cc">
         <name>.econst</name>
         <load_address>0x90836</load_address>
         <run_address>0x90836</run_address>
         <size>0x1c</size>
         <input_file_ref idref="fl-5f"/>
      </object_component>
      <object_component id="oc-2f2">
         <name>.econst</name>
         <load_address>0x90852</load_address>
         <run_address>0x90852</run_address>
         <size>0x1c</size>
         <input_file_ref idref="fl-66"/>
      </object_component>
      <object_component id="oc-35a">
         <name>.econst:_g_psUSBDStdRequests</name>
         <load_address>0x9086e</load_address>
         <run_address>0x9086e</run_address>
         <size>0x1a</size>
         <input_file_ref idref="fl-40"/>
      </object_component>
      <object_component id="oc-b3">
         <name>.econst:.string</name>
         <load_address>0x90888</load_address>
         <run_address>0x90888</run_address>
         <size>0x17</size>
         <input_file_ref idref="fl-9"/>
      </object_component>
      <object_component id="oc-1f4">
         <name>.econst:.string</name>
         <load_address>0x908a0</load_address>
         <run_address>0x908a0</run_address>
         <size>0x17</size>
         <input_file_ref idref="fl-32"/>
      </object_component>
      <object_component id="oc-1fc">
         <name>.econst:.string</name>
         <load_address>0x908b8</load_address>
         <run_address>0x908b8</run_address>
         <size>0x11</size>
         <input_file_ref idref="fl-33"/>
      </object_component>
      <object_component id="oc-a2">
         <name>.econst</name>
         <load_address>0x908ca</load_address>
         <run_address>0x908ca</run_address>
         <size>0xc</size>
         <input_file_ref idref="fl-7"/>
      </object_component>
      <object_component id="oc-36f">
         <name>.econst:_powerof10</name>
         <load_address>0x908d6</load_address>
         <run_address>0x908d6</run_address>
         <size>0xc</size>
         <input_file_ref idref="fl-59"/>
      </object_component>
      <object_component id="oc-1e0">
         <name>.econst</name>
         <load_address>0x908e2</load_address>
         <run_address>0x908e2</run_address>
         <size>0xc</size>
         <input_file_ref idref="fl-2f"/>
      </object_component>
      <object_component id="oc-360">
         <name>.econst:_g_sUSBEventDriver</name>
         <load_address>0x908ee</load_address>
         <run_address>0x908ee</run_address>
         <size>0x8</size>
         <input_file_ref idref="fl-35"/>
      </object_component>
      <object_component id="oc-35f">
         <name>.econst:_g_sUSBHostSPEClassDriver</name>
         <load_address>0x908f6</load_address>
         <run_address>0x908f6</run_address>
         <size>0x8</size>
         <input_file_ref idref="fl-2"/>
      </object_component>
      <object_component id="oc-2ec">
         <name>.econst</name>
         <load_address>0x908fe</load_address>
         <run_address>0x908fe</run_address>
         <size>0x8</size>
         <input_file_ref idref="fl-65"/>
      </object_component>
      <object_component id="oc-23f">
         <name>.econst</name>
         <load_address>0x90906</load_address>
         <run_address>0x90906</run_address>
         <size>0x8</size>
         <input_file_ref idref="fl-43"/>
      </object_component>
      <object_component id="oc-2b8">
         <name>.econst</name>
         <load_address>0x9090e</load_address>
         <run_address>0x9090e</run_address>
         <size>0x6</size>
         <input_file_ref idref="fl-5b"/>
      </object_component>
      <object_component id="oc-34e">
         <name>.econst:_g_ppHostClassDrivers</name>
         <load_address>0x90914</load_address>
         <run_address>0x90914</run_address>
         <size>0x4</size>
         <input_file_ref idref="fl-35"/>
      </object_component>
      <object_component id="oc-1d3">
         <name>.econst</name>
         <load_address>0x90918</load_address>
         <run_address>0x90918</run_address>
         <size>0x2</size>
         <input_file_ref idref="fl-2d"/>
      </object_component>
      <object_component id="oc-24f">
         <name>.reset</name>
         <load_address>0x3fffc0</load_address>
         <run_address>0x3fffc0</run_address>
         <size>0x2</size>
         <input_file_ref idref="fl-46"/>
      </object_component>
      <object_component id="oc-361">
         <name>.TI.ramfunc</name>
         <load_address>0x86000</load_address>
         <run_address>0x8000</run_address>
         <size>0x37</size>
         <input_file_ref idref="fl-20"/>
      </object_component>
      <object_component id="oc-1b0">
         <name>.TI.ramfunc</name>
         <load_address>0x86037</load_address>
         <run_address>0x8037</run_address>
         <size>0x4</size>
         <input_file_ref idref="fl-27"/>
      </object_component>
      <object_component id="oc-1c1">
         <name>.TI.ramfunc</name>
         <load_address>0x8603b</load_address>
         <run_address>0x803b</run_address>
         <size>0x4</size>
         <input_file_ref idref="fl-2a"/>
      </object_component>
      <object_component id="oc-165">
         <name>PUTBUFFER</name>
         <uninitialized>true</uninitialized>
         <run_address>0x3fc00</run_address>
         <size>0x80</size>
         <input_file_ref idref="fl-18"/>
      </object_component>
      <object_component id="oc-162">
         <name>PUTWRITEIDX</name>
         <uninitialized>true</uninitialized>
         <run_address>0x3fc80</run_address>
         <size>0x4</size>
         <input_file_ref idref="fl-18"/>
      </object_component>
      <object_component id="oc-164">
         <name>GETREADIDX</name>
         <uninitialized>true</uninitialized>
         <run_address>0x3fc84</run_address>
         <size>0x4</size>
         <input_file_ref idref="fl-18"/>
      </object_component>
      <object_component id="oc-166">
         <name>GETBUFFER</name>
         <uninitialized>true</uninitialized>
         <run_address>0x3f800</run_address>
         <size>0x80</size>
         <input_file_ref idref="fl-18"/>
      </object_component>
      <object_component id="oc-161">
         <name>GETWRITEIDX</name>
         <uninitialized>true</uninitialized>
         <run_address>0x3f880</run_address>
         <size>0x4</size>
         <input_file_ref idref="fl-18"/>
      </object_component>
      <object_component id="oc-163">
         <name>PUTREADIDX</name>
         <uninitialized>true</uninitialized>
         <run_address>0x3f884</run_address>
         <size>0x4</size>
         <input_file_ref idref="fl-18"/>
      </object_component>
      <object_component id="oc-14f">
         <name>PieVectTableFile</name>
         <uninitialized>true</uninitialized>
         <run_address>0xd00</run_address>
         <size>0x1c0</size>
         <input_file_ref idref="fl-14"/>
      </object_component>
      <object_component id="oc-ee">
         <name>EmuKeyVar</name>
         <uninitialized>true</uninitialized>
         <run_address>0xd00</run_address>
         <size>0x1</size>
         <input_file_ref idref="fl-14"/>
      </object_component>
      <object_component id="oc-ed">
         <name>EmuBModeVar</name>
         <uninitialized>true</uninitialized>
         <run_address>0xd01</run_address>
         <size>0x1</size>
         <input_file_ref idref="fl-14"/>
      </object_component>
      <object_component id="oc-105">
         <name>AdcaResultFile</name>
         <uninitialized>true</uninitialized>
         <run_address>0xb00</run_address>
         <size>0x18</size>
         <input_file_ref idref="fl-14"/>
      </object_component>
      <object_component id="oc-106">
         <name>AdcbResultFile</name>
         <uninitialized>true</uninitialized>
         <run_address>0xb20</run_address>
         <size>0x18</size>
         <input_file_ref idref="fl-14"/>
      </object_component>
      <object_component id="oc-104">
         <name>AdccResultFile</name>
         <uninitialized>true</uninitialized>
         <run_address>0xb40</run_address>
         <size>0x18</size>
         <input_file_ref idref="fl-14"/>
      </object_component>
      <object_component id="oc-107">
         <name>AdcdResultFile</name>
         <uninitialized>true</uninitialized>
         <run_address>0xb60</run_address>
         <size>0x18</size>
         <input_file_ref idref="fl-14"/>
      </object_component>
      <object_component id="oc-13a">
         <name>AdcaRegsFile</name>
         <uninitialized>true</uninitialized>
         <run_address>0x7400</run_address>
         <size>0x80</size>
         <input_file_ref idref="fl-14"/>
      </object_component>
      <object_component id="oc-137">
         <name>AdcbRegsFile</name>
         <uninitialized>true</uninitialized>
         <run_address>0x7480</run_address>
         <size>0x80</size>
         <input_file_ref idref="fl-14"/>
      </object_component>
      <object_component id="oc-136">
         <name>AdccRegsFile</name>
         <uninitialized>true</uninitialized>
         <run_address>0x7500</run_address>
         <size>0x80</size>
         <input_file_ref idref="fl-14"/>
      </object_component>
      <object_component id="oc-13b">
         <name>AdcdRegsFile</name>
         <uninitialized>true</uninitialized>
         <run_address>0x7580</run_address>
         <size>0x80</size>
         <input_file_ref idref="fl-14"/>
      </object_component>
      <object_component id="oc-131">
         <name>AnalogSubsysRegsFile</name>
         <uninitialized>true</uninitialized>
         <run_address>0x5d180</run_address>
         <size>0x48</size>
         <input_file_ref idref="fl-14"/>
      </object_component>
      <object_component id="oc-14b">
         <name>CanaRegsFile</name>
         <uninitialized>true</uninitialized>
         <run_address>0x48000</run_address>
         <size>0x164</size>
         <input_file_ref idref="fl-14"/>
      </object_component>
      <object_component id="oc-14c">
         <name>CanbRegsFile</name>
         <uninitialized>true</uninitialized>
         <run_address>0x4a000</run_address>
         <size>0x164</size>
         <input_file_ref idref="fl-14"/>
      </object_component>
      <object_component id="oc-12c">
         <name>Cla1RegsFile</name>
         <uninitialized>true</uninitialized>
         <run_address>0x1400</run_address>
         <size>0x3e</size>
         <input_file_ref idref="fl-14"/>
      </object_component>
      <object_component id="oc-f2">
         <name>Cla1SoftIntRegsFile</name>
         <uninitialized>true</uninitialized>
         <run_address>0xce0</run_address>
         <size>0x4</size>
         <input_file_ref idref="fl-14"/>
      </object_component>
      <object_component id="oc-118">
         <name>Cmpss1RegsFile</name>
         <uninitialized>true</uninitialized>
         <run_address>0x5c80</run_address>
         <size>0x20</size>
         <input_file_ref idref="fl-14"/>
      </object_component>
      <object_component id="oc-117">
         <name>Cmpss2RegsFile</name>
         <uninitialized>true</uninitialized>
         <run_address>0x5ca0</run_address>
         <size>0x20</size>
         <input_file_ref idref="fl-14"/>
      </object_component>
      <object_component id="oc-11a">
         <name>Cmpss3RegsFile</name>
         <uninitialized>true</uninitialized>
         <run_address>0x5cc0</run_address>
         <size>0x20</size>
         <input_file_ref idref="fl-14"/>
      </object_component>
      <object_component id="oc-119">
         <name>Cmpss4RegsFile</name>
         <uninitialized>true</uninitialized>
         <run_address>0x5ce0</run_address>
         <size>0x20</size>
         <input_file_ref idref="fl-14"/>
      </object_component>
      <object_component id="oc-114">
         <name>Cmpss5RegsFile</name>
         <uninitialized>true</uninitialized>
         <run_address>0x5d00</run_address>
         <size>0x20</size>
         <input_file_ref idref="fl-14"/>
      </object_component>
      <object_component id="oc-113">
         <name>Cmpss6RegsFile</name>
         <uninitialized>true</uninitialized>
         <run_address>0x5d20</run_address>
         <size>0x20</size>
         <input_file_ref idref="fl-14"/>
      </object_component>
      <object_component id="oc-116">
         <name>Cmpss7RegsFile</name>
         <uninitialized>true</uninitialized>
         <run_address>0x5d40</run_address>
         <size>0x20</size>
         <input_file_ref idref="fl-14"/>
      </object_component>
      <object_component id="oc-115">
         <name>Cmpss8RegsFile</name>
         <uninitialized>true</uninitialized>
         <run_address>0x5d60</run_address>
         <size>0x20</size>
         <input_file_ref idref="fl-14"/>
      </object_component>
      <object_component id="oc-f6">
         <name>CpuTimer0RegsFile</name>
         <uninitialized>true</uninitialized>
         <run_address>0xc00</run_address>
         <size>0x8</size>
         <input_file_ref idref="fl-14"/>
      </object_component>
      <object_component id="oc-f9">
         <name>CpuTimer1RegsFile</name>
         <uninitialized>true</uninitialized>
         <run_address>0xc08</run_address>
         <size>0x8</size>
         <input_file_ref idref="fl-14"/>
      </object_component>
      <object_component id="oc-f8">
         <name>CpuTimer2RegsFile</name>
         <uninitialized>true</uninitialized>
         <run_address>0xc10</run_address>
         <size>0x8</size>
         <input_file_ref idref="fl-14"/>
      </object_component>
      <object_component id="oc-f7">
         <name>DacaRegsFile</name>
         <uninitialized>true</uninitialized>
         <run_address>0x5c00</run_address>
         <size>0x8</size>
         <input_file_ref idref="fl-14"/>
      </object_component>
      <object_component id="oc-fa">
         <name>DacbRegsFile</name>
         <uninitialized>true</uninitialized>
         <run_address>0x5c10</run_address>
         <size>0x8</size>
         <input_file_ref idref="fl-14"/>
      </object_component>
      <object_component id="oc-f5">
         <name>DaccRegsFile</name>
         <uninitialized>true</uninitialized>
         <run_address>0x5c20</run_address>
         <size>0x8</size>
         <input_file_ref idref="fl-14"/>
      </object_component>
      <object_component id="oc-125">
         <name>DcsmZ1RegsFile</name>
         <uninitialized>true</uninitialized>
         <run_address>0x5f000</run_address>
         <size>0x24</size>
         <input_file_ref idref="fl-14"/>
      </object_component>
      <object_component id="oc-124">
         <name>DcsmZ2RegsFile</name>
         <uninitialized>true</uninitialized>
         <run_address>0x5f040</run_address>
         <size>0x24</size>
         <input_file_ref idref="fl-14"/>
      </object_component>
      <object_component id="oc-fb">
         <name>DcsmCommonRegsFile</name>
         <uninitialized>true</uninitialized>
         <run_address>0x5f070</run_address>
         <size>0x8</size>
         <input_file_ref idref="fl-14"/>
      </object_component>
      <object_component id="oc-11d">
         <name>DcsmZ1OtpFile</name>
         <uninitialized>true</uninitialized>
         <run_address>0x78000</run_address>
         <size>0x20</size>
         <input_file_ref idref="fl-14"/>
      </object_component>
      <object_component id="oc-11b">
         <name>DcsmZ2OtpFile</name>
         <uninitialized>true</uninitialized>
         <run_address>0x78200</run_address>
         <size>0x20</size>
         <input_file_ref idref="fl-14"/>
      </object_component>
      <object_component id="oc-13d">
         <name>DmaRegsFile</name>
         <uninitialized>true</uninitialized>
         <run_address>0x1000</run_address>
         <size>0xe0</size>
         <input_file_ref idref="fl-14"/>
      </object_component>
      <object_component id="oc-109">
         <name>DmaClaSrcSelRegsFile</name>
         <uninitialized>true</uninitialized>
         <run_address>0x7980</run_address>
         <size>0x1a</size>
         <input_file_ref idref="fl-14"/>
      </object_component>
      <object_component id="oc-11c">
         <name>ECap1RegsFile</name>
         <uninitialized>true</uninitialized>
         <run_address>0x5000</run_address>
         <size>0x20</size>
         <input_file_ref idref="fl-14"/>
      </object_component>
      <object_component id="oc-10c">
         <name>ECap2RegsFile</name>
         <uninitialized>true</uninitialized>
         <run_address>0x5020</run_address>
         <size>0x20</size>
         <input_file_ref idref="fl-14"/>
      </object_component>
      <object_component id="oc-112">
         <name>ECap3RegsFile</name>
         <uninitialized>true</uninitialized>
         <run_address>0x5040</run_address>
         <size>0x20</size>
         <input_file_ref idref="fl-14"/>
      </object_component>
      <object_component id="oc-10a">
         <name>ECap4RegsFile</name>
         <uninitialized>true</uninitialized>
         <run_address>0x5060</run_address>
         <size>0x20</size>
         <input_file_ref idref="fl-14"/>
      </object_component>
      <object_component id="oc-10b">
         <name>ECap5RegsFile</name>
         <uninitialized>true</uninitialized>
         <run_address>0x5080</run_address>
         <size>0x20</size>
         <input_file_ref idref="fl-14"/>
      </object_component>
      <object_component id="oc-111">
         <name>ECap6RegsFile</name>
         <uninitialized>true</uninitialized>
         <run_address>0x50a0</run_address>
         <size>0x20</size>
         <input_file_ref idref="fl-14"/>
      </object_component>
      <object_component id="oc-133">
         <name>Emif1RegsFile</name>
         <uninitialized>true</uninitialized>
         <run_address>0x47000</run_address>
         <size>0x70</size>
         <input_file_ref idref="fl-14"/>
      </object_component>
      <object_component id="oc-134">
         <name>Emif2RegsFile</name>
         <uninitialized>true</uninitialized>
         <run_address>0x47800</run_address>
         <size>0x70</size>
         <input_file_ref idref="fl-14"/>
      </object_component>
      <object_component id="oc-142">
         <name>EPwm1RegsFile</name>
         <uninitialized>true</uninitialized>
         <run_address>0x4000</run_address>
         <size>0x100</size>
         <input_file_ref idref="fl-14"/>
      </object_component>
      <object_component id="oc-141">
         <name>EPwm2RegsFile</name>
         <uninitialized>true</uninitialized>
         <run_address>0x4100</run_address>
         <size>0x100</size>
         <input_file_ref idref="fl-14"/>
      </object_component>
      <object_component id="oc-144">
         <name>EPwm3RegsFile</name>
         <uninitialized>true</uninitialized>
         <run_address>0x4200</run_address>
         <size>0x100</size>
         <input_file_ref idref="fl-14"/>
      </object_component>
      <object_component id="oc-13f">
         <name>EPwm4RegsFile</name>
         <uninitialized>true</uninitialized>
         <run_address>0x4300</run_address>
         <size>0x100</size>
         <input_file_ref idref="fl-14"/>
      </object_component>
      <object_component id="oc-13e">
         <name>EPwm5RegsFile</name>
         <uninitialized>true</uninitialized>
         <run_address>0x4400</run_address>
         <size>0x100</size>
         <input_file_ref idref="fl-14"/>
      </object_component>
      <object_component id="oc-143">
         <name>EPwm6RegsFile</name>
         <uninitialized>true</uninitialized>
         <run_address>0x4500</run_address>
         <size>0x100</size>
         <input_file_ref idref="fl-14"/>
      </object_component>
      <object_component id="oc-140">
         <name>EPwm7RegsFile</name>
         <uninitialized>true</uninitialized>
         <run_address>0x4600</run_address>
         <size>0x100</size>
         <input_file_ref idref="fl-14"/>
      </object_component>
      <object_component id="oc-149">
         <name>EPwm8RegsFile</name>
         <uninitialized>true</uninitialized>
         <run_address>0x4700</run_address>
         <size>0x100</size>
         <input_file_ref idref="fl-14"/>
      </object_component>
      <object_component id="oc-147">
         <name>EPwm9RegsFile</name>
         <uninitialized>true</uninitialized>
         <run_address>0x4800</run_address>
         <size>0x100</size>
         <input_file_ref idref="fl-14"/>
      </object_component>
      <object_component id="oc-148">
         <name>EPwm10RegsFile</name>
         <uninitialized>true</uninitialized>
         <run_address>0x4900</run_address>
         <size>0x100</size>
         <input_file_ref idref="fl-14"/>
      </object_component>
      <object_component id="oc-145">
         <name>EPwm11RegsFile</name>
         <uninitialized>true</uninitialized>
         <run_address>0x4a00</run_address>
         <size>0x100</size>
         <input_file_ref idref="fl-14"/>
      </object_component>
      <object_component id="oc-146">
         <name>EPwm12RegsFile</name>
         <uninitialized>true</uninitialized>
         <run_address>0x4b00</run_address>
         <size>0x100</size>
[...]
         <name>_USBHCDResume</name>
         <value>0x82d4d</value>
         <object_component_ref idref="oc-337"/>
      </symbol>
      <symbol id="sm-b4c">
         <name>_USBHCDPipeRead</name>
         <value>0x828f0</value>
         <object_component_ref idref="oc-337"/>
      </symbol>
      <symbol id="sm-b4d">
         <name>_USBHCDPipeReadNonBlocking</name>
         <value>0x828a8</value>
         <object_component_ref idref="oc-337"/>
      </symbol>
      <symbol id="sm-b4e">
         <name>_USBHCDPipeWrite</name>
         <value>0x826ff</value>
         <object_component_ref idref="oc-337"/>
      </symbol>
      <symbol id="sm-b4f">
         <name>_USBHCDMain</name>
         <value>0x83433</value>
         <object_component_ref idref="oc-337"/>
      </symbol>
      <symbol id="sm-b50">
         <name>_USBHostIntHandlerInternal</name>
         <value>0x82f92</value>
         <object_component_ref idref="oc-337"/>
      </symbol>
      <symbol id="sm-b51">
         <name>_ConfigDescAlloc</name>
         <value>0x82278</value>
         <object_component_ref idref="oc-337"/>
      </symbol>
      <symbol id="sm-b52">
         <name>_USBHCDRegisterDrivers</name>
         <value>0x82cb1</value>
         <object_component_ref idref="oc-337"/>
      </symbol>
      <symbol id="sm-b53">
         <name>_USBHCDSetConfig</name>
         <value>0x82eb6</value>
         <object_component_ref idref="oc-337"/>
      </symbol>
      <symbol id="sm-b54">
         <name>_USBHCDSetInterface</name>
         <value>0x82eda</value>
         <object_component_ref idref="oc-337"/>
      </symbol>
      <symbol id="sm-b55">
         <name>_InternalUSBHCDSendEvent</name>
         <value>0x83386</value>
         <object_component_ref idref="oc-337"/>
      </symbol>
      <symbol id="sm-b56">
         <name>_USBHCDPipeSchedule</name>
         <value>0x82801</value>
         <object_component_ref idref="oc-337"/>
      </symbol>
      <symbol id="sm-b57">
         <name>_USBHCDDevSubClass</name>
         <value>0x83831</value>
         <object_component_ref idref="oc-337"/>
      </symbol>
      <symbol id="sm-b58">
         <name>_USBHCDTerm</name>
         <value>0x82cbc</value>
         <object_component_ref idref="oc-337"/>
      </symbol>
      <symbol id="sm-b59">
         <name>_USBHCDPipeConfig</name>
         <value>0x8262a</value>
         <object_component_ref idref="oc-337"/>
      </symbol>
      <symbol id="sm-b5a">
         <name>_USBHCDHubDeviceConnected</name>
         <value>0x8368c</value>
         <object_component_ref idref="oc-337"/>
      </symbol>
      <symbol id="sm-b5b">
         <name>_USBHCDPipeFree</name>
         <value>0x82a08</value>
         <object_component_ref idref="oc-337"/>
      </symbol>
      <symbol id="sm-b5c">
         <name>_USBHCDDevHubPort</name>
         <value>0x837e4</value>
         <object_component_ref idref="oc-337"/>
      </symbol>
      <symbol id="sm-b5d">
         <name>_USBHostCheckPipes</name>
         <value>0x82f06</value>
         <object_component_ref idref="oc-337"/>
      </symbol>
      <symbol id="sm-b5e">
         <name>_USBHCDControlTransfer</name>
         <value>0x835fa</value>
         <object_component_ref idref="oc-337"/>
      </symbol>
      <symbol id="sm-b5f">
         <name>_USBHCDEventEnable</name>
         <value>0x8233d</value>
         <object_component_ref idref="oc-337"/>
      </symbol>
      <symbol id="sm-b60">
         <name>_USBHCDPipeAlloc</name>
         <value>0x8261b</value>
         <object_component_ref idref="oc-337"/>
      </symbol>
      <symbol id="sm-b61">
         <name>_USBHCDDevAddress</name>
         <value>0x837f8</value>
         <object_component_ref idref="oc-337"/>
      </symbol>
      <symbol id="sm-b62">
         <name>_USBHCDPowerConfigGet</name>
         <value>0x82c1f</value>
         <object_component_ref idref="oc-337"/>
      </symbol>
      <symbol id="sm-c0a">
         <name>_USBDCDInit</name>
         <value>0x84d81</value>
         <object_component_ref idref="oc-344"/>
      </symbol>
      <symbol id="sm-c0b">
         <name>_g_psDCDInst</name>
         <value>0xa5c4</value>
         <object_component_ref idref="oc-22d"/>
      </symbol>
      <symbol id="sm-c0c">
         <name>_USBDeviceEnumResetHandler</name>
         <value>0x84fc0</value>
         <object_component_ref idref="oc-344"/>
      </symbol>
      <symbol id="sm-c0d">
         <name>_USBDCDDeviceInfoInit</name>
         <value>0x84d6f</value>
         <object_component_ref idref="oc-344"/>
      </symbol>
      <symbol id="sm-c0e">
         <name>_USBDCDStallEP0</name>
         <value>0x84e5d</value>
         <object_component_ref idref="oc-344"/>
      </symbol>
      <symbol id="sm-c0f">
         <name>_USBDCDTerm</name>
         <value>0x84e03</value>
         <object_component_ref idref="oc-344"/>
      </symbol>
      <symbol id="sm-c10">
         <name>_USBDCDRequestDataEP0</name>
         <value>0x84e38</value>
         <object_component_ref idref="oc-344"/>
      </symbol>
      <symbol id="sm-c11">
         <name>_USBDeviceIntHandlerInternal</name>
         <value>0x85534</value>
         <object_component_ref idref="oc-344"/>
      </symbol>
      <symbol id="sm-c12">
         <name>_USBDeviceEnumHandler</name>
         <value>0x84eff</value>
         <object_component_ref idref="oc-344"/>
      </symbol>
      <symbol id="sm-c13">
         <name>_g_ppsDevInfo</name>
         <value>0xa5c0</value>
         <object_component_ref idref="oc-22d"/>
      </symbol>
      <symbol id="sm-c14">
         <name>_USBDCDSendDataEP0</name>
         <value>0x84e46</value>
         <object_component_ref idref="oc-344"/>
      </symbol>
      <symbol id="sm-c15">
         <name>_USBDeviceResumeTickHandler</name>
         <value>0x84e91</value>
         <object_component_ref idref="oc-344"/>
      </symbol>
      <symbol id="sm-c16">
         <name>_USBDCDRemoteWakeupRequest</name>
         <value>0x84e7b</value>
         <object_component_ref idref="oc-344"/>
      </symbol>
      <symbol id="sm-c17">
         <name>_USBDCDSetDefaultConfiguration</name>
         <value>0x84e55</value>
         <object_component_ref idref="oc-344"/>
      </symbol>
      <symbol id="sm-c18">
         <name>_USBDCDPowerStatusSet</name>
         <value>0x84e6e</value>
         <object_component_ref idref="oc-344"/>
      </symbol>
      <symbol id="sm-c25">
         <name>_USB0DeviceIntHandler</name>
         <value>0x8971d</value>
         <object_component_ref idref="oc-336"/>
      </symbol>
      <symbol id="sm-c48">
         <name>_USBLibDMAInit</name>
         <value>0x88a22</value>
         <object_component_ref idref="oc-346"/>
      </symbol>
      <symbol id="sm-ca1">
         <name>_USBHHubInit</name>
         <value>0x869be</value>
         <object_component_ref idref="oc-33b"/>
      </symbol>
      <symbol id="sm-ca2">
         <name>_USBHHubOpen</name>
         <value>0x869a7</value>
         <object_component_ref idref="oc-33b"/>
      </symbol>
      <symbol id="sm-ca3">
         <name>_g_sUSBHubClassDriver</name>
         <value>0x90906</value>
         <object_component_ref idref="oc-23f"/>
      </symbol>
      <symbol id="sm-ca4">
         <name>_USBHHubClose</name>
         <value>0x869b5</value>
         <object_component_ref idref="oc-33b"/>
      </symbol>
      <symbol id="sm-ca5">
         <name>_USBHHubMain</name>
         <value>0x86898</value>
         <object_component_ref idref="oc-33b"/>
      </symbol>
      <symbol id="sm-ca6">
         <name>_USBHHubEnumerationComplete</name>
         <value>0x86985</value>
         <object_component_ref idref="oc-33b"/>
      </symbol>
      <symbol id="sm-ca7">
         <name>_USBHHubEnumerationError</name>
         <value>0x86996</value>
         <object_component_ref idref="oc-33b"/>
      </symbol>
      <symbol id="sm-ccf">
         <name>_USBDCDConfigGetInterface</name>
         <value>0x88855</value>
         <object_component_ref idref="oc-35b"/>
      </symbol>
      <symbol id="sm-cd0">
         <name>_USBDCDConfigDescGetNum</name>
         <value>0x887c4</value>
         <object_component_ref idref="oc-35b"/>
      </symbol>
      <symbol id="sm-cd1">
         <name>_USBDCDConfigDescGetSize</name>
         <value>0x887aa</value>
         <object_component_ref idref="oc-35b"/>
      </symbol>
      <symbol id="sm-cd2">
         <name>_USBDCDConfigGetInterfaceEndpoint</name>
         <value>0x8886e</value>
         <object_component_ref idref="oc-35b"/>
      </symbol>
      <symbol id="sm-cd3">
         <name>_USBDCDConfigDescGet</name>
         <value>0x887ea</value>
         <object_component_ref idref="oc-35b"/>
      </symbol>
      <symbol id="sm-cd4">
         <name>_USBDCDConfigGetNumAlternateInterfaces</name>
         <value>0x88830</value>
         <object_component_ref idref="oc-35b"/>
      </symbol>
      <symbol id="sm-d0d">
         <name>_USBDeviceConfigAlternate</name>
         <value>0x85f7a</value>
         <object_component_ref idref="oc-35c"/>
      </symbol>
      <symbol id="sm-d0e">
         <name>_USBDeviceConfig</name>
         <value>0x85e31</value>
         <object_component_ref idref="oc-35c"/>
      </symbol>
      <symbol id="sm-d29">
         <name>_c_int00</name>
         <value>0x89300</value>
         <object_component_ref idref="oc-80"/>
      </symbol>
      <symbol id="sm-d2a">
         <name>__stack</name>
         <value>0x400</value>
         <object_component_ref idref="oc-24e"/>
      </symbol>
      <symbol id="sm-d41">
         <name>FD$$DIV</name>
         <value>0x88e76</value>
         <object_component_ref idref="oc-254"/>
      </symbol>
      <symbol id="sm-d53">
         <name>FD$$MPY</name>
         <value>0x89011</value>
         <object_component_ref idref="oc-259"/>
      </symbol>
      <symbol id="sm-d5f">
         <name>FD$$SUB</name>
         <value>0x8973e</value>
         <object_component_ref idref="oc-25e"/>
      </symbol>
      <symbol id="sm-d6e">
         <name>FD$$TOL</name>
         <value>0x8962e</value>
         <object_component_ref idref="oc-263"/>
      </symbol>
      <symbol id="sm-d7a">
         <name>LL$$AND</name>
         <value>0x896dd</value>
         <object_component_ref idref="oc-268"/>
      </symbol>
      <symbol id="sm-d7b">
         <name>LL$$OR</name>
         <value>0x896e5</value>
         <object_component_ref idref="oc-268"/>
      </symbol>
      <symbol id="sm-d7c">
         <name>LL$$XOR</name>
         <value>0x896ed</value>
         <object_component_ref idref="oc-268"/>
      </symbol>
      <symbol id="sm-d8d">
         <name>UL$$TOFD</name>
         <value>0x896f5</value>
         <object_component_ref idref="oc-26d"/>
      </symbol>
      <symbol id="sm-d9c">
         <name>_copy_in</name>
         <value>0x895e9</value>
         <object_component_ref idref="oc-32f"/>
      </symbol>
      <symbol id="sm-dad">
         <name>_memcpy</name>
         <value>0x89688</value>
         <object_component_ref idref="oc-33c"/>
      </symbol>
      <symbol id="sm-db9">
         <name>__system_pre_init</name>
         <value>0x89792</value>
         <object_component_ref idref="oc-32e"/>
      </symbol>
      <symbol id="sm-dc6">
         <name>__system_post_cinit</name>
         <value>0x89794</value>
         <object_component_ref idref="oc-330"/>
      </symbol>
      <symbol id="sm-dda">
         <name>C$$EXIT</name>
         <value>0x8954d</value>
         <object_component_ref idref="oc-332"/>
      </symbol>
      <symbol id="sm-ddb">
         <name>_exit</name>
         <value>0x8954f</value>
         <object_component_ref idref="oc-332"/>
      </symbol>
      <symbol id="sm-ddc">
         <name>___TI_cleanup_ptr</name>
         <value>0xa33a</value>
         <object_component_ref idref="oc-288"/>
      </symbol>
      <symbol id="sm-ddd">
         <name>___TI_enable_exit_profile_output</name>
         <value>0xa338</value>
         <object_component_ref idref="oc-288"/>
      </symbol>
      <symbol id="sm-dde">
         <name>_abort</name>
         <value>0x8954d</value>
         <object_component_ref idref="oc-332"/>
      </symbol>
      <symbol id="sm-ddf">
         <name>___TI_dtors_ptr</name>
         <value>0xa33c</value>
         <object_component_ref idref="oc-288"/>
      </symbol>
      <symbol id="sm-df3">
         <name>__unlock</name>
         <value>0xa33e</value>
         <object_component_ref idref="oc-365"/>
      </symbol>
      <symbol id="sm-df4">
         <name>__lock</name>
         <value>0xa07e</value>
         <object_component_ref idref="oc-33e"/>
      </symbol>
      <symbol id="sm-df5">
         <name>__register_lock</name>
         <value>0x89769</value>
         <object_component_ref idref="oc-357"/>
      </symbol>
      <symbol id="sm-df6">
         <name>__nop</name>
         <value>0x8976d</value>
         <object_component_ref idref="oc-357"/>
      </symbol>
      <symbol id="sm-df7">
         <name>__register_unlock</name>
         <value>0x89765</value>
         <object_component_ref idref="oc-357"/>
      </symbol>
      <symbol id="sm-e06">
         <name>__args_main</name>
         <value>0x85fe7</value>
         <object_component_ref idref="oc-331"/>
      </symbol>
      <symbol id="sm-e12">
         <name>_atof</name>
         <value>0x8978b</value>
         <object_component_ref idref="oc-34b"/>
      </symbol>
      <symbol id="sm-e26">
         <name>_atoi</name>
         <value>0x89468</value>
         <object_component_ref idref="oc-34c"/>
      </symbol>
      <symbol id="sm-e2e">
         <name>__ctypes_</name>
         <value>0x90423</value>
         <object_component_ref idref="oc-35e"/>
      </symbol>
      <symbol id="sm-e3c">
         <name>_memset</name>
         <value>0x83ff4</value>
         <object_component_ref idref="oc-36a"/>
      </symbol>
      <symbol id="sm-e49">
         <name>_strlen</name>
         <value>0x87ff8</value>
         <object_component_ref idref="oc-342"/>
      </symbol>
      <symbol id="sm-ea5">
         <name>_strtod</name>
         <value>0x88204</value>
         <object_component_ref idref="oc-35d"/>
      </symbol>
      <symbol id="sm-ea6">
         <name>_strtof</name>
         <value>0x88204</value>
         <object_component_ref idref="oc-35d"/>
      </symbol>
      <symbol id="sm-eb4">
         <name>_vsprintf</name>
         <value>0x894c9</value>
         <object_component_ref idref="oc-340"/>
      </symbol>
      <symbol id="sm-ecc">
         <name>_scalbn</name>
         <value>0x892a6</value>
         <object_component_ref idref="oc-370"/>
      </symbol>
      <symbol id="sm-ecd">
         <name>_ldexp</name>
         <value>0x892a6</value>
         <object_component_ref idref="oc-370"/>
      </symbol>
      <symbol id="sm-ece">
         <name>_scalbnf</name>
         <value>0x892a6</value>
         <object_component_ref idref="oc-370"/>
      </symbol>
      <symbol id="sm-ecf">
         <name>_ldexpf</name>
         <value>0x892a6</value>
         <object_component_ref idref="oc-370"/>
      </symbol>
      <symbol id="sm-eea">
         <name>FD$$ADD</name>
         <value>0x88d47</value>
         <object_component_ref idref="oc-2bd"/>
      </symbol>
      <symbol id="sm-efb">
         <name>FS$$DIV</name>
         <value>0x88f01</value>
         <object_component_ref idref="oc-2c2"/>
      </symbol>
      <symbol id="sm-f05">
         <name>_errno</name>
         <value>0xa43f</value>
         <object_component_ref idref="oc-2c9"/>
      </symbol>
      <symbol id="sm-1064">
         <name>___TI_printfi</name>
         <value>0x84bd0</value>
         <object_component_ref idref="oc-359"/>
      </symbol>
      <symbol id="sm-1072">
         <name>_ltoa</name>
         <value>0x89499</value>
         <object_component_ref idref="oc-366"/>
      </symbol>
      <symbol id="sm-1081">
         <name>_memccpy</name>
         <value>0x8974c</value>
         <object_component_ref idref="oc-36c"/>
      </symbol>
      <symbol id="sm-1090">
         <name>_strchr</name>
         <value>0x89759</value>
         <object_component_ref idref="oc-369"/>
      </symbol>
      <symbol id="sm-109d">
         <name>_strcpy</name>
         <value>0x89786</value>
         <object_component_ref idref="oc-36b"/>
      </symbol>
      <symbol id="sm-10a9">
         <name>_copysignf</name>
         <value>0x8970b</value>
         <object_component_ref idref="oc-374"/>
      </symbol>
      <symbol id="sm-10aa">
         <name>_copysign</name>
         <value>0x8970b</value>
         <object_component_ref idref="oc-374"/>
      </symbol>
      <symbol id="sm-10bd">
         <name>_frexpl</name>
         <value>0x8924c</value>
         <object_component_ref idref="oc-367"/>
      </symbol>
      <symbol id="sm-10db">
         <name>_scalbnl</name>
         <value>0x88b51</value>
         <object_component_ref idref="oc-368"/>
      </symbol>
      <symbol id="sm-10dc">
         <name>_ldexpl</name>
         <value>0x88b51</value>
         <object_component_ref idref="oc-368"/>
      </symbol>
      <symbol id="sm-10e9">
         <name>_copysignl</name>
         <value>0x895c4</value>
         <object_component_ref idref="oc-373"/>
      </symbol>
      <symbol id="sm-10f9">
         <name>FD$$CMP</name>
         <value>0x894f9</value>
         <object_component_ref idref="oc-2fc"/>
      </symbol>
      <symbol id="sm-1106">
         <name>FD$$NEG</name>
         <value>0x8976e</value>
         <object_component_ref idref="oc-301"/>
      </symbol>
      <symbol id="sm-1115">
         <name>FD$$TOI</name>
         <value>0x8960d</value>
         <object_component_ref idref="oc-306"/>
      </symbol>
      <symbol id="sm-1123">
         <name>ULL$$CMP</name>
         <value>0x8965f</value>
         <object_component_ref idref="oc-30b"/>
      </symbol>
      <symbol id="sm-1124">
         <name>LL$$CMP</name>
         <value>0x8964d</value>
         <object_component_ref idref="oc-30b"/>
      </symbol>
      <symbol id="sm-1150">
         <name>ULL$$MOD</name>
         <value>0x88945</value>
         <object_component_ref idref="oc-310"/>
      </symbol>
      <symbol id="sm-1151">
         <name>ULL$$DIV</name>
         <value>0x88916</value>
         <object_component_ref idref="oc-310"/>
      </symbol>
      <symbol id="sm-1152">
         <name>LL$$MOD</name>
         <value>0x888dc</value>
         <object_component_ref idref="oc-310"/>
      </symbol>
      <symbol id="sm-1153">
         <name>LL$$DIV</name>
         <value>0x888a0</value>
         <object_component_ref idref="oc-310"/>
      </symbol>
      <symbol id="sm-1163">
         <name>I$$TOFD</name>
         <value>0x8966b</value>
         <object_component_ref idref="oc-315"/>
      </symbol>
      <symbol id="sm-1173">
         <name>L$$TOFD</name>
         <value>0x896c1</value>
         <object_component_ref idref="oc-31a"/>
      </symbol>
      <symbol id="sm-117f">
         <name>UL$$MOD</name>
         <value>0x89547</value>
         <object_component_ref idref="oc-31f"/>
      </symbol>
      <symbol id="sm-1180">
         <name>L$$MOD</name>
         <value>0x89532</value>
         <object_component_ref idref="oc-31f"/>
      </symbol>
      <symbol id="sm-1181">
         <name>L$$DIV</name>
         <value>0x89523</value>
         <object_component_ref idref="oc-31f"/>
      </symbol>
      <symbol id="sm-1182">
         <name>UL$$DIV</name>
         <value>0x89540</value>
         <object_component_ref idref="oc-31f"/>
      </symbol>
      <symbol id="sm-1192">
         <name>FS$$TOFD</name>
         <value>0x896a5</value>
         <object_component_ref idref="oc-324"/>
      </symbol>
      <symbol id="sm-11a0">
         <name>_wcslen</name>
         <value>0x89777</value>
         <object_component_ref idref="oc-36d"/>
      </symbol>
   </symbol_table>
   <title>Link successful</title>
</link_info>
