******************************************************************************
             TMS320C2000 Linker PC v18.1.4                     
******************************************************************************
>> Linked Fri Jan 18 21:18:57 2019

OUTPUT FILE NAME:   <Project.out>
ENTRY POINT SYMBOL: "_c_int00"  address: 00089300


MEMORY CONFIGURATION

         name            origin    length      used     unused   attr    fill
----------------------  --------  ---------  --------  --------  ----  --------
PAGE 0:
  RAMM0                 00000122   000002de  00000000  000002de  RWIX
  RAMLS0                00008000   00000800  0000003f  000007c1  RWIX
  RAMD0                 0000b000   00000800  00000000  00000800  RWIX
  BEGIN                 00080000   00000002  00000002  00000000  RWIX
  FLASHA                00080002   00001ffe  00000000  00001ffe  RWIX
  FLASHB                00082000   00002000  00001ffe  00000002  RWIX
  FLASHC                00084000   00002000  00002000  00000000  RWIX
  FLASHD                00086000   00002000  00001fff  00000001  RWIX
  FLASHE                00088000   00008000  00001795  0000686b  RWIX
  FLASHF                00090000   00008000  0000091a  000076e6  RWIX
  FLASHG                00098000   00008000  00000000  00008000  RWIX
  FLASHH                000a0000   00008000  00000000  00008000  RWIX
  FLASHI                000a8000   00008000  00000000  00008000  RWIX
  FLASHJ                000b0000   00008000  00000000  00008000  RWIX
  FLASHK                000b8000   00002000  00000000  00002000  RWIX
  FLASHL                000ba000   00002000  00000000  00002000  RWIX
  FLASHM                000bc000   00002000  00000000  00002000  RWIX
  FLASHN                000be000   00002000  00000000  00002000  RWIX
  RESET                 003fffc0   00000002  00000000  00000002  RWIX

PAGE 1:
  BOOT_RSVD             00000002   00000120  00000000  00000120  RWIX
  RAMM1                 00000400   00000400  00000200  00000200  RWIX
  ADCA_RESULT           00000b00   00000020  00000018  00000008  RWIX
  ADCB_RESULT           00000b20   00000020  00000018  00000008  RWIX
  ADCC_RESULT           00000b40   00000020  00000018  00000008  RWIX
  ADCD_RESULT           00000b60   00000020  00000018  00000008  RWIX
  CPU_TIMER0            00000c00   00000008  00000008  00000000  RWIX
  CPU_TIMER1            00000c08   00000008  00000008  00000000  RWIX
  CPU_TIMER2            00000c10   00000008  00000008  00000000  RWIX
  PIE_CTRL              00000ce0   00000020  0000001a  00000006  RWIX
  PIE_VECT              00000d00   00000200  000001c0  00000040  RWIX
  DMA                   00001000   00000200  000000e0  00000120  RWIX
  CLA1                  00001400   00000040  0000003e  00000002  RWIX
  EPWM1                 00004000   00000100  00000100  00000000  RWIX
  EPWM2                 00004100   00000100  00000100  00000000  RWIX
  EPWM3                 00004200   00000100  00000100  00000000  RWIX
  EPWM4                 00004300   00000100  00000100  00000000  RWIX
  EPWM5                 00004400   00000100  00000100  00000000  RWIX
  EPWM6                 00004500   00000100  00000100  00000000  RWIX
  EPWM7                 00004600   00000100  00000100  00000000  RWIX
  EPWM8                 00004700   00000100  00000100  00000000  RWIX
  EPWM9                 00004800   00000100  00000100  00000000  RWIX
  EPWM10                00004900   00000100  00000100  00000000  RWIX
  EPWM11                00004a00   00000100  00000100  00000000  RWIX
  EPWM12                00004b00   00000100  00000100  00000000  RWIX
  ECAP1                 00005000   00000020  00000020  00000000  RWIX
  ECAP2                 00005020   00000020  00000020  00000000  RWIX
  ECAP3                 00005040   00000020  00000020  00000000  RWIX
  ECAP4                 00005060   00000020  00000020  00000000  RWIX
  ECAP5                 00005080   00000020  00000020  00000000  RWIX
  ECAP6                 000050a0   00000020  00000020  00000000  RWIX
  EQEP1                 00005100   00000040  00000022  0000001e  RWIX
  EQEP2                 00005140   00000040  00000022  0000001e  RWIX
  EQEP3                 00005180   00000040  00000022  0000001e  RWIX
  DACA                  00005c00   00000010  00000008  00000008  RWIX
  DACB                  00005c10   00000010  00000008  00000008  RWIX
  DACC                  00005c20   00000010  00000008  00000008  RWIX
  CMPSS1                00005c80   00000020  00000020  00000000  RWIX
  CMPSS2                00005ca0   00000020  00000020  00000000  RWIX
  CMPSS3                00005cc0   00000020  00000020  00000000  RWIX
  CMPSS4                00005ce0   00000020  00000020  00000000  RWIX
  CMPSS5                00005d00   00000020  00000020  00000000  RWIX
  CMPSS6                00005d20   00000020  00000020  00000000  RWIX
  CMPSS7                00005d40   00000020  00000020  00000000  RWIX
  CMPSS8                00005d60   00000020  00000020  00000000  RWIX
  SDFM1                 00005e00   00000080  00000080  00000000  RWIX
  SDFM2                 00005e80   00000080  00000080  00000000  RWIX
  MCBSPA                00006000   00000040  00000024  0000001c  RWIX
  MCBSPB                00006040   00000040  00000024  0000001c  RWIX
  SPIA                  00006100   00000010  00000010  00000000  RWIX
  SPIB                  00006110   00000010  00000010  00000000  RWIX
  SPIC                  00006120   00000010  00000010  00000000  RWIX
  SPID                  00006130   00000010  00000000  00000010  RWIX
  UPP                   00006200   00000100  00000048  000000b8  RWIX
  WD                    00007000   00000040  0000002b  00000015  RWIX
  NMIINTRUPT            00007060   00000010  00000007  00000009  RWIX
  XINT                  00007070   00000010  0000000b  00000005  RWIX
  SCIA                  00007200   00000010  00000010  00000000  RWIX
  SCIB                  00007210   00000010  00000010  00000000  RWIX
  SCIC                  00007220   00000010  00000010  00000000  RWIX
  SCID                  00007230   00000010  00000010  00000000  RWIX
  I2CA                  00007300   00000040  00000022  0000001e  RWIX
  I2CB                  00007340   00000040  00000022  0000001e  RWIX
  ADCA                  00007400   00000080  00000080  00000000  RWIX
  ADCB                  00007480   00000080  00000080  00000000  RWIX
  ADCC                  00007500   00000080  00000080  00000000  RWIX
  ADCD                  00007580   00000080  00000080  00000000  RWIX
  INPUT_XBAR            00007900   00000020  00000020  00000000  RWIX
  XBAR                  00007920   00000020  00000020  00000000  RWIX
  SYNC_SOC              00007940   00000010  00000006  0000000a  RWIX
  DMACLASRCSEL          00007980   00000040  0000001a  00000026  RWIX
  EPWM_XBAR             00007a00   00000040  00000040  00000000  RWIX
  CLB_XBAR              00007a40   00000040  00000000  00000040  RWIX
  OUTPUT_XBAR           00007a80   00000040  00000040  00000000  RWIX
  GPIOCTRL              00007c00   00000180  00000180  00000000  RWIX
  GPIODAT               00007f00   00000030  00000030  00000000  RWIX
  RAMLS1_4              00008800   00002000  00001ee2  0000011e  RWIX
  RAMLS5                0000a800   00000800  00000000  00000800  RWIX
  RAMD1                 0000b800   00000800  00000000  00000800  RWIX
  RAMGS0                0000c000   00001000  00000000  00001000  RWIX
  RAMGS1                0000d000   00001000  00000000  00001000  RWIX
  RAMGS2                0000e000   00001000  00000000  00001000  RWIX
  RAMGS3                0000f000   00001000  00000000  00001000  RWIX
  RAMGS4                00010000   00001000  00000000  00001000  RWIX
  RAMGS5                00011000   00001000  00000000  00001000  RWIX
  RAMGS6                00012000   00001000  00000000  00001000  RWIX
  RAMGS7                00013000   00001000  00000000  00001000  RWIX
  RAMGS8                00014000   00001000  00000000  00001000  RWIX
  RAMGS9                00015000   00001000  00000000  00001000  RWIX
  RAMGS10               00016000   00001000  00000000  00001000  RWIX
  RAMGS11               00017000   00001000  00000000  00001000  RWIX
  RAMGS12               00018000   00001000  00000000  00001000  RWIX
  RAMGS13               00019000   00001000  00000000  00001000  RWIX
  RAMGS14               0001a000   00001000  00000000  00001000  RWIX
  RAMGS15               0001b000   00001000  00000000  00001000  RWIX
  CPU2TOCPU1RAM         0003f800   00000400  00000000  00000400  RWIX
  CPU1TOCPU2RAM         0003fc00   00000400  00000088  00000378  RWIX
  EMIF1                 00047000   00000800  00000070  00000790  RWIX
  EMIF2                 00047800   00000800  00000070  00000790  RWIX
  CANA                  00048000   00000800  00000164  0000069c  RWIX
  CANB                  0004a000   00000800  00000164  0000069c  RWIX
  IPC                   00050000   00000024  00000024  00000000  RWIX
  FLASHPUMPSEMAPHORE    00050024   00000002  00000002  00000000  RWIX
  DEV_CFG               0005d000   00000180  0000012e  00000052  RWIX
  ANALOG_SUBSYS         0005d180   00000080  00000048  00000038  RWIX
  CLK_CFG               0005d200   00000100  00000032  000000ce  RWIX
  CPU_SYS               0005d300   00000100  00000082  0000007e  RWIX
  ROMPREFETCH           0005e608   00000002  00000002  00000000  RWIX
  DCSM_Z1               0005f000   00000030  00000024  0000000c  RWIX
  DCSM_Z2               0005f040   00000030  00000024  0000000c  RWIX
  DCSM_COMMON           0005f070   00000010  00000008  00000008  RWIX
  MEMCFG                0005f400   00000080  00000080  00000000  RWIX
  EMIF1CONFIG           0005f480   00000020  00000020  00000000  RWIX
  EMIF2CONFIG           0005f4a0   00000020  00000020  00000000  RWIX
  ACCESSPROTECTION      0005f4c0   00000040  00000040  00000000  RWIX
  MEMORYERROR           0005f500   00000040  00000040  00000000  RWIX
  ROMWAITSTATE          0005f540   00000002  00000002  00000000  RWIX
  FLASH0_CTRL           0005f800   00000300  00000182  0000017e  RWIX
  FLASH0_ECC            0005fb00   00000040  00000028  00000018  RWIX
  DCSM_Z1_OTP           00078000   00000020  00000020  00000000  RWIX
  DCSM_Z2_OTP           00078200   00000020  00000020  00000000  RWIX


SECTION ALLOCATION MAP

 output                                  attributes/
section   page    origin      length       input sections
--------  ----  ----------  ----------   ----------------
.cinit     0    00082000    00000276     
                  00082000    00000094     Bsp_Usart.obj (.cinit)
                  00082094    00000090     F2837xD_struct.obj (.cinit)
                  00082124    00000046     usblib.lib : usbhostenum.obj (.cinit)
                  0008216a    00000041     Mod_StdbusMaster.obj (.cinit)
                  000821ab    00000041     Mod_StdbusSlave.obj (.cinit)
                  000821ec    00000014     Mod_Usb4000.obj (.cinit)
                  00082200    0000000e     rts2800_fpu32.lib : exit.c.obj (.cinit)
                  0008220e    0000000e     usblib.lib : usbtick.obj (.cinit)
                  0008221c    0000000d                : usbmode.obj (.cinit)
                  00082229    0000000b     Mod_UsbHost.obj (.cinit)
                  00082234    0000000a     Bsp_Timer.obj (.cinit)
                  0008223e    00000009     uartstdio.obj (.cinit)
                  00082247    00000008     Mod_StdbusCode.obj (.cinit)
                  0008224f    00000007     Bsp_SoftTimer.obj (.cinit)
                  00082256    00000007     usbhspe.obj (.cinit)
                  0008225d    00000005     rts2800_fpu32.lib : _lock.c.obj (.cinit:__lock)
                  00082262    00000005                       : _lock.c.obj (.cinit:__unlock)
                  00082267    00000005     usblib.lib : usbdenum.obj (.cinit)
                  0008226c    00000004     F2837xD_sci_io.obj (.cinit)
                  00082270    00000004     rts2800_fpu32.lib : errno.c.obj (.cinit)
                  00082274    00000002     --HOLE-- [fill = 0]

.pinit     0    00082000    00000000     UNINITIALIZED

codestart 
*          0    00080000    00000002     
                  00080000    00000002     F2837xD_CodeStartBranch.obj (codestart)

.stack     1    00000400    00000200     UNINITIALIZED
                  00000400    00000200     --HOLE--

.reset     0    003fffc0    00000002     DSECT
                  003fffc0    00000002     rts2800_fpu32.lib : boot28.asm.obj (.reset)

.TI.ramfunc 
*          0    00086000    0000003f     RUN ADDR = 00008000
                  00086000    00000037     F2837xD_SysCtrl.obj (.TI.ramfunc)
                  00086037    00000004     F2837xD_usDelay.obj (.TI.ramfunc)
                  0008603b    00000004     sysctl.obj (.TI.ramfunc)

PUTBUFFER 
*          1    0003fc00    00000080     UNINITIALIZED
                  0003fc00    00000080     F2837xD_Ipc_Driver.obj (PUTBUFFER)

PUTWRITEIDX 
*          1    0003fc80    00000004     UNINITIALIZED
                  0003fc80    00000004     F2837xD_Ipc_Driver.obj (PUTWRITEIDX)

GETREADIDX 
*          1    0003fc84    00000004     UNINITIALIZED
                  0003fc84    00000004     F2837xD_Ipc_Driver.obj (GETREADIDX)

GETBUFFER 
*          0    0003f800    00000080     DSECT
                  0003f800    00000080     F2837xD_Ipc_Driver.obj (GETBUFFER)

GETWRITEIDX 
*          0    0003f880    00000004     DSECT
                  0003f880    00000004     F2837xD_Ipc_Driver.obj (GETWRITEIDX)

PUTREADIDX 
*          0    0003f884    00000004     DSECT
                  0003f884    00000004     F2837xD_Ipc_Driver.obj (PUTREADIDX)

.econst    0    00090000    0000091a     
                  00090000    000001c0     F2837xD_PieVect.obj (.econst:_PieVectTableInit)
                  000901c0    00000157     App_Main.obj (.econst:.string)
                  00090317    00000001     --HOLE-- [fill = 0]
                  00090318    0000010b     Mod_UsbHost.obj (.econst:.string)
                  00090423    00000101     rts2800_fpu32.lib : ctype.c.obj (.econst:.string:__ctypes_)
                  00090524    00000100     Mod_CRC16.obj (.econst:.string:_auch_CRCHi)
                  00090624    00000100     Mod_CRC16.obj (.econst:.string:_auch_CRCLo)
                  00090724    0000005b     usbhspe.obj (.econst:.string)
                  0009077f    00000001     --HOLE-- [fill = 0]
                  00090780    0000004d     Mod_Usb4000.obj (.econst:.string)
                  000907cd    00000001     --HOLE-- [fill = 0]
                  000907ce    00000026     rts2800_fpu32.lib : _printfi.c.obj (.econst:.string)
                  000907f4    00000022     uartstdio.obj (.econst:.string)
                  00090816    00000020     rts2800_fpu32.lib : strtod.c.obj (.econst:_digits)
                  00090836    0000001c                       : _printfi.c.obj (.econst)
                  00090852    0000001c                       : s_scalbn.c.obj (.econst)
                  0009086e    0000001a     usblib.lib : usbdenum.obj (.econst:_g_psUSBDStdRequests)
                  00090888    00000017     Bsp_Usart.obj (.econst:.string)
                  0009089f    00000001     --HOLE-- [fill = 0]
                  000908a0    00000017     Mod_StdbusMaster.obj (.econst:.string)
                  000908b7    00000001     --HOLE-- [fill = 0]
                  000908b8    00000011     Mod_StdbusSlave.obj (.econst:.string)
                  000908c9    00000001     --HOLE-- [fill = 0]
                  000908ca    0000000c     Bsp_SoftTimer.obj (.econst)
                  000908d6    0000000c     rts2800_fpu32.lib : strtod.c.obj (.econst:_powerof10)
                  000908e2    0000000c     usb_hal.obj (.econst)
                  000908ee    00000008     Mod_UsbHost.obj (.econst:_g_sUSBEventDriver)
                  000908f6    00000008     usbhspe.obj (.econst:_g_sUSBHostSPEClassDriver)
                  000908fe    00000008     rts2800_fpu32.lib : s_frexp.c.obj (.econst)
                  00090906    00000008     usblib.lib : usbhhub.obj (.econst)
                  0009090e    00000006     rts2800_fpu32.lib : s_scalbnf.c.obj (.econst)
                  00090914    00000004     Mod_UsbHost.obj (.econst:_g_ppHostClassDrivers)
                  00090918    00000002     uartstdio.obj (.econst)

AdcaResultFile 
*          1    00000b00    00000018     UNINITIALIZED
                  00000b00    00000018     F2837xD_GlobalVariableDefs.obj (AdcaResultFile)

AdcbResultFile 
*          1    00000b20    00000018     UNINITIALIZED
                  00000b20    00000018     F2837xD_GlobalVariableDefs.obj (AdcbResultFile)

AdccResultFile 
*          1    00000b40    00000018     UNINITIALIZED
                  00000b40    00000018     F2837xD_GlobalVariableDefs.obj (AdccResultFile)

AdcdResultFile 
*          1    00000b60    00000018     UNINITIALIZED
                  00000b60    00000018     F2837xD_GlobalVariableDefs.obj (AdcdResultFile)

CpuTimer0RegsFile 
*          1    00000c00    00000008     UNINITIALIZED
                  00000c00    00000008     F2837xD_GlobalVariableDefs.obj (CpuTimer0RegsFile)

CpuTimer1RegsFile 
*          1    00000c08    00000008     UNINITIALIZED
                  00000c08    00000008     F2837xD_GlobalVariableDefs.obj (CpuTimer1RegsFile)

CpuTimer2RegsFile 
*          1    00000c10    00000008     UNINITIALIZED
                  00000c10    00000008     F2837xD_GlobalVariableDefs.obj (CpuTimer2RegsFile)

PieCtrlRegsFile 
*          1    00000ce0    0000001a     UNINITIALIZED
                  00000ce0    0000001a     F2837xD_GlobalVariableDefs.obj (PieCtrlRegsFile)

PieVectTableFile 
*          1    00000d00    000001c0     UNINITIALIZED
                  00000d00    000001c0     F2837xD_GlobalVariableDefs.obj (PieVectTableFile)

EmuKeyVar 
*          1    00000d00    00000001     UNINITIALIZED
                  00000d00    00000001     F2837xD_GlobalVariableDefs.obj (EmuKeyVar)

EmuBModeVar 
*          1    00000d01    00000001     UNINITIALIZED
                  00000d01    00000001     F2837xD_GlobalVariableDefs.obj (EmuBModeVar)

FlashCallbackVar 
*          1    00000d02    00000000     UNINITIALIZED

FlashScalingVar 
*          1    00000d02    00000000     UNINITIALIZED

DmaRegsFile 
*          1    00001000    000000e0     UNINITIALIZED
                  00001000    000000e0     F2837xD_GlobalVariableDefs.obj (DmaRegsFile)

Cla1RegsFile 
*          1    00001400    0000003e     UNINITIALIZED
                  00001400    0000003e     F2837xD_GlobalVariableDefs.obj (Cla1RegsFile)

EPwm1RegsFile 
*          1    00004000    00000100     UNINITIALIZED
                  00004000    00000100     F2837xD_GlobalVariableDefs.obj (EPwm1RegsFile)

EPwm2RegsFile 
*          1    00004100    00000100     UNINITIALIZED
                  00004100    00000100     F2837xD_GlobalVariableDefs.obj (EPwm2RegsFile)

EPwm3RegsFile 
*          1    00004200    00000100     UNINITIALIZED
                  00004200    00000100     F2837xD_GlobalVariableDefs.obj (EPwm3RegsFile)

EPwm4RegsFile 
*          1    00004300    00000100     UNINITIALIZED
                  00004300    00000100     F2837xD_GlobalVariableDefs.obj (EPwm4RegsFile)

EPwm5RegsFile 
*          1    00004400    00000100     UNINITIALIZED
                  00004400    00000100     F2837xD_GlobalVariableDefs.obj (EPwm5RegsFile)

EPwm6RegsFile 
*          1    00004500    00000100     UNINITIALIZED
                  00004500    00000100     F2837xD_GlobalVariableDefs.obj (EPwm6RegsFile)

EPwm7RegsFile 
*          1    00004600    00000100     UNINITIALIZED
                  00004600    00000100     F2837xD_GlobalVariableDefs.obj (EPwm7RegsFile)

EPwm8RegsFile 
*          1    00004700    00000100     UNINITIALIZED
                  00004700    00000100     F2837xD_GlobalVariableDefs.obj (EPwm8RegsFile)

EPwm9RegsFile 
*          1    00004800    00000100     UNINITIALIZED
                  00004800    00000100     F2837xD_GlobalVariableDefs.obj (EPwm9RegsFile)

EPwm10RegsFile 
*          1    00004900    00000100     UNINITIALIZED
                  00004900    00000100     F2837xD_GlobalVariableDefs.obj (EPwm10RegsFile)

EPwm11RegsFile 
*          1    00004a00    00000100     UNINITIALIZED
                  00004a00    00000100     F2837xD_GlobalVariableDefs.obj (EPwm11RegsFile)

EPwm12RegsFile 
*          1    00004b00    00000100     UNINITIALIZED
                  00004b00    00000100     F2837xD_GlobalVariableDefs.obj (EPwm12RegsFile)

ECap1RegsFile 
*          1    00005000    00000020     UNINITIALIZED
                  00005000    00000020     F2837xD_GlobalVariableDefs.obj (ECap1RegsFile)

ECap2RegsFile 
*          1    00005020    00000020     UNINITIALIZED
                  00005020    00000020     F2837xD_GlobalVariableDefs.obj (ECap2RegsFile)

ECap3RegsFile 
*          1    00005040    00000020     UNINITIALIZED
                  00005040    00000020     F2837xD_GlobalVariableDefs.obj (ECap3RegsFile)

ECap4RegsFile 
*          1    00005060    00000020     UNINITIALIZED
                  00005060    00000020     F2837xD_GlobalVariableDefs.obj (ECap4RegsFile)

ECap5RegsFile 
*          1    00005080    00000020     UNINITIALIZED
                  00005080    00000020     F2837xD_GlobalVariableDefs.obj (ECap5RegsFile)

ECap6RegsFile 
*          1    000050a0    00000020     UNINITIALIZED
                  000050a0    00000020     F2837xD_GlobalVariableDefs.obj (ECap6RegsFile)

EQep1RegsFile 
*          1    00005100    00000022     UNINITIALIZED
                  00005100    00000022     F2837xD_GlobalVariableDefs.obj (EQep1RegsFile)

EQep2RegsFile 
*          1    00005140    00000022     UNINITIALIZED
                  00005140    00000022     F2837xD_GlobalVariableDefs.obj (EQep2RegsFile)

EQep3RegsFile 
*          1    00005180    00000022     UNINITIALIZED
                  00005180    00000022     F2837xD_GlobalVariableDefs.obj (EQep3RegsFile)

DacaRegsFile 
*          1    00005c00    00000008     UNINITIALIZED
                  00005c00    00000008     F2837xD_GlobalVariableDefs.obj (DacaRegsFile)

DacbRegsFile 
*          1    00005c10    00000008     UNINITIALIZED
                  00005c10    00000008     F2837xD_GlobalVariableDefs.obj (DacbRegsFile)

DaccRegsFile 
*          1    00005c20    00000008     UNINITIALIZED
                  00005c20    00000008     F2837xD_GlobalVariableDefs.obj (DaccRegsFile)

Sdfm1RegsFile 
*          1    00005e00    00000080     UNINITIALIZED
                  00005e00    00000080     F2837xD_GlobalVariableDefs.obj (Sdfm1RegsFile)

Sdfm2RegsFile 
*          1    00005e80    00000080     UNINITIALIZED
                  00005e80    00000080     F2837xD_GlobalVariableDefs.obj (Sdfm2RegsFile)

McbspaRegsFile 
*          1    00006000    00000024     UNINITIALIZED
                  00006000    00000024     F2837xD_GlobalVariableDefs.obj (McbspaRegsFile)

McbspbRegsFile 
*          1    00006040    00000024     UNINITIALIZED
                  00006040    00000024     F2837xD_GlobalVariableDefs.obj (McbspbRegsFile)

SpiaRegsFile 
*          1    00006100    00000010     UNINITIALIZED
                  00006100    00000010     F2837xD_GlobalVariableDefs.obj (SpiaRegsFile)

SpibRegsFile 
*          1    00006110    00000010     UNINITIALIZED
                  00006110    00000010     F2837xD_GlobalVariableDefs.obj (SpibRegsFile)

SpicRegsFile 
*          1    00006120    00000010     UNINITIALIZED
                  00006120    00000010     F2837xD_GlobalVariableDefs.obj (SpicRegsFile)

UppRegsFile 
*          1    00006200    00000048     UNINITIALIZED
                  00006200    00000048     F2837xD_GlobalVariableDefs.obj (UppRegsFile)

WdRegsFile 
*          1    00007000    0000002b     UNINITIALIZED
                  00007000    0000002b     F2837xD_GlobalVariableDefs.obj (WdRegsFile)

NmiIntruptRegsFile 
*          1    00007060    00000007     UNINITIALIZED
                  00007060    00000007     F2837xD_GlobalVariableDefs.obj (NmiIntruptRegsFile)

XintRegsFile 
*          1    00007070    0000000b     UNINITIALIZED
                  00007070    0000000b     F2837xD_GlobalVariableDefs.obj (XintRegsFile)

SciaRegsFile 
*          1    00007200    00000010     UNINITIALIZED
                  00007200    00000010     F2837xD_GlobalVariableDefs.obj (SciaRegsFile)

ScibRegsFile 
*          1    00007210    00000010     UNINITIALIZED
                  00007210    00000010     F2837xD_GlobalVariableDefs.obj (ScibRegsFile)

ScicRegsFile 
*          1    00007220    00000010     UNINITIALIZED
                  00007220    00000010     F2837xD_GlobalVariableDefs.obj (ScicRegsFile)

ScidRegsFile 
*          1    00007230    00000010     UNINITIALIZED
                  00007230    00000010     F2837xD_GlobalVariableDefs.obj (ScidRegsFile)

I2caRegsFile 
*          1    00007300    00000022     UNINITIALIZED
                  00007300    00000022     F2837xD_GlobalVariableDefs.obj (I2caRegsFile)

I2cbRegsFile 
*          1    00007340    00000022     UNINITIALIZED
                  00007340    00000022     F2837xD_GlobalVariableDefs.obj (I2cbRegsFile)

AdcaRegsFile 
*          1    00007400    00000080     UNINITIALIZED
                  00007400    00000080     F2837xD_GlobalVariableDefs.obj (AdcaRegsFile)

AdcbRegsFile 
*          1    00007480    00000080     UNINITIALIZED
                  00007480    00000080     F2837xD_GlobalVariableDefs.obj (AdcbRegsFile)

AdccRegsFile 
*          1    00007500    00000080     UNINITIALIZED
                  00007500    00000080     F2837xD_GlobalVariableDefs.obj (AdccRegsFile)

AdcdRegsFile 
*          1    00007580    00000080     UNINITIALIZED
                  00007580    00000080     F2837xD_GlobalVariableDefs.obj (AdcdRegsFile)

CanaRegsFile 
*          1    00048000    00000164     UNINITIALIZED
                  00048000    00000164     F2837xD_GlobalVariableDefs.obj (CanaRegsFile)

CanbRegsFile 
*          1    0004a000    00000164     UNINITIALIZED
                  0004a000    00000164     F2837xD_GlobalVariableDefs.obj (CanbRegsFile)

AnalogSubsysRegsFile 
*          1    0005d180    00000048     UNINITIALIZED
                  0005d180    00000048     F2837xD_GlobalVariableDefs.obj (AnalogSubsysRegsFile)

Cla1SoftIntRegsFile 
*          1    00000ce0    00000004     DSECT
                  00000ce0    00000004     F2837xD_GlobalVariableDefs.obj (Cla1SoftIntRegsFile)

Cmpss1RegsFile 
*          1    00005c80    00000020     UNINITIALIZED
                  00005c80    00000020     F2837xD_GlobalVariableDefs.obj (Cmpss1RegsFile)

Cmpss2RegsFile 
*          1    00005ca0    00000020     UNINITIALIZED
                  00005ca0    00000020     F2837xD_GlobalVariableDefs.obj (Cmpss2RegsFile)

Cmpss3RegsFile 
*          1    00005cc0    00000020     UNINITIALIZED
                  00005cc0    00000020     F2837xD_GlobalVariableDefs.obj (Cmpss3RegsFile)

Cmpss4RegsFile 
*          1    00005ce0    00000020     UNINITIALIZED
                  00005ce0    00000020     F2837xD_GlobalVariableDefs.obj (Cmpss4RegsFile)

Cmpss5RegsFile 
*          1    00005d00    00000020     UNINITIALIZED
                  00005d00    00000020     F2837xD_GlobalVariableDefs.obj (Cmpss5RegsFile)

Cmpss6RegsFile 
*          1    00005d20    00000020     UNINITIALIZED
                  00005d20    00000020     F2837xD_GlobalVariableDefs.obj (Cmpss6RegsFile)

Cmpss7RegsFile 
*          1    00005d40    00000020     UNINITIALIZED
                  00005d40    00000020     F2837xD_GlobalVariableDefs.obj (Cmpss7RegsFile)

Cmpss8RegsFile 
*          1    00005d60    00000020     UNINITIALIZED
                  00005d60    00000020     F2837xD_GlobalVariableDefs.obj (Cmpss8RegsFile)

InputXbarRegsFile 
*          1    00007900    00000020     UNINITIALIZED
                  00007900    00000020     F2837xD_GlobalVariableDefs.obj (InputXbarRegsFile)

XbarRegsFile 
*          1    00007920    00000020     UNINITIALIZED
                  00007920    00000020     F2837xD_GlobalVariableDefs.obj (XbarRegsFile)

SyncSocRegsFile 
*          1    00007940    00000006     UNINITIALIZED
                  00007940    00000006     F2837xD_GlobalVariableDefs.obj (SyncSocRegsFile)

DmaClaSrcSelRegsFile 
*          1    00007980    0000001a     UNINITIALIZED
                  00007980    0000001a     F2837xD_GlobalVariableDefs.obj (DmaClaSrcSelRegsFile)

EPwmXbarRegsFile 
*          1    00007a00    00000040     UNINITIALIZED
                  00007a00    00000040     F2837xD_GlobalVariableDefs.obj (EPwmXbarRegsFile)

OutputXbarRegsFile 
*          1    00007a80    00000040     UNINITIALIZED
                  00007a80    00000040     F2837xD_GlobalVariableDefs.obj (OutputXbarRegsFile)

GpioCtrlRegsFile 
*          1    00007c00    00000180     UNINITIALIZED
                  00007c00    00000180     F2837xD_GlobalVariableDefs.obj (GpioCtrlRegsFile)

GpioDataRegsFile 
*          1    00007f00    00000030     UNINITIALIZED
                  00007f00    00000030     F2837xD_GlobalVariableDefs.obj (GpioDataRegsFile)

Emif1RegsFile 
*          1    00047000    00000070     UNINITIALIZED
                  00047000    00000070     F2837xD_GlobalVariableDefs.obj (Emif1RegsFile)

Emif2RegsFile 
*          1    00047800    00000070     UNINITIALIZED
                  00047800    00000070     F2837xD_GlobalVariableDefs.obj (Emif2RegsFile)

IpcRegsFile 
*          1    00050000    00000024     UNINITIALIZED
                  00050000    00000024     F2837xD_GlobalVariableDefs.obj (IpcRegsFile)

FlashPumpSemaphoreRegsFile 
*          1    00050024    00000002     UNINITIALIZED
                  00050024    00000002     F2837xD_GlobalVariableDefs.obj (FlashPumpSemaphoreRegsFile)

RomPrefetchRegsFile 
*          1    0005e608    00000002     UNINITIALIZED
                  0005e608    00000002     F2837xD_GlobalVariableDefs.obj (RomPrefetchRegsFile)

DcsmZ1RegsFile 
*          1    0005f000    00000024     UNINITIALIZED
                  0005f000    00000024     F2837xD_GlobalVariableDefs.obj (DcsmZ1RegsFile)

DcsmZ2RegsFile 
*          1    0005f040    00000024     UNINITIALIZED
                  0005f040    00000024     F2837xD_GlobalVariableDefs.obj (DcsmZ2RegsFile)

DcsmCommonRegsFile 
*          1    0005f070    00000008     UNINITIALIZED
                  0005f070    00000008     F2837xD_GlobalVariableDefs.obj (DcsmCommonRegsFile)

MemCfgRegsFile 
*          1    0005f400    00000080     UNINITIALIZED
                  0005f400    00000080     F2837xD_GlobalVariableDefs.obj (MemCfgRegsFile)

Emif1ConfigRegsFile 
*          1    0005f480    00000020     UNINITIALIZED
                  0005f480    00000020     F2837xD_GlobalVariableDefs.obj (Emif1ConfigRegsFile)

Emif2ConfigRegsFile 
*          1    0005f4a0    00000020     UNINITIALIZED
                  0005f4a0    00000020     F2837xD_GlobalVariableDefs.obj (Emif2ConfigRegsFile)

AccessProtectionRegsFile 
*          1    0005f4c0    00000040     UNINITIALIZED
                  0005f4c0    00000040     F2837xD_GlobalVariableDefs.obj (AccessProtectionRegsFile)

MemoryErrorRegsFile 
*          1    0005f500    00000040     UNINITIALIZED
                  0005f500    00000040     F2837xD_GlobalVariableDefs.obj (MemoryErrorRegsFile)

RomWaitStateRegsFile 
*          1    0005f540    00000002     UNINITIALIZED
                  0005f540    00000002     F2837xD_GlobalVariableDefs.obj (RomWaitStateRegsFile)

Flash0CtrlRegsFile 
*          1    0005f800    00000182     UNINITIALIZED
                  0005f800    00000182     F2837xD_GlobalVariableDefs.obj (Flash0CtrlRegsFile)

Flash0EccRegsFile 
*          1    0005fb00    00000028     UNINITIALIZED
                  0005fb00    00000028     F2837xD_GlobalVariableDefs.obj (Flash0EccRegsFile)

DcsmZ1OtpFile 
*          1    00078000    00000020     NOLOAD SECTION
                  00078000    00000020     F2837xD_GlobalVariableDefs.obj (DcsmZ1OtpFile)

DcsmZ2OtpFile 
*          1    00078200    00000020     NOLOAD SECTION
                  00078200    00000020     F2837xD_GlobalVariableDefs.obj (DcsmZ2OtpFile)

DevCfgRegsFile 
*          1    0005d000    0000012e     UNINITIALIZED
                  0005d000    0000012e     F2837xD_GlobalVariableDefs.obj (DevCfgRegsFile)

ClkCfgRegsFile 
*          1    0005d200    00000032     UNINITIALIZED
                  0005d200    00000032     F2837xD_GlobalVariableDefs.obj (ClkCfgRegsFile)

CpuSysRegsFile 
*          1    0005d300    00000082     UNINITIALIZED
                  0005d300    00000082     F2837xD_GlobalVariableDefs.obj (CpuSysRegsFile)

.text.1    0    00082278    00001d88     
                  00082278    00001603     usblib.lib : usbhostenum.obj (.text)
                  0008387b    00000665     Mod_StdbusCode.obj (.text)
                  00083ee0    00000114     Mod_Usb4000.obj (.text)
                  00083ff4    0000000c     rts2800_fpu32.lib : memset.c.obj (.text)

.text.2    0    00084000    00002000     
                  00084000    00000d6f     rts2800_fpu32.lib : _printfi.c.obj (.text)
                  00084d6f    0000085d     usblib.lib : usbdenum.obj (.text)
                  000855cc    0000080b     usb.obj (.text)
                  00085dd7    00000210     usblib.lib : usbdconfig.obj (.text)
                  00085fe7    00000019     rts2800_fpu32.lib : args_main.c.obj (.text)

.text.3    0    00086040    00001fc0     
                  00086040    00000585     F2837xD_DefaultISR.obj (.text:retain)
                  000865c5    00000406     usblib.lib : usbhhub.obj (.text)
                  000869cb    00000404     F2837xD_Dma.obj (.text)
                  00086dcf    00000391     usbhspe.obj (.text)
                  00087160    00000347     F2837xD_SysCtrl.obj (.text)
                  000874a7    00000323     Bsp_Usart.obj (.text)
                  000877ca    0000025c     usblib.lib : usbmode.obj (.text)
                  00087a26    00000244     F2837xD_Gpio.obj (.text)
                  00087c6a    00000243     sysctl.obj (.text)
                  00087ead    00000109     Bsp_SoftTimer.obj (.text)
                  00087fb6    00000042     App_Main.obj (.text)
                  00087ff8    00000008     rts2800_fpu32.lib : strlen.c.obj (.text)

.text.4    0    00088000    00001795     
                  00088000    00000204     Bsp_Usart.obj (.text:retain)
                  00088204    00000203     rts2800_fpu32.lib : strtod.c.obj (.text)
                  00088407    000001ca     interrupt.obj (.text)
                  000885d1    00000178     Bsp_Gpio.obj (.text)
                  00088749    00000157     usblib.lib : usbdcdesc.obj (.text)
                  000888a0    00000107     rts2800_fpu32.lib : ll_div28.asm.obj (.text)
                  000889a7    000000d8     usblib.lib : usbdma.obj (.text)
                  00088a7f    000000d2                : usbdesc.obj (.text)
                  00088b51    000000ae     rts2800_fpu32.lib : s_scalbn.c.obj (.text)
                  00088bff    000000a6     Mod_UsbHost.obj (.text)
                  00088ca5    000000a2     Bsp_Gpio.obj (.text:retain)
                  00088d47    0000009c     rts2800_fpu32.lib : fd_add28.asm.obj (.text)
                  00088de3    00000093     usb_hal.obj (.text:retain)
                  00088e76    0000008b     rts2800_fpu32.lib : fd_div28.asm.obj (.text)
                  00088f01    00000088                       : fs_div28.asm.obj (.text)
                  00088f89    00000088     usblib.lib : usbtick.obj (.text)
                  00089011    00000083     rts2800_fpu32.lib : fd_mpy28.asm.obj (.text)
                  00089094    0000007c     F2837xD_CpuTimers.obj (.text)
                  00089110    00000072     usb_hal.obj (.text)
                  00089182    0000006a     Bsp_Timer.obj (.text:retain)
                  000891ec    00000060     Bsp_Timer.obj (.text)
                  0008924c    0000005a     rts2800_fpu32.lib : s_frexp.c.obj (.text)
                  000892a6    0000005a                       : s_scalbnf.c.obj (.text)
                  00089300    00000056                       : boot28.asm.obj (.text)
                  00089356    00000050     Mod_StdbusMaster.obj (.text)
                  000893a6    00000050     Mod_StdbusSlave.obj (.text)
                  000893f6    0000003c     Bsp.obj (.text)
                  00089432    00000036     Mod_CRC16.obj (.text)
                  00089468    00000031     rts2800_fpu32.lib : atoi.c.obj (.text)
                  00089499    00000030                       : ltoa.c.obj (.text)
                  000894c9    00000030                       : vsprintf.c.obj (.text)
                  000894f9    0000002a                       : fd_cmp28.asm.obj (.text)
                  00089523    0000002a                       : l_div28.asm.obj (.text)
                  0008954d    00000029                       : exit.c.obj (.text)
                  00089576    00000028     F2837xD_PieCtrl.obj (.text)
                  0008959e    00000026     F2837xD_PieVect.obj (.text)
                  000895c4    00000025     rts2800_fpu32.lib : s_copysign.c.obj (.text)
                  000895e9    00000024                       : cpy_tbl.c.obj (.text)
                  0008960d    00000021                       : fd_toi28.asm.obj (.text)
                  0008962e    0000001f                       : fd_tol28.asm.obj (.text)
                  0008964d    0000001e                       : ll_cmp28.asm.obj (.text)
                  0008966b    0000001d                       : i_tofd28.asm.obj (.text)
                  00089688    0000001d                       : memcpy.c.obj (.text)
                  000896a5    0000001c                       : fs_tofdfpu32.asm.obj (.text)
                  000896c1    0000001c                       : l_tofd28.asm.obj (.text)
                  000896dd    00000018                       : ll_aox28.asm.obj (.text)
                  000896f5    00000016                       : ul_tofd28.asm.obj (.text)
                  0008970b    00000012                       : s_copysignf.c.obj (.text)
                  0008971d    00000012     usblib.lib : usbdhandler.obj (.text)
                  0008972f    0000000f     interrupt.obj (.text:retain)
                  0008973e    0000000e     rts2800_fpu32.lib : fd_sub28.asm.obj (.text)
                  0008974c    0000000d                       : memccpy.c.obj (.text)
                  00089759    0000000c                       : strchr.c.obj (.text)
                  00089765    00000009                       : _lock.c.obj (.text)
                  0008976e    00000009                       : fd_neg28.asm.obj (.text)
                  00089777    00000009                       : wcslen.c.obj (.text)
                  00089780    00000006     App_MasterDeal.obj (.text)
                  00089786    00000005     rts2800_fpu32.lib : strcpy.c.obj (.text)
                  0008978b    00000004                       : atof.c.obj (.text)
                  0008978f    00000003     F2837xD_DBGIER.obj (.text)
                  00089792    00000002     rts2800_fpu32.lib : pre_init.c.obj (.text)
                  00089794    00000001                       : startup.c.obj (.text)

.ebss.1    1    00008800    00001dac     UNINITIALIZED
                  00008800    00001070     Mod_Usb4000.obj (.ebss)
                  00009870    00000010     usbhspe.obj (.ebss)
                  00009880    00000440     Mod_StdbusMaster.obj (.ebss)
                  00009cc0    0000038e     usblib.lib : usbhostenum.obj (.ebss)
                  0000a04e    0000002a     Bsp_SoftTimer.obj (.ebss)
                  0000a078    00000006     F2837xD_TempSensorConv.obj (.ebss)
                  0000a07e    00000002     rts2800_fpu32.lib : _lock.c.obj (.ebss:__lock)
                  0000a080    00000290     Bsp_Usart.obj (.ebss)
                  0000a310    0000001e     usblib.lib : usbtick.obj (.ebss)
                  0000a32e    0000000a                : usbmode.obj (.ebss)
                  0000a338    00000006     rts2800_fpu32.lib : exit.c.obj (.ebss)
                  0000a33e    00000002                       : _lock.c.obj (.ebss:__unlock)
                  0000a340    000000e4     Mod_StdbusSlave.obj (.ebss)
                  0000a424    0000001a     Mod_StdbusCode.obj (.ebss)
                  0000a43e    00000001     F2837xD_sci_io.obj (.ebss)
                  0000a43f    00000001     rts2800_fpu32.lib : errno.c.obj (.ebss)
                  0000a440    000000c0     Mod_UsbHost.obj (.ebss)
                  0000a500    0000008c     usblib.lib : usbdma.obj (.ebss)
                  0000a58c    00000018     F2837xD_CpuTimers.obj (.ebss)
                  0000a5a4    00000004     Bsp_Timer.obj (.ebss)
                  0000a5a8    00000004     uartstdio.obj (.ebss)

.ebss.2    1    0000a5c0    000000f8     UNINITIALIZED
                  0000a5c0    00000080     usblib.lib : usbdenum.obj (.ebss)
                  0000a640    00000078     F2837xD_struct.obj (.ebss)

.ebss.3    1    0000a6c0    0000003e     UNINITIALIZED
                  0000a6c0    0000003e     usblib.lib : usbhhub.obj (.ebss)

MODULE SUMMARY

       Module                           code    initialized data   uninitialized data
       ------                           ----    ----------------   ------------------
    .\
       usbhspe.obj                      913     106                16                
    +--+--------------------------------+-------+------------------+--------------------+
       Total:                           913     106                16                
                                                                                     
    .\Sources_App\
       App_Main.obj                     66      343                0                 
       App_MasterDeal.obj               6       0                  0                 
    +--+--------------------------------+-------+------------------+--------------------+
       Total:                           72      343                0                 
                                                                                     
    .\Sources_Bsp\
       Bsp_Usart.obj                    1319    171                656               
       Bsp_Gpio.obj                     538     0                  0                 
       Bsp_SoftTimer.obj                265     19                 42                
       Bsp_Timer.obj                    202     10                 4                 
       Bsp.obj                          60      0                  0                 
    +--+--------------------------------+-------+------------------+--------------------+
       Total:                           2384    200                702               
                                                                                     
    .\Sources_DriveLib\
       usb.obj                          2059    0                  0                 
       sysctl.obj                       587     0                  0                 
       interrupt.obj                    473     0                  0                 
       usb_hal.obj                      261     12                 0                 
       uartstdio.obj                    0       45                 4                 
    +--+--------------------------------+-------+------------------+--------------------+
       Total:                           3380    57                 4                 
                                                                                     
    .\Sources_Drive\
       F2837xD_GlobalVariableDefs.obj   0       0                  8759              
       F2837xD_DefaultISR.obj           1413    0                  0                 
       F2837xD_Dma.obj                  1028    0                  0                 
       F2837xD_SysCtrl.obj              949     0                  0                 
       F2837xD_Gpio.obj                 580     0                  0                 
       F2837xD_PieVect.obj              38      448                0                 
       F2837xD_struct.obj               0       144                120               
       F2837xD_CpuTimers.obj            124     0                  24                
       F2837xD_Ipc_Driver.obj           0       0                  136               
       F2837xD_PieCtrl.obj              40      0                  0                 
       F2837xD_usDelay.obj              8       0                  0                 
       F2837xD_TempSensorConv.obj       0       0                  6                 
       F2837xD_sci_io.obj               0       4                  1                 
       F2837xD_DBGIER.obj               3       0                  0                 
       F2837xD_CodeStartBranch.obj      2       0                  0                 
    +--+--------------------------------+-------+------------------+--------------------+
       Total:                           4185    596                9046              
                                                                                     
    .\Sources_Mod\
       Mod_Usb4000.obj                  276     97                 4208              
       Mod_StdbusCode.obj               1637    8                  26                
       Mod_StdbusMaster.obj             80      88                 1088              
       Mod_UsbHost.obj                  166     290                192               
       Mod_CRC16.obj                    54      512                0                 
       Mod_StdbusSlave.obj              80      82                 228               
    +--+--------------------------------+-------+------------------+--------------------+
       Total:                           2293    1077               5742              
                                                                                     
    C:/ti/ccsv8/tools/compiler/ti-cgt-c2000_18.1.4.LTS/lib/rts2800_fpu32.lib
       _printfi.c.obj                   3439    66                 0                 
       strtod.c.obj                     515     44                 0                 
       ll_div28.asm.obj                 263     0                  0                 
       ctype.c.obj                      0       257                0                 
       s_scalbn.c.obj                   174     28                 0                 
       fd_add28.asm.obj                 156     0                  0                 
       fd_div28.asm.obj                 139     0                  0                 
       fs_div28.asm.obj                 136     0                  0                 
       fd_mpy28.asm.obj                 131     0                  0                 
       s_frexp.c.obj                    90      8                  0                 
       s_scalbnf.c.obj                  90      6                  0                 
       boot28.asm.obj                   86      0                  0                 
       exit.c.obj                       41      14                 6                 
       atoi.c.obj                       49      0                  0                 
       ltoa.c.obj                       48      0                  0                 
       vsprintf.c.obj                   48      0                  0                 
       fd_cmp28.asm.obj                 42      0                  0                 
       l_div28.asm.obj                  42      0                  0                 
       s_copysign.c.obj                 37      0                  0                 
       cpy_tbl.c.obj                    36      0                  0                 
       fd_toi28.asm.obj                 33      0                  0                 
       fd_tol28.asm.obj                 31      0                  0                 
       ll_cmp28.asm.obj                 30      0                  0                 
       i_tofd28.asm.obj                 29      0                  0                 
       memcpy.c.obj                     29      0                  0                 
       fs_tofdfpu32.asm.obj             28      0                  0                 
       l_tofd28.asm.obj                 28      0                  0                 
       args_main.c.obj                  25      0                  0                 
       ll_aox28.asm.obj                 24      0                  0                 
       _lock.c.obj                      9       10                 4                 
       ul_tofd28.asm.obj                22      0                  0                 
       s_copysignf.c.obj                18      0                  0                 
       fd_sub28.asm.obj                 14      0                  0                 
       memccpy.c.obj                    13      0                  0                 
       memset.c.obj                     12      0                  0                 
       strchr.c.obj                     12      0                  0                 
       fd_neg28.asm.obj                 9       0                  0                 
       wcslen.c.obj                     9       0                  0                 
       strlen.c.obj                     8       0                  0                 
       errno.c.obj                      0       4                  1                 
       strcpy.c.obj                     5       0                  0                 
       atof.c.obj                       4       0                  0                 
       pre_init.c.obj                   2       0                  0                 
       startup.c.obj                    1       0                  0                 
    +--+--------------------------------+-------+------------------+--------------------+
       Total:                           5957    437                11                
                                                                                     
    D:/Wangjiangbo/Documents/GitHub/__CCS/Gas_LaserBoard/F2837xD_common/lib/usblib.lib
       usbhostenum.obj                  5635    70                 910               
       usbdenum.obj                     2141    31                 128               
       usbhhub.obj                      1030    8                  62                
       usbmode.obj                      604     13                 10                
       usbdconfig.obj                   528     0                  0                 
       usbdma.obj                       216     0                  140               
       usbdcdesc.obj                    343     0                  0                 
       usbdesc.obj                      210     0                  0                 
       usbtick.obj                      136     14                 30                
       usbdhandler.obj                  18      0                  0                 
    +--+--------------------------------+-------+------------------+--------------------+
       Total:                           10861   136                1280              
                                                                                     
       Stack:                           0       0                  512               
    +--+--------------------------------+-------+------------------+--------------------+
       Grand Total:                     30045   2952               17313             


GLOBAL DATA SYMBOLS: SORTED BY DATA PAGE

address     data page           name
--------    ----------------    ----
00000400      10 (00000400)     __stack

00000b00      2c (00000b00)     _AdcaResultRegs
00000b20      2c (00000b00)     _AdcbResultRegs

00000b40      2d (00000b40)     _AdccResultRegs
00000b60      2d (00000b40)     _AdcdResultRegs

00000c00      30 (00000c00)     _CpuTimer0Regs
00000c08      30 (00000c00)     _CpuTimer1Regs
00000c10      30 (00000c00)     _CpuTimer2Regs

00000ce0      33 (00000cc0)     _Cla1SoftIntRegs
00000ce0      33 (00000cc0)     _PieCtrlRegs

00000d00      34 (00000d00)     _EmuKey
00000d00      34 (00000d00)     _PieVectTable
00000d01      34 (00000d00)     _EmuBMode

00001000      40 (00001000)     _DmaRegs

00001400      50 (00001400)     _Cla1Regs

00004000     100 (00004000)     _EPwm1Regs

00004100     104 (00004100)     _EPwm2Regs

00004200     108 (00004200)     _EPwm3Regs

00004300     10c (00004300)     _EPwm4Regs

00004400     110 (00004400)     _EPwm5Regs

00004500     114 (00004500)     _EPwm6Regs

00004600     118 (00004600)     _EPwm7Regs

00004700     11c (00004700)     _EPwm8Regs

00004800     120 (00004800)     _EPwm9Regs

00004900     124 (00004900)     _EPwm10Regs

00004a00     128 (00004a00)     _EPwm11Regs

00004b00     12c (00004b00)     _EPwm12Regs

00005000     140 (00005000)     _ECap1Regs
00005020     140 (00005000)     _ECap2Regs

00005040     141 (00005040)     _ECap3Regs
00005060     141 (00005040)     _ECap4Regs

00005080     142 (00005080)     _ECap5Regs
000050a0     142 (00005080)     _ECap6Regs

00005100     144 (00005100)     _EQep1Regs

00005140     145 (00005140)     _EQep2Regs

00005180     146 (00005180)     _EQep3Regs

00005c00     170 (00005c00)     _DacaRegs
00005c10     170 (00005c00)     _DacbRegs
00005c20     170 (00005c00)     _DaccRegs

00005c80     172 (00005c80)     _Cmpss1Regs
00005ca0     172 (00005c80)     _Cmpss2Regs

00005cc0     173 (00005cc0)     _Cmpss3Regs
00005ce0     173 (00005cc0)     _Cmpss4Regs

00005d00     174 (00005d00)     _Cmpss5Regs
00005d20     174 (00005d00)     _Cmpss6Regs

00005d40     175 (00005d40)     _Cmpss7Regs
00005d60     175 (00005d40)     _Cmpss8Regs

00005e00     178 (00005e00)     _Sdfm1Regs

00005e80     17a (00005e80)     _Sdfm2Regs

00006000     180 (00006000)     _McbspaRegs

00006040     181 (00006040)     _McbspbRegs

00006100     184 (00006100)     _SpiaRegs
00006110     184 (00006100)     _SpibRegs
00006120     184 (00006100)     _SpicRegs

00006200     188 (00006200)     _UppRegs

00007000     1c0 (00007000)     _WdRegs

00007060     1c1 (00007040)     _NmiIntruptRegs
00007070     1c1 (00007040)     _XintRegs

00007200     1c8 (00007200)     _SciaRegs
00007210     1c8 (00007200)     _ScibRegs
00007220     1c8 (00007200)     _ScicRegs
00007230     1c8 (00007200)     _ScidRegs

00007300     1cc (00007300)     _I2caRegs

00007340     1cd (00007340)     _I2cbRegs

00007400     1d0 (00007400)     _AdcaRegs

00007480     1d2 (00007480)     _AdcbRegs

00007500     1d4 (00007500)     _AdccRegs

00007580     1d6 (00007580)     _AdcdRegs

00007900     1e4 (00007900)     _InputXbarRegs
00007920     1e4 (00007900)     _XbarRegs

00007940     1e5 (00007940)     _SyncSocRegs

00007980     1e6 (00007980)     _DmaClaSrcSelRegs

00007a00     1e8 (00007a00)     _EPwmXbarRegs

00007a80     1ea (00007a80)     _OutputXbarRegs

00007c00     1f0 (00007c00)     _GpioCtrlRegs

00007f00     1fc (00007f00)     _GpioDataRegs

00008802     220 (00008800)     _g_psSPEInstance
00008804     220 (00008800)     _st_USBHSampleTimer

00008840     221 (00008840)     _st_Usb4000

00009882     262 (00009880)     _st_MainBoard
0000988e     262 (00009880)     _st_StdbusMaster

0000a04e     281 (0000a040)     _st_SoftTimerList
0000a078     281 (0000a040)     _tempSensor_tempOffset
0000a07a     281 (0000a040)     _tempSensor_scaleFactor
0000a07c     281 (0000a040)     _tempSensor_tempSlope
0000a07e     281 (0000a040)     __lock

0000a080     282 (0000a080)     _COM2
0000a0a0     282 (0000a080)     _COM1

0000a0c0     283 (0000a0c0)     _COM4
0000a0e0     283 (0000a0c0)     _COM3

0000a310     28c (0000a300)     _g_bUSBTimerInitialized
0000a312     28c (0000a300)     _g_ui32CurrentUSBTick
0000a314     28c (0000a300)     _g_ui32USBSOFCount
0000a316     28c (0000a300)     _g_pfnTickHandlers
0000a322     28c (0000a300)     _g_pvTickInstance
0000a32f     28c (0000a300)     _g_iUSBMode
0000a330     28c (0000a300)     _g_eOTGModeState
0000a334     28c (0000a300)     _g_ui32PollRate
0000a336     28c (0000a300)     _g_ui32WaitTicks
0000a338     28c (0000a300)     ___TI_enable_exit_profile_output
0000a33a     28c (0000a300)     ___TI_cleanup_ptr
0000a33c     28c (0000a300)     ___TI_dtors_ptr
0000a33e     28c (0000a300)     __unlock

0000a340     28d (0000a340)     _st_PC

0000a380     28e (0000a380)     _st_StdbusSlave

0000a424     290 (0000a400)     _st_StdbusHost
0000a42a     290 (0000a400)     _ast_PortList
0000a43e     290 (0000a400)     _deviceOpen
0000a43f     290 (0000a400)     _errno

0000a440     291 (0000a440)     _g_eCurrentUSBMode
0000a441     291 (0000a440)     _g_eState
0000a442     291 (0000a440)     _st_USBHTimeOut

0000a480     292 (0000a480)     _g_pHCDPool

0000a58c     296 (0000a580)     _CpuTimer1
0000a594     296 (0000a580)     _CpuTimer2
0000a59c     296 (0000a580)     _CpuTimer0

0000a5c0     297 (0000a5c0)     _g_ppsDevInfo
0000a5c4     297 (0000a5c0)     _g_psDCDInst

0000a640     299 (0000a640)     _SCI
0000a644     299 (0000a640)     _MCBSP
0000a648     299 (0000a640)     _I2C
0000a64c     299 (0000a640)     _SDFM
0000a652     299 (0000a640)     _EQEP
0000a65a     299 (0000a640)     _SPI
0000a662     299 (0000a640)     _ADC
0000a66c     299 (0000a640)     _ECAP

0000a680     29a (0000a680)     _EPWM
0000a69a     29a (0000a680)     _TRIP_SEL

0003f800     fe0 (0003f800)     _g_asIPCCPU2toCPU1Buffers

0003f880     fe2 (0003f880)     _g_usGetWriteIndexes
0003f884     fe2 (0003f880)     _g_usPutReadIndexes

0003fc00     ff0 (0003fc00)     _g_asIPCCPU1toCPU2Buffers

0003fc80     ff2 (0003fc80)     _g_usPutWriteIndexes
0003fc84     ff2 (0003fc80)     _g_usGetReadIndexes

00047000    11c0 (00047000)     _Emif1Regs

00047800    11e0 (00047800)     _Emif2Regs

00048000    1200 (00048000)     _CanaRegs

0004a000    1280 (0004a000)     _CanbRegs

00050000    1400 (00050000)     _IpcRegs
00050024    1400 (00050000)     _FlashPumpSemaphoreRegs

0005d000    1740 (0005d000)     _DevCfgRegs

0005d180    1746 (0005d180)     _AnalogSubsysRegs

0005d200    1748 (0005d200)     _ClkCfgRegs

0005d300    174c (0005d300)     _CpuSysRegs

0005e608    1798 (0005e600)     _RomPrefetchRegs

0005f000    17c0 (0005f000)     _DcsmZ1Regs

0005f040    17c1 (0005f040)     _DcsmZ2Regs
0005f070    17c1 (0005f040)     _DcsmCommonRegs

0005f400    17d0 (0005f400)     _MemCfgRegs

0005f480    17d2 (0005f480)     _Emif1ConfigRegs
0005f4a0    17d2 (0005f480)     _Emif2ConfigRegs

0005f4c0    17d3 (0005f4c0)     _AccessProtectionRegs

0005f500    17d4 (0005f500)     _MemoryErrorRegs

0005f540    17d5 (0005f540)     _RomWaitStateRegs

0005f800    17e0 (0005f800)     _Flash0CtrlRegs

0005fb00    17ec (0005fb00)     _Flash0EccRegs

00078000    1e00 (00078000)     _DcsmZ1Otp

00078200    1e08 (00078200)     _DcsmZ2Otp

00090000    2400 (00090000)     _PieVectTableInit

00090423    2410 (00090400)     __ctypes_

00090524    2414 (00090500)     _auch_CRCHi

00090624    2418 (00090600)     _auch_CRCLo

000908ee    2423 (000908c0)     _g_sUSBEventDriver
000908f6    2423 (000908c0)     _g_sUSBHostSPEClassDriver

00090906    2424 (00090900)     _g_sUSBHubClassDriver


GLOBAL SYMBOLS: SORTED ALPHABETICALLY BY Name 

page  address   name                                  
----  -------   ----                                  
abs   ffffffff  .text                                 
0     0008954d  C$$EXIT                               
0     00088d47  FD$$ADD                               
0     000894f9  FD$$CMP                               
0     00088e76  FD$$DIV                               
0     00089011  FD$$MPY                               
0     0008976e  FD$$NEG                               
0     0008973e  FD$$SUB                               
0     0008960d  FD$$TOI                               
0     0008962e  FD$$TOL                               
0     00088f01  FS$$DIV                               
0     000896a5  FS$$TOFD                              
0     0008966b  I$$TOFD                               
0     00089523  L$$DIV                                
0     00089532  L$$MOD                                
0     000896c1  L$$TOFD                               
0     000896dd  LL$$AND                               
0     0008964d  LL$$CMP                               
0     000888a0  LL$$DIV                               
0     000888dc  LL$$MOD                               
0     000896e5  LL$$OR                                
0     000896ed  LL$$XOR                               
0     00089540  UL$$DIV                               
0     00089547  UL$$MOD                               
0     000896f5  UL$$TOFD                              
0     0008965f  ULL$$CMP                              
0     00088916  ULL$$DIV                              
0     00088945  ULL$$MOD                              
1     0000a662  _ADC                                  
0     000860fe  _ADCA1_ISR                            
0     0008637e  _ADCA2_ISR                            
0     00086388  _ADCA3_ISR                            
0     00086392  _ADCA4_ISR                            
0     00086374  _ADCA_EVT_ISR                         
0     00086108  _ADCB1_ISR                            
0     000863a6  _ADCB2_ISR                            
0     000863b0  _ADCB3_ISR                            
0     000863ba  _ADCB4_ISR                            
0     0008639c  _ADCB_EVT_ISR                         
0     00086112  _ADCC1_ISR                            
0     0008650e  _ADCC2_ISR                            
0     00086518  _ADCC3_ISR                            
0     00086522  _ADCC4_ISR                            
0     00086504  _ADCC_EVT_ISR                         
0     00086130  _ADCD1_ISR                            
0     00086536  _ADCD2_ISR                            
0     00086540  _ADCD3_ISR                            
0     0008654a  _ADCD4_ISR                            
0     0008652c  _ADCD_EVT_ISR                         
0     00086586  _AUX_PLL_SLIP_ISR                     
1     0005f4c0  _AccessProtectionRegs                 
1     00007400  _AdcaRegs                             
1     00000b00  _AdcaResultRegs                       
1     00007480  _AdcbRegs                             
1     00000b20  _AdcbResultRegs                       
1     00007500  _AdccRegs                             
1     00000b40  _AdccResultRegs                       
1     00007580  _AdcdRegs                             
1     00000b60  _AdcdResultRegs                       
1     0005d180  _AnalogSubsysRegs                     
0     00089780  _App_StdbusMasterDealFram             
0     00087453  _AuxAuxClkSel                         
0     0008743d  _AuxIntOsc2Sel                        
0     00087447  _AuxXtalOscSel                        
0     00087fa3  _Bsp_DelayMs                          
0     00087f6b  _Bsp_DelayUs                          
0     00088744  _Bsp_GpioEvent                        
0     00088639  _Bsp_GpioInit                         
0     000893f6  _Bsp_Init                             
0     00088000  _Bsp_SciaRecvIsr                      
0     00088043  _Bsp_SciaSendIsr                      
0     00088081  _Bsp_ScibRecvIsr                      
0     000880c4  _Bsp_ScibSendIsr                      
0     00088102  _Bsp_ScicRecvIsr                      
0     00088145  _Bsp_ScicSendIsr                      
0     00088183  _Bsp_ScidRecvIsr                      
0     000881c6  _Bsp_ScidSendIsr                      
0     00087f14  _Bsp_SoftTimerPoll                    
0     00087ead  _Bsp_SoftTimerReg                     
0     00087ecc  _Bsp_SoftTimerStart                   
0     00087ef8  _Bsp_SoftTimerStop                    
0     00089217  _Bsp_Time0HookRegister                
0     000891ec  _Bsp_Time0Init                        
0     00089212  _Bsp_Time0IntDisable                  
0     0008920d  _Bsp_Time0IntEnable                   
0     00089203  _Bsp_Time0Start                       
0     00089208  _Bsp_Time0Stop                        
0     00089244  _Bsp_Time1HookRegister                
0     0008921f  _Bsp_Time1Init                        
0     00089241  _Bsp_Time1IntDisable                  
0     0008923e  _Bsp_Time1IntEnable                   
0     00089234  _Bsp_Time1Start                       
0     00089239  _Bsp_Time1Stop                        
0     000876a5  _Bsp_UartClose                        
0     000875f2  _Bsp_UartOpen                         
0     0008778e  _Bsp_UartPrintf                       
0     000876ea  _Bsp_UartSend                         
0     000876b0  _Bsp_UartSendBlock                    
0     00087562  _Bsp_UsartRxDisable                   
0     00087532  _Bsp_UsartRxEnable                    
0     000875c2  _Bsp_UsartTxDisable                   
0     00087592  _Bsp_UsartTxEnable                    
0     0008634c  _CANA0_ISR                            
0     00086356  _CANA1_ISR                            
0     00086360  _CANB0_ISR                            
0     0008636a  _CANB1_ISR                            
0     000863c4  _CLA1_1_ISR                           
0     000863ce  _CLA1_2_ISR                           
0     000863d8  _CLA1_3_ISR                           
0     000863e2  _CLA1_4_ISR                           
0     000863ec  _CLA1_5_ISR                           
0     000863f6  _CLA1_6_ISR                           
0     00086400  _CLA1_7_ISR                           
0     0008640a  _CLA1_8_ISR                           
0     00086590  _CLA_OVERFLOW_ISR                     
0     0008659a  _CLA_UNDERFLOW_ISR                    
1     0000a0a0  _COM1                                 
1     0000a080  _COM2                                 
1     0000a0e0  _COM3                                 
1     0000a0c0  _COM4                                 
1     00048000  _CanaRegs                             
1     0004a000  _CanbRegs                             
1     00001400  _Cla1Regs                             
0     00000ce0  _Cla1SoftIntRegs                      
1     0005d200  _ClkCfgRegs                           
1     00005c80  _Cmpss1Regs                           
1     00005ca0  _Cmpss2Regs                           
1     00005cc0  _Cmpss3Regs                           
1     00005ce0  _Cmpss4Regs                           
1     00005d00  _Cmpss5Regs                           
1     00005d20  _Cmpss6Regs                           
1     00005d40  _Cmpss7Regs                           
1     00005d60  _Cmpss8Regs                           
0     000890d5  _ConfigCpuTimer                       
0     00082278  _ConfigDescAlloc                      
0     000822cc  _ConfigDescFree                       
1     0005d300  _CpuSysRegs                           
1     0000a59c  _CpuTimer0                            
1     00000c00  _CpuTimer0Regs                        
1     0000a58c  _CpuTimer1                            
1     00000c08  _CpuTimer1Regs                        
1     0000a594  _CpuTimer2                            
1     00000c10  _CpuTimer2Regs                        
0     000873fc  _CsmUnlock                            
0     00086054  _DATALOG_ISR                          
0     000869d6  _DMACH1AddrConfig                     
0     00086d6f  _DMACH1AddrConfig32bit                
0     000869e6  _DMACH1BurstConfig                    
0     00086a19  _DMACH1ModeConfig                     
0     000869f6  _DMACH1TransferConfig                 
0     00086a06  _DMACH1WrapConfig                     
0     00086a6f  _DMACH2AddrConfig                     
0     00086d7f  _DMACH2AddrConfig32bit                
0     00086a7f  _DMACH2BurstConfig                    
0     00086ab2  _DMACH2ModeConfig                     
0     00086a8f  _DMACH2TransferConfig                 
0     00086a9f  _DMACH2WrapConfig                     
0     00086b09  _DMACH3AddrConfig                     
0     00086d8f  _DMACH3AddrConfig32bit                
0     00086b19  _DMACH3BurstConfig                    
0     00086b4c  _DMACH3ModeConfig                     
0     00086b29  _DMACH3TransferConfig                 
0     00086b39  _DMACH3WrapConfig                     
0     00086ba2  _DMACH4AddrConfig                     
0     00086d9f  _DMACH4AddrConfig32bit                
0     00086bb2  _DMACH4BurstConfig                    
0     00086be5  _DMACH4ModeConfig                     
0     00086bc2  _DMACH4TransferConfig                 
0     00086bd2  _DMACH4WrapConfig                     
0     00086c3c  _DMACH5AddrConfig                     
0     00086daf  _DMACH5AddrConfig32bit                
0     00086c4c  _DMACH5BurstConfig                    
0     00086c7f  _DMACH5ModeConfig                     
0     00086c5c  _DMACH5TransferConfig                 
0     00086c6c  _DMACH5WrapConfig                     
0     00086cd5  _DMACH6AddrConfig                     
0     00086dbf  _DMACH6AddrConfig32bit                
0     00086ce5  _DMACH6BurstConfig                    
0     00086d18  _DMACH6ModeConfig                     
0     00086cf5  _DMACH6TransferConfig                 
0     00086d05  _DMACH6WrapConfig                     
0     000869cb  _DMAInitialize                        
0     00086298  _DMA_CH1_ISR                          
0     000862a2  _DMA_CH2_ISR                          
0     000862ac  _DMA_CH3_ISR                          
0     000862b6  _DMA_CH4_ISR                          
0     000862c0  _DMA_CH5_ISR                          
0     000862ca  _DMA_CH6_ISR                          
1     00005c00  _DacaRegs                             
1     00005c10  _DacbRegs                             
1     00005c20  _DaccRegs                             
1     0005f070  _DcsmCommonRegs                       
1     00078000  _DcsmZ1Otp                            
1     0005f000  _DcsmZ1Regs                           
1     00078200  _DcsmZ2Otp                            
1     0005f040  _DcsmZ2Regs                           
1     0005d000  _DevCfgRegs                           
0     00087260  _DisableDog                           
0     00087221  _DisablePeripheralClocks              
1     00007980  _DmaClaSrcSelRegs                     
1     00001000  _DmaRegs                              
1     0000a66c  _ECAP                                 
0     000861ee  _ECAP1_ISR                            
0     000861f8  _ECAP2_ISR                            
0     00086202  _ECAP3_ISR                            
0     0008620c  _ECAP4_ISR                            
0     00086216  _ECAP5_ISR                            
0     00086220  _ECAP6_ISR                            
1     00005000  _ECap1Regs                            
1     00005020  _ECap2Regs                            
1     00005040  _ECap3Regs                            
1     00005060  _ECap4Regs                            
1     00005080  _ECap5Regs                            
1     000050a0  _ECap6Regs                            
0     00086554  _EMIF_ERROR_ISR                       
0     000865ae  _EMPTY_ISR                            
0     00086068  _EMU_ISR                              
1     0000a680  _EPWM                                 
0     000864aa  _EPWM10_ISR                           
0     00086482  _EPWM10_TZ_ISR                        
0     000864b4  _EPWM11_ISR                           
0     0008648c  _EPWM11_TZ_ISR                        
0     000864be  _EPWM12_ISR                           
0     00086496  _EPWM12_TZ_ISR                        
0     0008619e  _EPWM1_ISR                            
0     0008614e  _EPWM1_TZ_ISR                         
0     000861a8  _EPWM2_ISR                            
0     00086158  _EPWM2_TZ_ISR                         
0     000861b2  _EPWM3_ISR                            
0     00086162  _EPWM3_TZ_ISR                         
0     000861bc  _EPWM4_ISR                            
0     0008616c  _EPWM4_TZ_ISR                         
0     000861c6  _EPWM5_ISR                            
0     00086176  _EPWM5_TZ_ISR                         
0     000861d0  _EPWM6_ISR                            
0     00086180  _EPWM6_TZ_ISR                         
0     000861da  _EPWM7_ISR                            
0     0008618a  _EPWM7_TZ_ISR                         
0     000861e4  _EPWM8_ISR                            
0     00086194  _EPWM8_TZ_ISR                         
0     000864a0  _EPWM9_ISR                            
0     00086478  _EPWM9_TZ_ISR                         
1     00004900  _EPwm10Regs                           
1     00004a00  _EPwm11Regs                           
1     00004b00  _EPwm12Regs                           
1     00004000  _EPwm1Regs                            
1     00004100  _EPwm2Regs                            
1     00004200  _EPwm3Regs                            
1     00004300  _EPwm4Regs                            
1     00004400  _EPwm5Regs                            
1     00004500  _EPwm6Regs                            
1     00004600  _EPwm7Regs                            
1     00004700  _EPwm8Regs                            
1     00004800  _EPwm9Regs                            
1     00007a00  _EPwmXbarRegs                         
1     0000a652  _EQEP                                 
0     0008622a  _EQEP1_ISR                            
0     00086234  _EQEP2_ISR                            
0     0008623e  _EQEP3_ISR                            
1     00005100  _EQep1Regs                            
1     00005140  _EQep2Regs                            
1     00005180  _EQep3Regs                            
1     0005f480  _Emif1ConfigRegs                      
1     00047000  _Emif1Regs                            
1     0005f4a0  _Emif2ConfigRegs                      
1     00047800  _Emif2Regs                            
1     00000d01  _EmuBMode                             
1     00000d00  _EmuKey                               
0     00089595  _EnableInterrupts                     
0     00008037  _F28x_usDelay                         
0     00086568  _FLASH_CORRECTABLE_ERROR_ISR          
0     0008643c  _FPU_OVERFLOW_ISR                     
0     00086446  _FPU_UNDERFLOW_ISR                    
1     0005f800  _Flash0CtrlRegs                       
1     0005fb00  _Flash0EccRegs                        
0     00008029  _FlashOff                             
1     00050024  _FlashPumpSemaphoreRegs               
0     00087c1f  _GPIO_EnableUnbondedIOPullups         
0     00087bfa  _GPIO_EnableUnbondedIOPullupsFor100Pin
0     00087be1  _GPIO_EnableUnbondedIOPullupsFor176Pin
0     00087c35  _GPIO_ReadPin                         
0     00087b86  _GPIO_SetupLock                       
0     00087a66  _GPIO_SetupPinMux                     
0     00087af2  _GPIO_SetupPinOptions                 
0     00087baf  _GPIO_SetupXINT1Gpio                  
0     00087bb9  _GPIO_SetupXINT2Gpio                  
0     00087bc3  _GPIO_SetupXINT3Gpio                  
0     00087bcd  _GPIO_SetupXINT4Gpio                  
0     00087bd7  _GPIO_SetupXINT5Gpio                  
0     00087c4c  _GPIO_WritePin                        
1     00007c00  _GpioCtrlRegs                         
1     00007f00  _GpioDataRegs                         
0     00087471  _HALT                                 
0     00087776  _HAL_UART_MspDeInit                   
0     0008771f  _HAL_UART_MspInit                     
0     0008748a  _HIB                                  
1     0000a648  _I2C                                  
0     000862de  _I2CA_FIFO_ISR                        
0     000862d4  _I2CA_ISR                             
0     000862f2  _I2CB_FIFO_ISR                        
0     000862e8  _I2CB_ISR                             
1     00007300  _I2caRegs                             
1     00007340  _I2cbRegs                             
0     0008745d  _IDLE                                 
0     0008607c  _ILLEGAL_ISR                          
0     00086450  _IPC0_ISR                             
0     0008645a  _IPC1_ISR                             
0     00086464  _IPC2_ISR                             
0     0008646e  _IPC3_ISR                             
0     00087334  _InitAuxPll                           
0     00089094  _InitCpuTimers                        
0     00008000  _InitFlash                            
0     00087a26  _InitGpio                             
0     0008719d  _InitPeripheralClocks                 
0     00089576  _InitPieCtrl                          
0     0008959e  _InitPieVectTable                     
0     00087160  _InitSysCtrl                          
0     0008726e  _InitSysPll                           
1     00007900  _InputXbarRegs                        
0     0008972f  _IntDefaultHandler                    
0     000884d2  _IntDisable                           
0     0008843f  _IntEnable                            
0     00088552  _IntIFRClear                          
0     0008840f  _IntMasterDisable                     
0     00088407  _IntMasterEnable                      
0     00088417  _IntRegister                          
0     0008842a  _IntUnregister                        
0     00083386  _InternalUSBHCDSendEvent              
0     00088fb4  _InternalUSBRegisterTickHandler       
0     00088fe4  _InternalUSBStartOfFrameTick          
0     00088f89  _InternalUSBTickInit                  
0     00088fb0  _InternalUSBTickReset                 
1     00050000  _IpcRegs                              
0     000838a2  _LockPort                             
1     0000a644  _MCBSP                                
0     00086270  _MCBSPA_RX_ISR                        
0     0008627a  _MCBSPA_TX_ISR                        
0     00086284  _MCBSPB_RX_ISR                        
0     0008628e  _MCBSPB_TX_ISR                        
1     00006000  _McbspaRegs                           
1     00006040  _McbspbRegs                           
1     0005f400  _MemCfgRegs                           
1     0005f500  _MemoryErrorRegs                      
0     00089432  _Mod_GetCrc16Bit                      
0     00083b11  _Mod_StdbusDealFram                   
0     00083d81  _Mod_StdbusDealPack                   
0     00083aa8  _Mod_StdbusFindDev                    
0     00083ae6  _Mod_StdbusFindPort                   
0     000838b1  _Mod_StdbusInit                       
0     00083b4f  _Mod_StdbusMakePack                   
0     00089380  _Mod_StdbusMasterInit                 
0     000893a1  _Mod_StdbusMasterPoll                 
0     00083ea4  _Mod_StdbusPortPoll                   
0     00083a02  _Mod_StdbusPortRecvOneByte            
0     00083969  _Mod_StdbusPortSendOneByte            
0     00083d34  _Mod_StdbusReadCmd                    
0     000838e4  _Mod_StdbusRegDev                     
0     000838b8  _Mod_StdbusRegPort                    
0     0008392c  _Mod_StdbusRscPack                    
0     00083c69  _Mod_StdbusSend_Other                 
0     000893d0  _Mod_StdbusSlaveInit                  
0     000893f1  _Mod_StdbusSlavePoll                  
0     00083ce7  _Mod_StdbusWriteCmd                   
0     00083ef8  _Mod_Usb4000Init                      
0     00083f09  _Mod_Usb4000Poll                      
0     00088c44  _Mod_UsbHostInit                      
0     00088c7b  _Mod_UsbHostPoll                      
0     00088c07  _ModeCallback                         
0     00086072  _NMI_ISR                              
0     000865bb  _NOTUSED_ISR                          
1     00007060  _NmiIntruptRegs                       
[...]
0     000875c2  _Bsp_UsartTxDisable                   
0     000875f2  _Bsp_UartOpen                         
0     000876a5  _Bsp_UartClose                        
0     000876b0  _Bsp_UartSendBlock                    
0     000876ea  _Bsp_UartSend                         
0     0008771f  _HAL_UART_MspInit                     
0     00087776  _HAL_UART_MspDeInit                   
0     0008778e  _Bsp_UartPrintf                       
0     000877c5  _fputc                                
0     00087804  _USBStackModeSet                      
0     0008781a  _USB0DualModeIntHandler               
0     00087855  _USBDualModeInit                      
0     00087898  _USBDualModeTerm                      
0     000878b1  _USBOTGModeTerm                       
0     000878cd  _USBOTGModeInit                       
0     00087941  _USBOTGPollRate                       
0     00087949  _USB0OTGModeIntHandler                
0     000879c8  _OTGDeviceDisconnect                  
0     000879d6  _USBOTGMain                           
0     00087a26  _InitGpio                             
0     00087a66  _GPIO_SetupPinMux                     
0     00087af2  _GPIO_SetupPinOptions                 
0     00087b86  _GPIO_SetupLock                       
0     00087baf  _GPIO_SetupXINT1Gpio                  
0     00087bb9  _GPIO_SetupXINT2Gpio                  
0     00087bc3  _GPIO_SetupXINT3Gpio                  
0     00087bcd  _GPIO_SetupXINT4Gpio                  
0     00087bd7  _GPIO_SetupXINT5Gpio                  
0     00087be1  _GPIO_EnableUnbondedIOPullupsFor176Pin
0     00087bfa  _GPIO_EnableUnbondedIOPullupsFor100Pin
0     00087c1f  _GPIO_EnableUnbondedIOPullups         
0     00087c35  _GPIO_ReadPin                         
0     00087c4c  _GPIO_WritePin                        
0     00087c6a  _SysCtlPeripheralPresent              
0     00087c89  _SysCtlPeripheralReady                
0     00087cc3  _SysCtlPeripheralReset                
0     00087cef  _SysCtlPeripheralEnable               
0     00087d09  _SysCtlPeripheralDisable              
0     00087d24  _SysCtlReset                          
0     00087d2e  _SysCtlClockGet                       
0     00087d7a  _SysCtlLowSpeedClockGet               
0     00087d91  _SysCtlClockSet                       
0     00087e2d  _SysCtlAuxClockSet                    
0     00087eab  _SysCtlUSBPLLEnable                   
0     00087eac  _SysCtlUSBPLLDisable                  
0     00087ead  _Bsp_SoftTimerReg                     
0     00087ecc  _Bsp_SoftTimerStart                   
0     00087ef8  _Bsp_SoftTimerStop                    
0     00087f14  _Bsp_SoftTimerPoll                    
0     00087f6b  _Bsp_DelayUs                          
0     00087fa3  _Bsp_DelayMs                          
0     00087fb6  _main                                 
0     00087ff8  _strlen                               
0     00088000  _Bsp_SciaRecvIsr                      
0     00088043  _Bsp_SciaSendIsr                      
0     00088081  _Bsp_ScibRecvIsr                      
0     000880c4  _Bsp_ScibSendIsr                      
0     00088102  _Bsp_ScicRecvIsr                      
0     00088145  _Bsp_ScicSendIsr                      
0     00088183  _Bsp_ScidRecvIsr                      
0     000881c6  _Bsp_ScidSendIsr                      
0     00088204  _strtod                               
0     00088204  _strtof                               
0     00088407  _IntMasterEnable                      
0     0008840f  _IntMasterDisable                     
0     00088417  _IntRegister                          
0     0008842a  _IntUnregister                        
0     0008843f  _IntEnable                            
0     000884d2  _IntDisable                           
0     00088552  _IntIFRClear                          
0     00088639  _Bsp_GpioInit                         
0     00088744  _Bsp_GpioEvent                        
0     000887aa  _USBDCDConfigDescGetSize              
0     000887c4  _USBDCDConfigDescGetNum               
0     000887ea  _USBDCDConfigDescGet                  
0     00088830  _USBDCDConfigGetNumAlternateInterfaces
0     00088855  _USBDCDConfigGetInterface             
0     0008886e  _USBDCDConfigGetInterfaceEndpoint     
0     000888a0  LL$$DIV                               
0     000888dc  LL$$MOD                               
0     00088916  ULL$$DIV                              
0     00088945  ULL$$MOD                              
0     00088a22  _USBLibDMAInit                        
0     00088a7f  _USBDescGetNum                        
0     00088aa7  _USBDescGet                           
0     00088ad4  _USBDescGetNumAlternateInterfaces     
0     00088b24  _USBDescGetInterface                  
0     00088b3e  _USBDescGetInterfaceEndpoint          
0     00088b51  _ldexpl                               
0     00088b51  _scalbnl                              
0     00088c07  _ModeCallback                         
0     00088c10  _USBHCDEvents                         
0     00088c44  _Mod_UsbHostInit                      
0     00088c7b  _Mod_UsbHostPoll                      
0     00088c7f  _USBHConnectTimeOut                   
0     00088ca5  _xint1_isr                            
0     00088cdb  _xint2_isr                            
0     00088d11  _xint3_isr                            
0     00088d47  FD$$ADD                               
0     00088de3  _f28x_USB0DeviceIntHandler            
0     00088e14  _f28x_USB0HostIntHandler              
0     00088e45  _f28x_USB0DualModeIntHandler          
0     00088e76  FD$$DIV                               
0     00088f01  FS$$DIV                               
0     00088f89  _InternalUSBTickInit                  
0     00088fb0  _InternalUSBTickReset                 
0     00088fb4  _InternalUSBRegisterTickHandler       
0     00088fe4  _InternalUSBStartOfFrameTick          
0     00089011  FD$$MPY                               
0     00089094  _InitCpuTimers                        
0     000890d5  _ConfigCpuTimer                       
0     00089110  _USBGPIOEnable                        
0     0008912a  _USBGPIODisable                       
0     00089140  _USBDelay                             
0     00089182  _cpu_timer0_isr                       
0     000891b7  _cpu_timer1_isr                       
0     000891ec  _Bsp_Time0Init                        
0     00089203  _Bsp_Time0Start                       
0     00089208  _Bsp_Time0Stop                        
0     0008920d  _Bsp_Time0IntEnable                   
0     00089212  _Bsp_Time0IntDisable                  
0     00089217  _Bsp_Time0HookRegister                
0     0008921f  _Bsp_Time1Init                        
0     00089234  _Bsp_Time1Start                       
0     00089239  _Bsp_Time1Stop                        
0     0008923e  _Bsp_Time1IntEnable                   
0     00089241  _Bsp_Time1IntDisable                  
0     00089244  _Bsp_Time1HookRegister                
0     0008924c  _frexpl                               
0     000892a6  _ldexp                                
0     000892a6  _ldexpf                               
0     000892a6  _scalbn                               
0     000892a6  _scalbnf                              
0     00089300  _c_int00                              
0     00089380  _Mod_StdbusMasterInit                 
0     000893a1  _Mod_StdbusMasterPoll                 
0     000893d0  _Mod_StdbusSlaveInit                  
0     000893f1  _Mod_StdbusSlavePoll                  
0     000893f6  _Bsp_Init                             
0     00089432  _Mod_GetCrc16Bit                      
0     00089468  _atoi                                 
0     00089499  _ltoa                                 
0     000894c9  _vsprintf                             
0     000894f9  FD$$CMP                               
0     00089523  L$$DIV                                
0     00089532  L$$MOD                                
0     00089540  UL$$DIV                               
0     00089547  UL$$MOD                               
0     0008954d  C$$EXIT                               
0     0008954d  _abort                                
0     0008954f  _exit                                 
0     00089576  _InitPieCtrl                          
0     00089595  _EnableInterrupts                     
0     0008959e  _InitPieVectTable                     
0     000895c4  _copysignl                            
0     000895e9  _copy_in                              
0     0008960d  FD$$TOI                               
0     0008962e  FD$$TOL                               
0     0008964d  LL$$CMP                               
0     0008965f  ULL$$CMP                              
0     0008966b  I$$TOFD                               
0     00089688  _memcpy                               
0     000896a5  FS$$TOFD                              
0     000896c1  L$$TOFD                               
0     000896dd  LL$$AND                               
0     000896e5  LL$$OR                                
0     000896ed  LL$$XOR                               
0     000896f5  UL$$TOFD                              
0     0008970b  _copysign                             
0     0008970b  _copysignf                            
0     0008971d  _USB0DeviceIntHandler                 
0     0008972f  _IntDefaultHandler                    
0     0008973e  FD$$SUB                               
0     0008974c  _memccpy                              
0     00089759  _strchr                               
0     00089765  __register_unlock                     
0     00089769  __register_lock                       
0     0008976d  __nop                                 
0     0008976e  FD$$NEG                               
0     00089777  _wcslen                               
0     00089780  _App_StdbusMasterDealFram             
0     00089786  _strcpy                               
0     0008978b  _atof                                 
0     0008978f  _SetDBGIER                            
0     00089792  __system_pre_init                     
0     00089794  __system_post_cinit                   
0     00090000  _PieVectTableInit                     
0     00090423  __ctypes_                             
0     00090524  _auch_CRCHi                           
0     00090624  _auch_CRCLo                           
0     000908ee  _g_sUSBEventDriver                    
0     000908f6  _g_sUSBHostSPEClassDriver             
0     00090906  _g_sUSBHubClassDriver                 
1     00000400  __stack                               
1     00000600  __STACK_END                           
1     00000b00  _AdcaResultRegs                       
1     00000b20  _AdcbResultRegs                       
1     00000b40  _AdccResultRegs                       
1     00000b60  _AdcdResultRegs                       
1     00000c00  _CpuTimer0Regs                        
1     00000c08  _CpuTimer1Regs                        
1     00000c10  _CpuTimer2Regs                        
1     00000ce0  _PieCtrlRegs                          
1     00000d00  _EmuKey                               
1     00000d00  _PieVectTable                         
1     00000d01  _EmuBMode                             
1     00001000  _DmaRegs                              
1     00001400  _Cla1Regs                             
1     00004000  _EPwm1Regs                            
1     00004100  _EPwm2Regs                            
1     00004200  _EPwm3Regs                            
1     00004300  _EPwm4Regs                            
1     00004400  _EPwm5Regs                            
1     00004500  _EPwm6Regs                            
1     00004600  _EPwm7Regs                            
1     00004700  _EPwm8Regs                            
1     00004800  _EPwm9Regs                            
1     00004900  _EPwm10Regs                           
1     00004a00  _EPwm11Regs                           
1     00004b00  _EPwm12Regs                           
1     00005000  _ECap1Regs                            
1     00005020  _ECap2Regs                            
1     00005040  _ECap3Regs                            
1     00005060  _ECap4Regs                            
1     00005080  _ECap5Regs                            
1     000050a0  _ECap6Regs                            
1     00005100  _EQep1Regs                            
1     00005140  _EQep2Regs                            
1     00005180  _EQep3Regs                            
1     00005c00  _DacaRegs                             
1     00005c10  _DacbRegs                             
1     00005c20  _DaccRegs                             
1     00005c80  _Cmpss1Regs                           
1     00005ca0  _Cmpss2Regs                           
1     00005cc0  _Cmpss3Regs                           
1     00005ce0  _Cmpss4Regs                           
1     00005d00  _Cmpss5Regs                           
1     00005d20  _Cmpss6Regs                           
1     00005d40  _Cmpss7Regs                           
1     00005d60  _Cmpss8Regs                           
1     00005e00  _Sdfm1Regs                            
1     00005e80  _Sdfm2Regs                            
1     00006000  _McbspaRegs                           
1     00006040  _McbspbRegs                           
1     00006100  _SpiaRegs                             
1     00006110  _SpibRegs                             
1     00006120  _SpicRegs                             
1     00006200  _UppRegs                              
1     00007000  _WdRegs                               
1     00007060  _NmiIntruptRegs                       
1     00007070  _XintRegs                             
1     00007200  _SciaRegs                             
1     00007210  _ScibRegs                             
1     00007220  _ScicRegs                             
1     00007230  _ScidRegs                             
1     00007300  _I2caRegs                             
1     00007340  _I2cbRegs                             
1     00007400  _AdcaRegs                             
1     00007480  _AdcbRegs                             
1     00007500  _AdccRegs                             
1     00007580  _AdcdRegs                             
1     00007900  _InputXbarRegs                        
1     00007920  _XbarRegs                             
1     00007940  _SyncSocRegs                          
1     00007980  _DmaClaSrcSelRegs                     
1     00007a00  _EPwmXbarRegs                         
1     00007a80  _OutputXbarRegs                       
1     00007c00  _GpioCtrlRegs                         
1     00007f00  _GpioDataRegs                         
1     00008802  _g_psSPEInstance                      
1     00008804  _st_USBHSampleTimer                   
1     00008840  _st_Usb4000                           
1     00009882  _st_MainBoard                         
1     0000988e  _st_StdbusMaster                      
1     0000a04e  _st_SoftTimerList                     
1     0000a078  _tempSensor_tempOffset                
1     0000a07a  _tempSensor_scaleFactor               
1     0000a07c  _tempSensor_tempSlope                 
1     0000a07e  __lock                                
1     0000a080  _COM2                                 
1     0000a0a0  _COM1                                 
1     0000a0c0  _COM4                                 
1     0000a0e0  _COM3                                 
1     0000a310  _g_bUSBTimerInitialized               
1     0000a312  _g_ui32CurrentUSBTick                 
1     0000a314  _g_ui32USBSOFCount                    
1     0000a316  _g_pfnTickHandlers                    
1     0000a322  _g_pvTickInstance                     
1     0000a32f  _g_iUSBMode                           
1     0000a330  _g_eOTGModeState                      
1     0000a334  _g_ui32PollRate                       
1     0000a336  _g_ui32WaitTicks                      
1     0000a338  ___TI_enable_exit_profile_output      
1     0000a33a  ___TI_cleanup_ptr                     
1     0000a33c  ___TI_dtors_ptr                       
1     0000a33e  __unlock                              
1     0000a340  _st_PC                                
1     0000a380  _st_StdbusSlave                       
1     0000a424  _st_StdbusHost                        
1     0000a42a  _ast_PortList                         
1     0000a43e  _deviceOpen                           
1     0000a43f  _errno                                
1     0000a440  _g_eCurrentUSBMode                    
1     0000a441  _g_eState                             
1     0000a442  _st_USBHTimeOut                       
1     0000a480  _g_pHCDPool                           
1     0000a58c  _CpuTimer1                            
1     0000a594  _CpuTimer2                            
1     0000a59c  _CpuTimer0                            
1     0000a5c0  _g_ppsDevInfo                         
1     0000a5c4  _g_psDCDInst                          
1     0000a640  _SCI                                  
1     0000a644  _MCBSP                                
1     0000a648  _I2C                                  
1     0000a64c  _SDFM                                 
1     0000a652  _EQEP                                 
1     0000a65a  _SPI                                  
1     0000a662  _ADC                                  
1     0000a66c  _ECAP                                 
1     0000a680  _EPWM                                 
1     0000a69a  _TRIP_SEL                             
1     0003fc00  _g_asIPCCPU1toCPU2Buffers             
1     0003fc80  _g_usPutWriteIndexes                  
1     0003fc84  _g_usGetReadIndexes                   
1     00047000  _Emif1Regs                            
1     00047800  _Emif2Regs                            
1     00048000  _CanaRegs                             
1     0004a000  _CanbRegs                             
1     00050000  _IpcRegs                              
1     00050024  _FlashPumpSemaphoreRegs               
1     0005d000  _DevCfgRegs                           
1     0005d180  _AnalogSubsysRegs                     
1     0005d200  _ClkCfgRegs                           
1     0005d300  _CpuSysRegs                           
1     0005e608  _RomPrefetchRegs                      
1     0005f000  _DcsmZ1Regs                           
1     0005f040  _DcsmZ2Regs                           
1     0005f070  _DcsmCommonRegs                       
1     0005f400  _MemCfgRegs                           
1     0005f480  _Emif1ConfigRegs                      
1     0005f4a0  _Emif2ConfigRegs                      
1     0005f4c0  _AccessProtectionRegs                 
1     0005f500  _MemoryErrorRegs                      
1     0005f540  _RomWaitStateRegs                     
1     0005f800  _Flash0CtrlRegs                       
1     0005fb00  _Flash0EccRegs                        
1     00078000  _DcsmZ1Otp                            
1     00078200  _DcsmZ2Otp                            
abs   0000003f  _RamfuncsLoadSize                     
abs   0000003f  _RamfuncsRunSize                      
abs   00000200  __STACK_SIZE                          
abs   ffffffff  .text                                 
abs   ffffffff  ___TI_pprof_out_hndl                  
abs   ffffffff  ___TI_prof_data_size                  
abs   ffffffff  ___TI_prof_data_start                 
abs   ffffffff  ___binit__                            
abs   ffffffff  ___c_args__                           
abs   ffffffff  ___etext__                            
abs   ffffffff  ___pinit__                            
abs   ffffffff  ___text__                             
abs   ffffffff  binit                                 
abs   ffffffff  etext                                 
abs   ffffffff  pinit                                 

[743 symbols]
